Archive member included to satisfy reference by file (symbol)

app/libapp.a(main.c.obj)      (--whole-archive)
app/libapp.a(nn.c.obj)        (--whole-archive)
app/libapp.a(multiply.c.obj)  (--whole-archive)
zephyr/libzephyr.a(cbprintf.c.obj)
                              (--whole-archive)
zephyr/libzephyr.a(cbprintf_packaged.c.obj)
                              (--whole-archive)
zephyr/libzephyr.a(crc32c_sw.c.obj)
                              (--whole-archive)
zephyr/libzephyr.a(crc32_sw.c.obj)
                              (--whole-archive)
zephyr/libzephyr.a(crc16_sw.c.obj)
                              (--whole-archive)
zephyr/libzephyr.a(crc8_sw.c.obj)
                              (--whole-archive)
zephyr/libzephyr.a(crc7_sw.c.obj)
                              (--whole-archive)
zephyr/libzephyr.a(dec.c.obj)
                              (--whole-archive)
zephyr/libzephyr.a(fdtable.c.obj)
                              (--whole-archive)
zephyr/libzephyr.a(hex.c.obj)
                              (--whole-archive)
zephyr/libzephyr.a(notify.c.obj)
                              (--whole-archive)
zephyr/libzephyr.a(printk.c.obj)
                              (--whole-archive)
zephyr/libzephyr.a(onoff.c.obj)
                              (--whole-archive)
zephyr/libzephyr.a(rb.c.obj)  (--whole-archive)
zephyr/libzephyr.a(sem.c.obj)
                              (--whole-archive)
zephyr/libzephyr.a(thread_entry.c.obj)
                              (--whole-archive)
zephyr/libzephyr.a(timeutil.c.obj)
                              (--whole-archive)
zephyr/libzephyr.a(heap.c.obj)
                              (--whole-archive)
zephyr/libzephyr.a(heap-validate.c.obj)
                              (--whole-archive)
zephyr/libzephyr.a(bitarray.c.obj)
                              (--whole-archive)
zephyr/libzephyr.a(cbprintf_complete.c.obj)
                              (--whole-archive)
zephyr/libzephyr.a(configs.c.obj)
                              (--whole-archive)
zephyr/libzephyr.a(soc_irq.S.obj)
                              (--whole-archive)
zephyr/libzephyr.a(vector.S.obj)
                              (--whole-archive)
zephyr/libzephyr.a(irq.c.obj)
                              (--whole-archive)
zephyr/libzephyr.a(soc.c.obj)
                              (--whole-archive)
zephyr/libzephyr.a(tracing_none.c.obj)
                              (--whole-archive)
zephyr/arch/common/libarch__common.a(sw_isr_common.c.obj)
                              (--whole-archive)
zephyr/arch/arch/riscv/core/libarch__riscv__core.a(cpu_idle.c.obj)
                              (--whole-archive)
zephyr/arch/arch/riscv/core/libarch__riscv__core.a(fatal.c.obj)
                              (--whole-archive)
zephyr/arch/arch/riscv/core/libarch__riscv__core.a(irq_manage.c.obj)
                              (--whole-archive)
zephyr/arch/arch/riscv/core/libarch__riscv__core.a(isr.S.obj)
                              (--whole-archive)
zephyr/arch/arch/riscv/core/libarch__riscv__core.a(prep_c.c.obj)
                              (--whole-archive)
zephyr/arch/arch/riscv/core/libarch__riscv__core.a(reboot.c.obj)
                              (--whole-archive)
zephyr/arch/arch/riscv/core/libarch__riscv__core.a(reset.S.obj)
                              (--whole-archive)
zephyr/arch/arch/riscv/core/libarch__riscv__core.a(swap.S.obj)
                              (--whole-archive)
zephyr/arch/arch/riscv/core/libarch__riscv__core.a(thread.c.obj)
                              (--whole-archive)
zephyr/lib/libc/newlib/liblib__libc__newlib.a(libc-hooks.c.obj)
                              (--whole-archive)
zephyr/lib/posix/liblib__posix.a(pthread_common.c.obj)
                              (--whole-archive)
zephyr/lib/posix/liblib__posix.a(nanosleep.c.obj)
                              (--whole-archive)
zephyr/subsys/random/libsubsys__random.a(rand32_timer.c.obj)
                              (--whole-archive)
zephyr/drivers/interrupt_controller/libdrivers__interrupt_controller.a(intc_swerv_pic.c.obj)
                              (--whole-archive)
zephyr/drivers/console/libdrivers__console.a(uart_console.c.obj)
                              (--whole-archive)
zephyr/drivers/gpio/libdrivers__gpio.a(gpio_mmio32.c.obj)
                              (--whole-archive)
zephyr/drivers/gpio/libdrivers__gpio.a(gpio_veerwolf.c.obj)
                              (--whole-archive)
zephyr/drivers/serial/libdrivers__serial.a(uart_ns16550.c.obj)
                              (--whole-archive)
zephyr/drivers/timer/libdrivers__timer.a(sys_clock_init.c.obj)
                              (--whole-archive)
zephyr/drivers/timer/libdrivers__timer.a(riscv_machine_timer.c.obj)
                              (--whole-archive)
zephyr/kernel/libkernel.a(device.c.obj)
                              zephyr/drivers/console/libdrivers__console.a(uart_console.c.obj) (z_device_ready)
zephyr/kernel/libkernel.a(errno.c.obj)
[...]
Memory Configuration

Name             Origin             Length             Attributes
RAM              0x0000000000000000 0x0000000000800000 xrw
IDT_LIST         0x00000000fffff7ff 0x0000000000000800 xw
*default*        0x0000000000000000 0xffffffffffffffff

Linker script and memory map

LOAD zephyr/CMakeFiles/zephyr_final.dir/misc/empty_file.c.obj
LOAD zephyr/CMakeFiles/zephyr_final.dir/isr_tables.c.obj
LOAD zephyr/CMakeFiles/zephyr_final.dir/dev_handles.c.obj
LOAD zephyr/CMakeFiles/offsets.dir/./arch/riscv/core/offsets/offsets.c.obj

.rel.plt        0x0000000000000000        0x0
 *(SORT_BY_ALIGNMENT(.rel.plt))
                [!provide]                        PROVIDE (__rel_iplt_start = .)
 *(SORT_BY_ALIGNMENT(.rel.iplt))
                [!provide]                        PROVIDE (__rel_iplt_end = .)

.rela.plt       0x0000000000000000        0x0
 *(SORT_BY_ALIGNMENT(.rela.plt))
                [!provide]                        PROVIDE (__rela_iplt_start = .)
 *(SORT_BY_ALIGNMENT(.rela.iplt))
                [!provide]                        PROVIDE (__rela_iplt_end = .)

.rel.dyn
 *(SORT_BY_ALIGNMENT(.rel.*))

.rela.dyn       0x0000000000000000        0x0
 *(SORT_BY_ALIGNMENT(.rela.*))
 .rela.sdata._char_out
                0x0000000000000000        0x0 zephyr/CMakeFiles/zephyr_final.dir/isr_tables.c.obj
 .rela.exception.entry.__irq_wrapper
                0x0000000000000000        0x0 zephyr/CMakeFiles/zephyr_final.dir/isr_tables.c.obj
 .rela.text._sbrk
                0x0000000000000000        0x0 zephyr/CMakeFiles/zephyr_final.dir/isr_tables.c.obj
 .rela.rodata.levels.0
                0x0000000000000000        0x0 zephyr/CMakeFiles/zephyr_final.dir/isr_tables.c.obj
 .rela.text.k_sys_fatal_error_handler
                0x0000000000000000        0x0 zephyr/CMakeFiles/zephyr_final.dir/isr_tables.c.obj
 .rela.text.z_fatal_error
                0x0000000000000000        0x0 zephyr/CMakeFiles/zephyr_final.dir/isr_tables.c.obj
 .rela.text.z_bss_zero
                0x0000000000000000        0x0 zephyr/CMakeFiles/zephyr_final.dir/isr_tables.c.obj
 .rela.text.z_init_static_threads
                0x0000000000000000        0x0 zephyr/CMakeFiles/zephyr_final.dir/isr_tables.c.obj
 .rela.text.idle
                0x0000000000000000        0x0 zephyr/CMakeFiles/zephyr_final.dir/isr_tables.c.obj
 .rela.text.statics_init
                0x0000000000000000        0x0 zephyr/CMakeFiles/zephyr_final.dir/isr_tables.c.obj
 .rela.text.exp
                0x0000000000000000        0x0 zephyr/CMakeFiles/zephyr_final.dir/isr_tables.c.obj
 .rela.text._vfprintf_r
                0x0000000000000000        0x0 zephyr/CMakeFiles/zephyr_final.dir/isr_tables.c.obj
 .rela.text.abort
                0x0000000000000000        0x0 zephyr/CMakeFiles/zephyr_final.dir/isr_tables.c.obj

.plt
 *(SORT_BY_ALIGNMENT(.plt))

.iplt
 *(SORT_BY_ALIGNMENT(.iplt))
                0x0000000000000000                __rom_region_start = 0x0

vector          0x0000000000000000       0x24
                0x0000000000000000                . = ALIGN (0x4)
 *(SORT_BY_ALIGNMENT(.vectors.*))
 .vectors.__start
                0x0000000000000000       0x24 zephyr/libzephyr.a(vector.S.obj)
                0x0000000000000000                __start

rom_start       0x0000000000000024        0xc
                0x0000000000000030                . = ALIGN (0x10)
 *fill*         0x0000000000000024        0xc 

reset
 *(SORT_BY_ALIGNMENT(.reset.*))

exceptions      0x0000000000000030      0x2c0
 *(SORT_BY_ALIGNMENT(.exception.entry.*))
 .exception.entry.__irq_wrapper
                0x0000000000000030      0x270 zephyr/arch/arch/riscv/core/libarch__riscv__core.a(isr.S.obj)
                0x0000000000000030                __irq_wrapper
 *(SORT_BY_ALIGNMENT(.exception.other.*))
 .exception.other.__soc_handle_irq
                0x00000000000002a0       0x10 zephyr/libzephyr.a(soc_irq.S.obj)
                0x00000000000002a0                __soc_handle_irq
 .exception.other.__soc_is_irq
                0x00000000000002b0       0x1c zephyr/libzephyr.a(soc_irq.S.obj)
                0x00000000000002b0                __soc_is_irq
 .exception.other.arch_swap
                0x00000000000002cc       0x24 zephyr/arch/arch/riscv/core/libarch__riscv__core.a(swap.S.obj)
                0x00000000000002cc                arch_swap

text            0x00000000000002f0     0xca80
                0x00000000000002f0                . = ALIGN (0x4)
 *(SORT_BY_ALIGNMENT(.openocd_debug))
 *(SORT_BY_ALIGNMENT(.openocd_debug.*))
                0x00000000000002f0                __text_region_start = .
 *(SORT_BY_ALIGNMENT(.text))
 .text          0x00000000000002f0       0x4c /home/rui/zephyr-sdk-0.13.1/riscv64-zephyr-elf/bin/../lib/gcc/riscv64-zephyr-elf/10.3.0/libgcc.a(_clzsi2.o)
                0x00000000000002f0                __clzsi2
 .text          0x000000000000033c      0x434 /home/rui/zephyr-sdk-0.13.1/riscv64-zephyr-elf/bin/../lib/gcc/riscv64-zephyr-elf/10.3.0/libgcc.a(_udivdi3.o)
                0x000000000000033c                __udivdi3
 .text          0x0000000000000770      0x404 /home/rui/zephyr-sdk-0.13.1/riscv64-zephyr-elf/bin/../lib/gcc/riscv64-zephyr-elf/10.3.0/libgcc.a(_umoddi3.o)
                0x0000000000000770                __umoddi3
 .text          0x0000000000000b74      0x7d8 /home/rui/zephyr-sdk-0.13.1/riscv64-zephyr-elf/bin/../lib/gcc/riscv64-zephyr-elf/10.3.0/libgcc.a(adddf3.o)
                0x0000000000000b74                __adddf3
 .text          0x000000000000134c      0x6e0 /home/rui/zephyr-sdk-0.13.1/riscv64-zephyr-elf/bin/../lib/gcc/riscv64-zephyr-elf/10.3.0/libgcc.a(divdf3.o)
                0x000000000000134c                __divdf3
 .text          0x0000000000001a2c      0x5c8 /home/rui/zephyr-sdk-0.13.1/riscv64-zephyr-elf/bin/../lib/gcc/riscv64-zephyr-elf/10.3.0/libgcc.a(muldf3.o)
                0x0000000000001a2c                __muldf3
 .text          0x0000000000001ff4      0x7ec /home/rui/zephyr-sdk-0.13.1/riscv64-zephyr-elf/bin/../lib/gcc/riscv64-zephyr-elf/10.3.0/libgcc.a(subdf3.o)
                0x0000000000001ff4                __subdf3
 .text          0x00000000000027e0       0x80 /home/rui/zephyr-sdk-0.13.1/riscv64-zephyr-elf/bin/../lib/gcc/riscv64-zephyr-elf/10.3.0/libgcc.a(floatunsidf.o)
                0x00000000000027e0                __floatunsidf
 .text          0x0000000000002860       0xb4 /home/rui/zephyr-sdk-0.13.1/riscv64-zephyr-elf/bin/../lib/gcc/riscv64-zephyr-elf/10.3.0/libgcc.a(gesf2.o)
                0x0000000000002860                __gtsf2
                0x0000000000002860                __gesf2
 .text          0x0000000000002914       0xb4 /home/rui/zephyr-sdk-0.13.1/riscv64-zephyr-elf/bin/../lib/gcc/riscv64-zephyr-elf/10.3.0/libgcc.a(lesf2.o)
                0x0000000000002914                __lesf2
                0x0000000000002914                __ltsf2
 .text          0x00000000000029c8      0x304 /home/rui/zephyr-sdk-0.13.1/riscv64-zephyr-elf/bin/../lib/gcc/riscv64-zephyr-elf/10.3.0/libgcc.a(mulsf3.o)
                0x00000000000029c8                __mulsf3
 .text          0x0000000000002ccc      0x46c /home/rui/zephyr-sdk-0.13.1/riscv64-zephyr-elf/bin/../lib/gcc/riscv64-zephyr-elf/10.3.0/libgcc.a(subsf3.o)
                0x0000000000002ccc                __subsf3
 .text          0x0000000000003138      0x108 /home/rui/zephyr-sdk-0.13.1/riscv64-zephyr-elf/bin/../lib/gcc/riscv64-zephyr-elf/10.3.0/libgcc.a(floatsisf.o)
                0x0000000000003138                __floatsisf
 .text          0x0000000000003240       0xdc /home/rui/zephyr-sdk-0.13.1/riscv64-zephyr-elf/bin/../lib/gcc/riscv64-zephyr-elf/10.3.0/libgcc.a(extendsfdf2.o)
                0x0000000000003240                __extendsfdf2
 .text          0x000000000000331c      0x184 /home/rui/zephyr-sdk-0.13.1/riscv64-zephyr-elf/bin/../lib/gcc/riscv64-zephyr-elf/10.3.0/libgcc.a(truncdfsf2.o)
                0x000000000000331c                __truncdfsf2
 .text          0x00000000000034a0       0x24 /home/rui/zephyr-sdk-0.13.1/riscv64-zephyr-elf/riscv64-zephyr-elf/lib/./libc_nano.a(lib_a-memcpy-asm.o)
                0x00000000000034a0                memcpy
 .text          0x00000000000034c4       0x1c /home/rui/zephyr-sdk-0.13.1/riscv64-zephyr-elf/riscv64-zephyr-elf/lib/./libc_nano.a(lib_a-memset.o)
                0x00000000000034c4                memset
 .text          0x00000000000034e0       0x8c /home/rui/zephyr-sdk-0.13.1/riscv64-zephyr-elf/bin/../lib/gcc/riscv64-zephyr-elf/10.3.0/libgcc.a(eqdf2.o)
                0x00000000000034e0                __eqdf2
                0x00000000000034e0                __nedf2
 .text          0x000000000000356c       0xe4 /home/rui/zephyr-sdk-0.13.1/riscv64-zephyr-elf/bin/../lib/gcc/riscv64-zephyr-elf/10.3.0/libgcc.a(gedf2.o)
                0x000000000000356c                __gtdf2
                0x000000000000356c                __gedf2
 .text          0x0000000000003650       0xe4 /home/rui/zephyr-sdk-0.13.1/riscv64-zephyr-elf/bin/../lib/gcc/riscv64-zephyr-elf/10.3.0/libgcc.a(ledf2.o)
                0x0000000000003650                __ltdf2
                0x0000000000003650                __ledf2
 .text          0x0000000000003734       0x4c /home/rui/zephyr-sdk-0.13.1/riscv64-zephyr-elf/bin/../lib/gcc/riscv64-zephyr-elf/10.3.0/libgcc.a(unorddf2.o)
                0x0000000000003734                __unorddf2
 .text          0x0000000000003780       0x80 /home/rui/zephyr-sdk-0.13.1/riscv64-zephyr-elf/bin/../lib/gcc/riscv64-zephyr-elf/10.3.0/libgcc.a(fixdfsi.o)
                0x0000000000003780                __fixdfsi
 .text          0x0000000000003800       0xa8 /home/rui/zephyr-sdk-0.13.1/riscv64-zephyr-elf/bin/../lib/gcc/riscv64-zephyr-elf/10.3.0/libgcc.a(floatsidf.o)
                0x0000000000003800                __floatsidf
 .text          0x00000000000038a8      0x360 /home/rui/zephyr-sdk-0.13.1/riscv64-zephyr-elf/bin/../lib/gcc/riscv64-zephyr-elf/10.3.0/libgcc.a(trunctfdf2.o)
                0x00000000000038a8                __trunctfdf2
 *(SORT_BY_ALIGNMENT(.text.*))
 .text._OffsetAbsSyms
                0x0000000000003c08        0x4 zephyr/CMakeFiles/offsets.dir/./arch/riscv/core/offsets/offsets.c.obj
                0x0000000000003c08                _OffsetAbsSyms
 .text.my_isr   0x0000000000003c0c       0x1c app/libapp.a(main.c.obj)
                0x0000000000003c0c                my_isr
 .text.dot      0x0000000000003c28      0x14c app/libapp.a(main.c.obj)
                0x0000000000003c28                dot
 .text.thread_accelerator
                0x0000000000003d74       0x70 app/libapp.a(main.c.obj)
                0x0000000000003d74                thread_accelerator
 .text.my_isr_installer
                0x0000000000003de4       0x24 app/libapp.a(main.c.obj)
                0x0000000000003de4                my_isr_installer
 .text.main     0x0000000000003e08      0x24c app/libapp.a(main.c.obj)
                0x0000000000003e08                main
 .text.send_msg
                0x0000000000004054       0x94 app/libapp.a(main.c.obj)
                0x0000000000004054                send_msg
 .text.thread_software
                0x00000000000040e8      0x27c app/libapp.a(main.c.obj)
                0x00000000000040e8                thread_software
 .text.relu     0x0000000000004364       0x60 app/libapp.a(nn.c.obj)
                0x0000000000004364                relu
 .text.softmax  0x00000000000043c4      0x130 app/libapp.a(nn.c.obj)
                0x00000000000043c4                softmax
 .text.get_prediction
                0x00000000000044f4       0x8c app/libapp.a(nn.c.obj)
                0x00000000000044f4                get_prediction
 .text.multiply_mat_hw
                0x0000000000004580       0x28 app/libapp.a(multiply.c.obj)
                0x0000000000004580                multiply_mat_hw
 .text.arch_printk_char_out
                0x00000000000045a8        0x8 zephyr/libzephyr.a(printk.c.obj)
                0x00000000000045a8                arch_printk_char_out
 .text.char_out
                0x00000000000045b0       0x18 zephyr/libzephyr.a(printk.c.obj)
 .text.str_out  0x00000000000045c8       0x40 zephyr/libzephyr.a(printk.c.obj)
 .text.__printk_hook_install
                0x0000000000004608        0xc zephyr/libzephyr.a(printk.c.obj)
                0x0000000000004608                __printk_hook_install
 .text.vprintk  0x0000000000004614       0x30 zephyr/libzephyr.a(printk.c.obj)
                0x0000000000004614                vprintk
 .text.printk   0x0000000000004644       0x3c zephyr/libzephyr.a(printk.c.obj)
                0x0000000000004644                printk
 .text.vsnprintk
                0x0000000000004680       0x50 zephyr/libzephyr.a(printk.c.obj)
                0x0000000000004680                vsnprintk
 .text.snprintk
                0x00000000000046d0       0x34 zephyr/libzephyr.a(printk.c.obj)
                0x00000000000046d0                snprintk
 .text.z_thread_entry
                0x0000000000004704       0x24 zephyr/libzephyr.a(thread_entry.c.obj)
                0x0000000000004704                z_thread_entry
 .text.chunk_field
                0x0000000000004728       0x34 zephyr/libzephyr.a(heap.c.obj)
 .text.chunk_set
                0x000000000000475c       0x34 zephyr/libzephyr.a(heap.c.obj)
 .text.chunk_size
                0x0000000000004790       0x20 zephyr/libzephyr.a(heap.c.obj)
 .text.set_chunk_used
                0x00000000000047b0       0x4c zephyr/libzephyr.a(heap.c.obj)
 .text.set_chunk_size
                0x00000000000047fc        0xc zephyr/libzephyr.a(heap.c.obj)
 .text.bucket_idx.isra.0
                0x0000000000004808       0x44 zephyr/libzephyr.a(heap.c.obj)
 .text.free_list_add
                0x000000000000484c      0x128 zephyr/libzephyr.a(heap.c.obj)
 .text.sys_heap_init
                0x0000000000004974      0x13c zephyr/libzephyr.a(heap.c.obj)
                0x0000000000004974                sys_heap_init
 .text.extract_decimal
                0x0000000000004ab0       0x48 zephyr/libzephyr.a(cbprintf_complete.c.obj)
 .text.encode_uint
                0x0000000000004af8      0x16c zephyr/libzephyr.a(cbprintf_complete.c.obj)
 .text.outs     0x0000000000004c64       0x78 zephyr/libzephyr.a(cbprintf_complete.c.obj)
 .text.cbvprintf
                0x0000000000004cdc      0xa7c zephyr/libzephyr.a(cbprintf_complete.c.obj)
                0x0000000000004cdc                cbvprintf
 .text._ConfigAbsSyms
                0x0000000000005758        0x4 zephyr/libzephyr.a(configs.c.obj)
                0x0000000000005758                _ConfigAbsSyms
 .text.soc_interrupt_init
                0x000000000000575c       0x14 zephyr/libzephyr.a(irq.c.obj)
                0x000000000000575c                soc_interrupt_init
 .text.fix_baud_rate
                0x0000000000005770       0x58 zephyr/libzephyr.a(soc.c.obj)
 .text.arch_cpu_idle
                0x00000000000057c8        0xc zephyr/arch/arch/riscv/core/libarch__riscv__core.a(cpu_idle.c.obj)
                0x00000000000057c8                arch_cpu_idle
 .text.z_riscv_fatal_error
                0x00000000000057d4        0xc zephyr/arch/arch/riscv/core/libarch__riscv__core.a(fatal.c.obj)
                0x00000000000057d4                z_riscv_fatal_error
 .text._Fault   0x00000000000057e0       0x1c zephyr/arch/arch/riscv/core/libarch__riscv__core.a(fatal.c.obj)
                0x00000000000057e0                _Fault
 .text.z_irq_spurious
                0x00000000000057fc       0x18 zephyr/arch/arch/riscv/core/libarch__riscv__core.a(irq_manage.c.obj)
                0x00000000000057fc                z_irq_spurious
 .text._PrepC   0x0000000000005814       0x14 zephyr/arch/arch/riscv/core/libarch__riscv__core.a(prep_c.c.obj)
                0x0000000000005814                _PrepC
 .text.__initialize
                0x0000000000005828       0x2c zephyr/arch/arch/riscv/core/libarch__riscv__core.a(reset.S.obj)
                0x0000000000005828                __initialize
 .text.z_thread_entry_wrapper
                0x0000000000005854        0x4 zephyr/arch/arch/riscv/core/libarch__riscv__core.a(swap.S.obj)
                0x0000000000005854                z_thread_entry_wrapper
 .text.arch_new_thread
                0x0000000000005858       0x38 zephyr/arch/arch/riscv/core/libarch__riscv__core.a(thread.c.obj)
                0x0000000000005858                arch_new_thread
 .text.malloc_prepare
                0x0000000000005890        0x8 zephyr/lib/libc/newlib/liblib__libc__newlib.a(libc-hooks.c.obj)
 .text._stdout_hook_default
                0x0000000000005898        0x8 zephyr/lib/libc/newlib/liblib__libc__newlib.a(libc-hooks.c.obj)
 .text._stdin_hook_default
                0x00000000000058a0        0x8 zephyr/lib/libc/newlib/liblib__libc__newlib.a(libc-hooks.c.obj)
 .text.__stdout_hook_install
                0x00000000000058a8        0xc zephyr/lib/libc/newlib/liblib__libc__newlib.a(libc-hooks.c.obj)
                0x00000000000058a8                __stdout_hook_install
 .text.z_impl_zephyr_read_stdin
                0x00000000000058b4       0x80 zephyr/lib/libc/newlib/liblib__libc__newlib.a(libc-hooks.c.obj)
                0x00000000000058b4                z_impl_zephyr_read_stdin
 .text.z_impl_zephyr_write_stdout
                0x0000000000005934       0x98 zephyr/lib/libc/newlib/liblib__libc__newlib.a(libc-hooks.c.obj)
                0x0000000000005934                z_impl_zephyr_write_stdout
 .text._read    0x00000000000059cc        0xc zephyr/lib/libc/newlib/liblib__libc__newlib.a(libc-hooks.c.obj)
                0x00000000000059cc                read
                0x00000000000059cc                _read
 .text._write   0x00000000000059d8        0xc zephyr/lib/libc/newlib/liblib__libc__newlib.a(libc-hooks.c.obj)
                0x00000000000059d8                write
                0x00000000000059d8                _write
 .text._close   0x00000000000059e4        0x8 zephyr/lib/libc/newlib/liblib__libc__newlib.a(libc-hooks.c.obj)
                0x00000000000059e4                close
                0x00000000000059e4                _close
 .text._lseek   0x00000000000059ec        0x8 zephyr/lib/libc/newlib/liblib__libc__newlib.a(libc-hooks.c.obj)
                0x00000000000059ec                lseek
                0x00000000000059ec                _lseek
 .text._isatty  0x00000000000059f4        0x8 zephyr/lib/libc/newlib/liblib__libc__newlib.a(libc-hooks.c.obj)
                0x00000000000059f4                isatty
                0x00000000000059f4                _isatty
 .text._kill    0x00000000000059fc        0x8 zephyr/lib/libc/newlib/liblib__libc__newlib.a(libc-hooks.c.obj)
                0x00000000000059fc                kill
                0x00000000000059fc                _kill
 .text._getpid  0x0000000000005a04        0x8 zephyr/lib/libc/newlib/liblib__libc__newlib.a(libc-hooks.c.obj)
                0x0000000000005a04                _getpid
                0x0000000000005a04                getpid
 .text._fstat   0x0000000000005a0c       0x10 zephyr/lib/libc/newlib/liblib__libc__newlib.a(libc-hooks.c.obj)
                0x0000000000005a0c                _fstat
                0x0000000000005a0c                fstat
 .text._exit    0x0000000000005a1c       0x1c zephyr/lib/libc/newlib/liblib__libc__newlib.a(libc-hooks.c.obj)
                0x0000000000005a1c                _exit
 .text._sbrk    0x0000000000005a38       0x38 zephyr/lib/libc/newlib/liblib__libc__newlib.a(libc-hooks.c.obj)
                0x0000000000005a38                _sbrk
                0x0000000000005a38                sbrk
 .text.__retarget_lock_init_recursive
                0x0000000000005a70       0x2c zephyr/lib/libc/newlib/liblib__libc__newlib.a(libc-hooks.c.obj)
                0x0000000000005a70                __retarget_lock_init_recursive
 .text.__retarget_lock_acquire_recursive
                0x0000000000005a9c        0xc zephyr/lib/libc/newlib/liblib__libc__newlib.a(libc-hooks.c.obj)
                0x0000000000005a9c                __retarget_lock_acquire_recursive
 .text.__retarget_lock_release_recursive
                0x0000000000005aa8        0x4 zephyr/lib/libc/newlib/liblib__libc__newlib.a(libc-hooks.c.obj)
                0x0000000000005aa8                __retarget_lock_release_recursive
 .text.__errno  0x0000000000005aac        0x4 zephyr/lib/libc/newlib/liblib__libc__newlib.a(libc-hooks.c.obj)
                0x0000000000005aac                __errno
 .text.swerv_pic_init
                0x0000000000005ab0       0x8c zephyr/drivers/interrupt_controller/libdrivers__interrupt_controller.a(intc_swerv_pic.c.obj)
 .text.swerv_pic_irq_handler
                0x0000000000005b3c       0x88 zephyr/drivers/interrupt_controller/libdrivers__interrupt_controller.a(intc_swerv_pic.c.obj)
 .text.swerv_pic_irq_enable
                0x0000000000005bc4       0x38 zephyr/drivers/interrupt_controller/libdrivers__interrupt_controller.a(intc_swerv_pic.c.obj)
                0x0000000000005bc4                swerv_pic_irq_enable
 .text.arch_irq_enable
                0x0000000000005bfc       0x1c zephyr/drivers/interrupt_controller/libdrivers__interrupt_controller.a(intc_swerv_pic.c.obj)
                0x0000000000005bfc                arch_irq_enable
 .text.uart_console_init
                0x0000000000005c18       0x58 zephyr/drivers/console/libdrivers__console.a(uart_console.c.obj)
 .text.console_out
                0x0000000000005c70       0x64 zephyr/drivers/console/libdrivers__console.a(uart_console.c.obj)
 .text.gpio_mmio32_config
                0x0000000000005cd4       0x98 zephyr/drivers/gpio/libdrivers__gpio.a(gpio_mmio32.c.obj)
 .text.gpio_mmio32_port_get_raw
                0x0000000000005d6c       0x24 zephyr/drivers/gpio/libdrivers__gpio.a(gpio_mmio32.c.obj)
 .text.gpio_mmio32_port_set_masked_raw
                0x0000000000005d90       0x40 zephyr/drivers/gpio/libdrivers__gpio.a(gpio_mmio32.c.obj)
 .text.gpio_mmio32_port_set_bits_raw
                0x0000000000005dd0       0x38 zephyr/drivers/gpio/libdrivers__gpio.a(gpio_mmio32.c.obj)
 .text.gpio_mmio32_port_clear_bits_raw
                0x0000000000005e08       0x3c zephyr/drivers/gpio/libdrivers__gpio.a(gpio_mmio32.c.obj)
 .text.gpio_mmio32_port_toggle_bits
                0x0000000000005e44       0x38 zephyr/drivers/gpio/libdrivers__gpio.a(gpio_mmio32.c.obj)
 .text.gpio_mmio32_pin_interrupt_configure
                0x0000000000005e7c       0x14 zephyr/drivers/gpio/libdrivers__gpio.a(gpio_mmio32.c.obj)
 .text.gpio_mmio32_init
                0x0000000000005e90       0x14 zephyr/drivers/gpio/libdrivers__gpio.a(gpio_mmio32.c.obj)
                0x0000000000005e90                gpio_mmio32_init
 .text.gpio_veerwolf_init
                0x0000000000005ea4        0x8 zephyr/drivers/gpio/libdrivers__gpio.a(gpio_veerwolf.c.obj)
 .text.gpio_veerwolf_configure
                0x0000000000005eac        0x8 zephyr/drivers/gpio/libdrivers__gpio.a(gpio_veerwolf.c.obj)
 .text.gpio_veerwolf_port_get_raw
                0x0000000000005eb4       0x18 zephyr/drivers/gpio/libdrivers__gpio.a(gpio_veerwolf.c.obj)
 .text.gpio_veerwolf_port_set_masked_raw
                0x0000000000005ecc       0x24 zephyr/drivers/gpio/libdrivers__gpio.a(gpio_veerwolf.c.obj)
 .text.gpio_veerwolf_port_set_bits_raw
                0x0000000000005ef0       0x1c zephyr/drivers/gpio/libdrivers__gpio.a(gpio_veerwolf.c.obj)
 .text.gpio_veerwolf_port_clear_bits_raw
                0x0000000000005f0c       0x20 zephyr/drivers/gpio/libdrivers__gpio.a(gpio_veerwolf.c.obj)
 .text.gpio_veerwolf_port_toggle_bits
                0x0000000000005f2c       0x1c zephyr/drivers/gpio/libdrivers__gpio.a(gpio_veerwolf.c.obj)
 .text.gpio_veerwolf_pin_interrupt_configure
                0x0000000000005f48       0x14 zephyr/drivers/gpio/libdrivers__gpio.a(gpio_veerwolf.c.obj)
 .text.uart_ns16550_configure
                0x0000000000005f5c      0x130 zephyr/drivers/serial/libdrivers__serial.a(uart_ns16550.c.obj)
 .text.uart_ns16550_config_get
                0x000000000000608c       0x34 zephyr/drivers/serial/libdrivers__serial.a(uart_ns16550.c.obj)
 .text.uart_ns16550_init
                0x00000000000060c0        0x8 zephyr/drivers/serial/libdrivers__serial.a(uart_ns16550.c.obj)
 .text.uart_ns16550_poll_in
                0x00000000000060c8       0x38 zephyr/drivers/serial/libdrivers__serial.a(uart_ns16550.c.obj)
 .text.uart_ns16550_poll_out
                0x0000000000006100       0x30 zephyr/drivers/serial/libdrivers__serial.a(uart_ns16550.c.obj)
 .text.uart_ns16550_err_check
                0x0000000000006130       0x2c zephyr/drivers/serial/libdrivers__serial.a(uart_ns16550.c.obj)
 .text.mtime    0x000000000000615c       0x18 zephyr/drivers/timer/libdrivers__timer.a(riscv_machine_timer.c.obj)
 .text.timer_isr
                0x0000000000006174       0xfc zephyr/drivers/timer/libdrivers__timer.a(riscv_machine_timer.c.obj)
 .text.sys_clock_driver_init
                0x0000000000006270       0x7c zephyr/drivers/timer/libdrivers__timer.a(riscv_machine_timer.c.obj)
                0x0000000000006270                sys_clock_driver_init
 .text.sys_clock_set_timeout
                0x00000000000062ec        0x4 zephyr/drivers/timer/libdrivers__timer.a(riscv_machine_timer.c.obj)
                0x00000000000062ec                sys_clock_set_timeout
 .text.sys_clock_elapsed
                0x00000000000062f0        0x8 zephyr/drivers/timer/libdrivers__timer.a(riscv_machine_timer.c.obj)
                0x00000000000062f0                sys_clock_elapsed
 .text.z_device_state_init
                0x00000000000062f8        0x4 zephyr/kernel/libkernel.a(device.c.obj)
                0x00000000000062f8                z_device_state_init
 .text.z_sys_init_run_level
                0x00000000000062fc       0xa8 zephyr/kernel/libkernel.a(device.c.obj)
                0x00000000000062fc                z_sys_init_run_level
 .text.z_device_ready
                0x00000000000063a4       0x24 zephyr/kernel/libkernel.a(device.c.obj)
                0x00000000000063a4                z_device_ready
 .text.z_impl_z_errno
                0x00000000000063c8       0x10 zephyr/kernel/libkernel.a(errno.c.obj)
                0x00000000000063c8                z_impl_z_errno
 .text.arch_system_halt
                0x00000000000063d8        0xc zephyr/kernel/libkernel.a(fatal.c.obj)
                0x00000000000063d8                arch_system_halt
 .text.k_sys_fatal_error_handler
                0x00000000000063e4        0xc zephyr/kernel/libkernel.a(fatal.c.obj)
                0x00000000000063e4                k_sys_fatal_error_handler
 .text.z_fatal_error
                0x00000000000063f0       0x5c zephyr/kernel/libkernel.a(fatal.c.obj)
                0x00000000000063f0                z_fatal_error
 .text.init_idle_thread
                0x000000000000644c       0x88 zephyr/kernel/libkernel.a(init.c.obj)
 .text.bg_thread_main
                0x00000000000064d4       0x50 zephyr/kernel/libkernel.a(init.c.obj)
 .text.z_bss_zero
                0x0000000000006524       0x20 zephyr/kernel/libkernel.a(init.c.obj)
                0x0000000000006524                z_bss_zero
 .text.z_cstart
                0x0000000000006544       0xd8 zephyr/kernel/libkernel.a(init.c.obj)
                0x0000000000006544                z_cstart
 .text.z_impl_k_thread_name_set
                0x000000000000661c        0x8 zephyr/kernel/libkernel.a(thread.c.obj)
                0x000000000000661c                z_impl_k_thread_name_set
 .text.z_impl_k_thread_start
                0x0000000000006624        0x4 zephyr/kernel/libkernel.a(thread.c.obj)
                0x0000000000006624                z_impl_k_thread_start
 .text.z_setup_new_thread
                0x0000000000006628       0x84 zephyr/kernel/libkernel.a(thread.c.obj)
                0x0000000000006628                z_setup_new_thread
 .text.z_impl_k_thread_create
                0x00000000000066ac       0x84 zephyr/kernel/libkernel.a(thread.c.obj)
                0x00000000000066ac                z_impl_k_thread_create
 .text.z_init_static_threads
                0x0000000000006730      0x118 zephyr/kernel/libkernel.a(thread.c.obj)
                0x0000000000006730                z_init_static_threads
 .text.idle     0x0000000000006848       0x1c zephyr/kernel/libkernel.a(idle.c.obj)
                0x0000000000006848                idle
 .text.z_impl_k_msgq_put
                0x0000000000006864      0x118 zephyr/kernel/libkernel.a(msg_q.c.obj)
                0x0000000000006864                z_impl_k_msgq_put
 .text.z_impl_k_msgq_get
                0x000000000000697c      0x14c zephyr/kernel/libkernel.a(msg_q.c.obj)
                0x000000000000697c                z_impl_k_msgq_get
 .text.z_impl_k_msgq_peek
                0x0000000000006ac8       0x50 zephyr/kernel/libkernel.a(msg_q.c.obj)
                0x0000000000006ac8                z_impl_k_msgq_peek
 .text.adjust_owner_prio.isra.0
                0x0000000000006b18       0x14 zephyr/kernel/libkernel.a(mutex.c.obj)
 .text.z_impl_k_mutex_init
                0x0000000000006b2c       0x18 zephyr/kernel/libkernel.a(mutex.c.obj)
                0x0000000000006b2c                z_impl_k_mutex_init
 .text.z_impl_k_mutex_lock
                0x0000000000006b44      0x160 zephyr/kernel/libkernel.a(mutex.c.obj)
                0x0000000000006b44                z_impl_k_mutex_lock
 .text.z_impl_k_mutex_unlock
                0x0000000000006ca4       0xc8 zephyr/kernel/libkernel.a(mutex.c.obj)
                0x0000000000006ca4                z_impl_k_mutex_unlock
 .text.z_impl_k_sem_give
                0x0000000000006d6c       0x6c zephyr/kernel/libkernel.a(sem.c.obj)
                0x0000000000006d6c                z_impl_k_sem_give
 .text.z_impl_k_sem_take
                0x0000000000006dd8       0x54 zephyr/kernel/libkernel.a(sem.c.obj)
                0x0000000000006dd8                z_impl_k_sem_take
 .text.sys_dlist_remove
                0x0000000000006e2c       0x1c zephyr/kernel/libkernel.a(sched.c.obj)
 .text.unpend_thread_no_timeout
                0x0000000000006e48       0x34 zephyr/kernel/libkernel.a(sched.c.obj)
 .text.z_reset_time_slice
                0x0000000000006e7c       0x58 zephyr/kernel/libkernel.a(sched.c.obj)
                0x0000000000006e7c                z_reset_time_slice
 .text.k_sched_time_slice_set
                0x0000000000006ed4       0x7c zephyr/kernel/libkernel.a(sched.c.obj)
                0x0000000000006ed4                k_sched_time_slice_set
 .text.z_reschedule
                0x0000000000006f50       0x34 zephyr/kernel/libkernel.a(sched.c.obj)
                0x0000000000006f50                z_reschedule
 .text.z_reschedule_irqlock
                0x0000000000006f84       0x20 zephyr/kernel/libkernel.a(sched.c.obj)
                0x0000000000006f84                z_reschedule_irqlock
 .text.z_reschedule_unlocked
                0x0000000000006fa4       0x10 zephyr/kernel/libkernel.a(sched.c.obj)
 .text.k_sched_lock
                0x0000000000006fb4       0x28 zephyr/kernel/libkernel.a(sched.c.obj)
                0x0000000000006fb4                k_sched_lock
 .text.z_priq_dumb_best
                0x0000000000006fdc       0x14 zephyr/kernel/libkernel.a(sched.c.obj)
                0x0000000000006fdc                z_priq_dumb_best
 .text.update_cache
                0x0000000000006ff0       0x84 zephyr/kernel/libkernel.a(sched.c.obj)
 .text.move_thread_to_end_of_prio_q
                0x0000000000007074       0xc0 zephyr/kernel/libkernel.a(sched.c.obj)
 .text.z_time_slice
                0x0000000000007134       0xa0 zephyr/kernel/libkernel.a(sched.c.obj)
                0x0000000000007134                z_time_slice
 .text.ready_thread
                0x00000000000071d4       0xa0 zephyr/kernel/libkernel.a(sched.c.obj)
 .text.z_ready_thread
                0x0000000000007274       0x30 zephyr/kernel/libkernel.a(sched.c.obj)
                0x0000000000007274                z_ready_thread
 .text.z_sched_start
                0x00000000000072a4       0x50 zephyr/kernel/libkernel.a(sched.c.obj)
                0x00000000000072a4                z_sched_start
 .text.z_impl_k_thread_resume
                0x00000000000072f4       0x50 zephyr/kernel/libkernel.a(sched.c.obj)
                0x00000000000072f4                z_impl_k_thread_resume
 .text.z_thread_timeout
                0x0000000000007344       0x6c zephyr/kernel/libkernel.a(sched.c.obj)
                0x0000000000007344                z_thread_timeout
 .text.unready_thread
                0x00000000000073b0       0x4c zephyr/kernel/libkernel.a(sched.c.obj)
 .text.add_to_waitq_locked
                0x00000000000073fc       0xa0 zephyr/kernel/libkernel.a(sched.c.obj)
 .text.pend_locked
                0x000000000000749c       0x5c zephyr/kernel/libkernel.a(sched.c.obj)
 .text.z_pend_curr
                0x00000000000074f8       0x44 zephyr/kernel/libkernel.a(sched.c.obj)
                0x00000000000074f8                z_pend_curr
 .text.z_set_prio
                0x000000000000753c       0xfc zephyr/kernel/libkernel.a(sched.c.obj)
                0x000000000000753c                z_set_prio
 .text.z_impl_k_thread_suspend
                0x0000000000007638       0xac zephyr/kernel/libkernel.a(sched.c.obj)
                0x0000000000007638                z_impl_k_thread_suspend
 .text.k_sched_unlock
                0x00000000000076e4       0x48 zephyr/kernel/libkernel.a(sched.c.obj)
                0x00000000000076e4                k_sched_unlock
 .text.z_unpend_first_thread
                0x000000000000772c       0x50 zephyr/kernel/libkernel.a(sched.c.obj)
                0x000000000000772c                z_unpend_first_thread
 .text.z_sched_init
                0x000000000000777c       0x24 zephyr/kernel/libkernel.a(sched.c.obj)
                0x000000000000777c                z_sched_init
 .text.z_impl_k_yield
                0x00000000000077a0       0xd8 zephyr/kernel/libkernel.a(sched.c.obj)
                0x00000000000077a0                z_impl_k_yield
 .text.z_tick_sleep
                0x0000000000007878       0xf4 zephyr/kernel/libkernel.a(sched.c.obj)
 .text.z_impl_k_sleep
                0x000000000000796c       0x40 zephyr/kernel/libkernel.a(sched.c.obj)
                0x000000000000796c                z_impl_k_sleep
 .text.z_impl_z_current_get
                0x00000000000079ac        0xc zephyr/kernel/libkernel.a(sched.c.obj)
                0x00000000000079ac                z_impl_z_current_get
 .text.z_thread_abort
                0x00000000000079b8       0xf4 zephyr/kernel/libkernel.a(sched.c.obj)
                0x00000000000079b8                z_thread_abort
 .text.z_impl_k_thread_abort
                0x0000000000007aac        0x4 zephyr/kernel/libkernel.a(sched.c.obj)
                0x0000000000007aac                z_impl_k_thread_abort
 .text.elapsed  0x0000000000007ab0       0x18 zephyr/kernel/libkernel.a(timeout.c.obj)
 .text.next_timeout
                0x0000000000007ac8       0x90 zephyr/kernel/libkernel.a(timeout.c.obj)
 .text.remove_timeout
                0x0000000000007b58       0x58 zephyr/kernel/libkernel.a(timeout.c.obj)
 .text.z_add_timeout
                0x0000000000007bb0      0x1b0 zephyr/kernel/libkernel.a(timeout.c.obj)
                0x0000000000007bb0                z_add_timeout
 .text.z_abort_timeout
                0x0000000000007d60       0x44 zephyr/kernel/libkernel.a(timeout.c.obj)
                0x0000000000007d60                z_abort_timeout
 .text.z_set_timeout_expiry
                0x0000000000007da4       0x58 zephyr/kernel/libkernel.a(timeout.c.obj)
                0x0000000000007da4                z_set_timeout_expiry
 .text.sys_clock_announce
                0x0000000000007dfc      0x13c zephyr/kernel/libkernel.a(timeout.c.obj)
                0x0000000000007dfc                sys_clock_announce
 .text.sys_clock_tick_get
                0x0000000000007f38       0x50 zephyr/kernel/libkernel.a(timeout.c.obj)
                0x0000000000007f38                sys_clock_tick_get
 .text.sys_clock_tick_get_32
                0x0000000000007f88        0xc zephyr/kernel/libkernel.a(timeout.c.obj)
                0x0000000000007f88                sys_clock_tick_get_32
 .text.z_impl_k_uptime_ticks
                0x0000000000007f94        0x4 zephyr/kernel/libkernel.a(timeout.c.obj)
                0x0000000000007f94                z_impl_k_uptime_ticks
 .text.boot_banner
                0x0000000000007f98       0x1c zephyr/kernel/libkernel.a(banner.c.obj)
                0x0000000000007f98                boot_banner
 .text.k_heap_init
                0x0000000000007fb4       0x10 zephyr/kernel/libkernel.a(kheap.c.obj)
                0x0000000000007fb4                k_heap_init
 .text.statics_init
                0x0000000000007fc4       0x54 zephyr/kernel/libkernel.a(kheap.c.obj)
 .text.exp      0x0000000000008018       0xd8 /home/rui/zephyr-sdk-0.13.1/riscv64-zephyr-elf/riscv64-zephyr-elf/lib/./libm_nano.a(lib_a-w_exp.o)
                0x0000000000008018                exp
 .text.__ieee754_exp
                0x00000000000080f0      0x444 /home/rui/zephyr-sdk-0.13.1/riscv64-zephyr-elf/riscv64-zephyr-elf/lib/./libm_nano.a(lib_a-e_exp.o)
                0x00000000000080f0                __ieee754_exp
 .text.finite   0x0000000000008534       0x18 /home/rui/zephyr-sdk-0.13.1/riscv64-zephyr-elf/riscv64-zephyr-elf/lib/./libm_nano.a(lib_a-s_finite.o)
                0x0000000000008534                finite
 .text.malloc   0x000000000000854c       0x10 /home/rui/zephyr-sdk-0.13.1/riscv64-zephyr-elf/riscv64-zephyr-elf/lib/./libc_nano.a(lib_a-malloc.o)
                0x000000000000854c                malloc
 .text._free_r  0x000000000000855c      0x104 /home/rui/zephyr-sdk-0.13.1/riscv64-zephyr-elf/riscv64-zephyr-elf/lib/./libc_nano.a(lib_a-nano-freer.o)
                0x000000000000855c                _free_r
 .text._malloc_r
                0x0000000000008660      0x158 /home/rui/zephyr-sdk-0.13.1/riscv64-zephyr-elf/riscv64-zephyr-elf/lib/./libc_nano.a(lib_a-nano-mallocr.o)
                0x0000000000008660                _malloc_r
 .text.__cvt    0x00000000000087b8      0x158 /home/rui/zephyr-sdk-0.13.1/riscv64-zephyr-elf/riscv64-zephyr-elf/lib/./libc_nano.a(lib_a-nano-vfprintf_float.o)
                0x00000000000087b8                __cvt
 .text.__exponent
                0x0000000000008910       0xc0 /home/rui/zephyr-sdk-0.13.1/riscv64-zephyr-elf/riscv64-zephyr-elf/lib/./libc_nano.a(lib_a-nano-vfprintf_float.o)
                0x0000000000008910                __exponent
 .text._printf_float
                0x00000000000089d0      0x794 /home/rui/zephyr-sdk-0.13.1/riscv64-zephyr-elf/riscv64-zephyr-elf/lib/./libc_nano.a(lib_a-nano-vfprintf_float.o)
                0x00000000000089d0                _printf_float
 .text._printf_common
                0x0000000000009164      0x1b0 /home/rui/zephyr-sdk-0.13.1/riscv64-zephyr-elf/riscv64-zephyr-elf/lib/./libc_nano.a(lib_a-nano-vfprintf_i.o)
                0x0000000000009164                _printf_common
 .text._printf_i
                0x0000000000009314      0x3a0 /home/rui/zephyr-sdk-0.13.1/riscv64-zephyr-elf/riscv64-zephyr-elf/lib/./libc_nano.a(lib_a-nano-vfprintf_i.o)
                0x0000000000009314                _printf_i
 .text.printf   0x00000000000096b4       0x70 /home/rui/zephyr-sdk-0.13.1/riscv64-zephyr-elf/riscv64-zephyr-elf/lib/./libc_nano.a(lib_a-printf.o)
                0x00000000000096b4                printf
                0x00000000000096b4                iprintf
 .text._sbrk_r  0x0000000000009724       0x4c /home/rui/zephyr-sdk-0.13.1/riscv64-zephyr-elf/riscv64-zephyr-elf/lib/./libc_nano.a(lib_a-sbrkr.o)
                0x0000000000009724                _sbrk_r
 .text.strlen   0x0000000000009770       0x1c /home/rui/zephyr-sdk-0.13.1/riscv64-zephyr-elf/riscv64-zephyr-elf/lib/./libc_nano.a(lib_a-strlen.o)
                0x0000000000009770                strlen
 .text.strnlen  0x000000000000978c       0x24 /home/rui/zephyr-sdk-0.13.1/riscv64-zephyr-elf/riscv64-zephyr-elf/lib/./libc_nano.a(lib_a-strnlen.o)
                0x000000000000978c                strnlen
 .text.quorem   0x00000000000097b0      0x1cc /home/rui/zephyr-sdk-0.13.1/riscv64-zephyr-elf/riscv64-zephyr-elf/lib/./libc_nano.a(lib_a-dtoa.o)
 .text._dtoa_r  0x000000000000997c     0x11d8 /home/rui/zephyr-sdk-0.13.1/riscv64-zephyr-elf/riscv64-zephyr-elf/lib/./libc_nano.a(lib_a-dtoa.o)
                0x000000000000997c                _dtoa_r
 .text.std      0x000000000000ab54       0x88 /home/rui/zephyr-sdk-0.13.1/riscv64-zephyr-elf/riscv64-zephyr-elf/lib/./libc_nano.a(lib_a-findfp.o)
 .text._cleanup_r
                0x000000000000abdc        0xc /home/rui/zephyr-sdk-0.13.1/riscv64-zephyr-elf/riscv64-zephyr-elf/lib/./libc_nano.a(lib_a-findfp.o)
                0x000000000000abdc                _cleanup_r
 .text.__sfmoreglue
                0x000000000000abe8       0x6c /home/rui/zephyr-sdk-0.13.1/riscv64-zephyr-elf/riscv64-zephyr-elf/lib/./libc_nano.a(lib_a-findfp.o)
                0x000000000000abe8                __sfmoreglue
 .text.__sfp_lock_acquire
                0x000000000000ac54        0xc /home/rui/zephyr-sdk-0.13.1/riscv64-zephyr-elf/riscv64-zephyr-elf/lib/./libc_nano.a(lib_a-findfp.o)
                0x000000000000ac54                __sfp_lock_acquire
 .text.__sfp_lock_release
                0x000000000000ac60        0xc /home/rui/zephyr-sdk-0.13.1/riscv64-zephyr-elf/riscv64-zephyr-elf/lib/./libc_nano.a(lib_a-findfp.o)
                0x000000000000ac60                __sfp_lock_release
 .text.__sinit_lock_acquire
                0x000000000000ac6c        0xc /home/rui/zephyr-sdk-0.13.1/riscv64-zephyr-elf/riscv64-zephyr-elf/lib/./libc_nano.a(lib_a-findfp.o)
                0x000000000000ac6c                __sinit_lock_acquire
 .text.__sinit_lock_release
                0x000000000000ac78        0xc /home/rui/zephyr-sdk-0.13.1/riscv64-zephyr-elf/riscv64-zephyr-elf/lib/./libc_nano.a(lib_a-findfp.o)
                0x000000000000ac78                __sinit_lock_release
 .text.__sinit  0x000000000000ac84       0xb8 /home/rui/zephyr-sdk-0.13.1/riscv64-zephyr-elf/riscv64-zephyr-elf/lib/./libc_nano.a(lib_a-findfp.o)
                0x000000000000ac84                __sinit
 .text.__sfp    0x000000000000ad3c      0x100 /home/rui/zephyr-sdk-0.13.1/riscv64-zephyr-elf/riscv64-zephyr-elf/lib/./libc_nano.a(lib_a-findfp.o)
                0x000000000000ad3c                __sfp
 .text._fwalk_reent
                0x000000000000ae3c       0xb0 /home/rui/zephyr-sdk-0.13.1/riscv64-zephyr-elf/riscv64-zephyr-elf/lib/./libc_nano.a(lib_a-fwalk.o)
                0x000000000000ae3c                _fwalk_reent
 .text._localeconv_r
                0x000000000000aeec        0xc /home/rui/zephyr-sdk-0.13.1/riscv64-zephyr-elf/riscv64-zephyr-elf/lib/./libc_nano.a(lib_a-localeconv.o)
                0x000000000000aeec                _localeconv_r
 .text.memchr   0x000000000000aef8       0x24 /home/rui/zephyr-sdk-0.13.1/riscv64-zephyr-elf/riscv64-zephyr-elf/lib/./libc_nano.a(lib_a-memchr.o)
                0x000000000000aef8                memchr
 .text.__malloc_lock
                0x000000000000af1c        0xc /home/rui/zephyr-sdk-0.13.1/riscv64-zephyr-elf/riscv64-zephyr-elf/lib/./libc_nano.a(lib_a-mlock.o)
                0x000000000000af1c                __malloc_lock
 .text.__malloc_unlock
                0x000000000000af28        0xc /home/rui/zephyr-sdk-0.13.1/riscv64-zephyr-elf/riscv64-zephyr-elf/lib/./libc_nano.a(lib_a-mlock.o)
                0x000000000000af28                __malloc_unlock
 .text._Balloc  0x000000000000af34      0x100 /home/rui/zephyr-sdk-0.13.1/riscv64-zephyr-elf/riscv64-zephyr-elf/lib/./libc_nano.a(lib_a-mprec.o)
                0x000000000000af34                _Balloc
 .text._Bfree   0x000000000000b034       0x94 /home/rui/zephyr-sdk-0.13.1/riscv64-zephyr-elf/riscv64-zephyr-elf/lib/./libc_nano.a(lib_a-mprec.o)
                0x000000000000b034                _Bfree
 .text.__multadd
                0x000000000000b0c8      0x120 /home/rui/zephyr-sdk-0.13.1/riscv64-zephyr-elf/riscv64-zephyr-elf/lib/./libc_nano.a(lib_a-mprec.o)
                0x000000000000b0c8                __multadd
 .text.__hi0bits
                0x000000000000b1e8       0x74 /home/rui/zephyr-sdk-0.13.1/riscv64-zephyr-elf/riscv64-zephyr-elf/lib/./libc_nano.a(lib_a-mprec.o)
                0x000000000000b1e8                __hi0bits
 .text.__lo0bits
                0x000000000000b25c       0xb0 /home/rui/zephyr-sdk-0.13.1/riscv64-zephyr-elf/riscv64-zephyr-elf/lib/./libc_nano.a(lib_a-mprec.o)
                0x000000000000b25c                __lo0bits
 .text.__i2b    0x000000000000b30c       0x54 /home/rui/zephyr-sdk-0.13.1/riscv64-zephyr-elf/riscv64-zephyr-elf/lib/./libc_nano.a(lib_a-mprec.o)
                0x000000000000b30c                __i2b
 .text.__multiply
                0x000000000000b360      0x208 /home/rui/zephyr-sdk-0.13.1/riscv64-zephyr-elf/riscv64-zephyr-elf/lib/./libc_nano.a(lib_a-mprec.o)
                0x000000000000b360                __multiply
 .text.__pow5mult
                0x000000000000b568      0x144 /home/rui/zephyr-sdk-0.13.1/riscv64-zephyr-elf/riscv64-zephyr-elf/lib/./libc_nano.a(lib_a-mprec.o)
                0x000000000000b568                __pow5mult
 .text.__lshift
                0x000000000000b6ac      0x184 /home/rui/zephyr-sdk-0.13.1/riscv64-zephyr-elf/riscv64-zephyr-elf/lib/./libc_nano.a(lib_a-mprec.o)
                0x000000000000b6ac                __lshift
 .text.__mcmp   0x000000000000b830       0x54 /home/rui/zephyr-sdk-0.13.1/riscv64-zephyr-elf/riscv64-zephyr-elf/lib/./libc_nano.a(lib_a-mprec.o)
                0x000000000000b830                __mcmp
 .text.__mdiff  0x000000000000b884      0x1fc /home/rui/zephyr-sdk-0.13.1/riscv64-zephyr-elf/riscv64-zephyr-elf/lib/./libc_nano.a(lib_a-mprec.o)
                0x000000000000b884                __mdiff
 .text.__d2b    0x000000000000ba80      0x15c /home/rui/zephyr-sdk-0.13.1/riscv64-zephyr-elf/riscv64-zephyr-elf/lib/./libc_nano.a(lib_a-mprec.o)
                0x000000000000ba80                __d2b
 .text._calloc_r
                0x000000000000bbdc       0x44 /home/rui/zephyr-sdk-0.13.1/riscv64-zephyr-elf/riscv64-zephyr-elf/lib/./libc_nano.a(lib_a-nano-callocr.o)
                0x000000000000bbdc                _calloc_r
 .text.__sfputc_r
                0x000000000000bc20       0x3c /home/rui/zephyr-sdk-0.13.1/riscv64-zephyr-elf/riscv64-zephyr-elf/lib/./libc_nano.a(lib_a-nano-vfprintf.o)
 .text.__sfputs_r
                0x000000000000bc5c       0x74 /home/rui/zephyr-sdk-0.13.1/riscv64-zephyr-elf/riscv64-zephyr-elf/lib/./libc_nano.a(lib_a-nano-vfprintf.o)
                0x000000000000bc5c                __sfputs_r
 .text._vfprintf_r
                0x000000000000bcd0      0x434 /home/rui/zephyr-sdk-0.13.1/riscv64-zephyr-elf/riscv64-zephyr-elf/lib/./libc_nano.a(lib_a-nano-vfprintf.o)
                0x000000000000bcd0                _vfiprintf_r
                0x000000000000bcd0                _vfprintf_r
 .text.__sread  0x000000000000c104       0x50 /home/rui/zephyr-sdk-0.13.1/riscv64-zephyr-elf/riscv64-zephyr-elf/lib/./libc_nano.a(lib_a-stdio.o)
                0x000000000000c104                __sread
 .text.__swrite
                0x000000000000c154       0x84 /home/rui/zephyr-sdk-0.13.1/riscv64-zephyr-elf/riscv64-zephyr-elf/lib/./libc_nano.a(lib_a-stdio.o)
                0x000000000000c154                __swrite
 .text.__sseek  0x000000000000c1d8       0x58 /home/rui/zephyr-sdk-0.13.1/riscv64-zephyr-elf/riscv64-zephyr-elf/lib/./libc_nano.a(lib_a-stdio.o)
                0x000000000000c1d8                __sseek
 .text.__sclose
                0x000000000000c230        0x8 /home/rui/zephyr-sdk-0.13.1/riscv64-zephyr-elf/riscv64-zephyr-elf/lib/./libc_nano.a(lib_a-stdio.o)
                0x000000000000c230                __sclose
 .text.__swbuf_r
                0x000000000000c238      0x138 /home/rui/zephyr-sdk-0.13.1/riscv64-zephyr-elf/riscv64-zephyr-elf/lib/./libc_nano.a(lib_a-wbuf.o)
                0x000000000000c238                __swbuf_r
 .text._write_r
                0x000000000000c370       0x54 /home/rui/zephyr-sdk-0.13.1/riscv64-zephyr-elf/riscv64-zephyr-elf/lib/./libc_nano.a(lib_a-writer.o)
                0x000000000000c370                _write_r
 .text.__swsetup_r
                0x000000000000c3c4      0x178 /home/rui/zephyr-sdk-0.13.1/riscv64-zephyr-elf/riscv64-zephyr-elf/lib/./libc_nano.a(lib_a-wsetup.o)
                0x000000000000c3c4                __swsetup_r
 .text.__assert_func
                0x000000000000c53c       0x54 /home/rui/zephyr-sdk-0.13.1/riscv64-zephyr-elf/riscv64-zephyr-elf/lib/./libc_nano.a(lib_a-assert.o)
                0x000000000000c53c                __assert_func
 .text._close_r
                0x000000000000c590       0x4c /home/rui/zephyr-sdk-0.13.1/riscv64-zephyr-elf/riscv64-zephyr-elf/lib/./libc_nano.a(lib_a-closer.o)
                0x000000000000c590                _close_r
 .text.__sflush_r
                0x000000000000c5dc      0x1f4 /home/rui/zephyr-sdk-0.13.1/riscv64-zephyr-elf/riscv64-zephyr-elf/lib/./libc_nano.a(lib_a-fflush.o)
                0x000000000000c5dc                __sflush_r
 .text._fflush_r
                0x000000000000c7d0       0xdc /home/rui/zephyr-sdk-0.13.1/riscv64-zephyr-elf/riscv64-zephyr-elf/lib/./libc_nano.a(lib_a-fflush.o)
                0x000000000000c7d0                _fflush_r
 .text.fprintf  0x000000000000c8ac       0x48 /home/rui/zephyr-sdk-0.13.1/riscv64-zephyr-elf/riscv64-zephyr-elf/lib/./libc_nano.a(lib_a-fprintf.o)
                0x000000000000c8ac                fprintf
                0x000000000000c8ac                fiprintf
 .text._lseek_r
                0x000000000000c8f4       0x54 /home/rui/zephyr-sdk-0.13.1/riscv64-zephyr-elf/riscv64-zephyr-elf/lib/./libc_nano.a(lib_a-lseekr.o)
                0x000000000000c8f4                _lseek_r
 .text.__swhatbuf_r
                0x000000000000c948       0x90 /home/rui/zephyr-sdk-0.13.1/riscv64-zephyr-elf/riscv64-zephyr-elf/lib/./libc_nano.a(lib_a-makebuf.o)
                0x000000000000c948                __swhatbuf_r
 .text.__smakebuf_r
                0x000000000000c9d8       0xf0 /home/rui/zephyr-sdk-0.13.1/riscv64-zephyr-elf/riscv64-zephyr-elf/lib/./libc_nano.a(lib_a-makebuf.o)
                0x000000000000c9d8                __smakebuf_r
 .text.__ascii_mbtowc
                0x000000000000cac8       0x5c /home/rui/zephyr-sdk-0.13.1/riscv64-zephyr-elf/riscv64-zephyr-elf/lib/./libc_nano.a(lib_a-mbtowc_r.o)
                0x000000000000cac8                __ascii_mbtowc
 .text._read_r  0x000000000000cb24       0x54 /home/rui/zephyr-sdk-0.13.1/riscv64-zephyr-elf/riscv64-zephyr-elf/lib/./libc_nano.a(lib_a-readr.o)
                0x000000000000cb24                _read_r
 .text.__ascii_wctomb
                0x000000000000cb78       0x30 /home/rui/zephyr-sdk-0.13.1/riscv64-zephyr-elf/riscv64-zephyr-elf/lib/./libc_nano.a(lib_a-wctomb_r.o)
                0x000000000000cb78                __ascii_wctomb
 .text.abort    0x000000000000cba8       0x18 /home/rui/zephyr-sdk-0.13.1/riscv64-zephyr-elf/riscv64-zephyr-elf/lib/./libc_nano.a(lib_a-abort.o)
                0x000000000000cba8                abort
 .text._fstat_r
                0x000000000000cbc0       0x50 /home/rui/zephyr-sdk-0.13.1/riscv64-zephyr-elf/riscv64-zephyr-elf/lib/./libc_nano.a(lib_a-fstatr.o)
                0x000000000000cbc0                _fstat_r
 .text._isatty_r
                0x000000000000cc10       0x4c /home/rui/zephyr-sdk-0.13.1/riscv64-zephyr-elf/riscv64-zephyr-elf/lib/./libc_nano.a(lib_a-isattyr.o)
                0x000000000000cc10                _isatty_r
 .text._raise_r
                0x000000000000cc5c       0xb0 /home/rui/zephyr-sdk-0.13.1/riscv64-zephyr-elf/riscv64-zephyr-elf/lib/./libc_nano.a(lib_a-signal.o)
                0x000000000000cc5c                _raise_r
 .text.raise    0x000000000000cd0c       0x10 /home/rui/zephyr-sdk-0.13.1/riscv64-zephyr-elf/riscv64-zephyr-elf/lib/./libc_nano.a(lib_a-signal.o)
                0x000000000000cd0c                raise
 .text._kill_r  0x000000000000cd1c       0x50 /home/rui/zephyr-sdk-0.13.1/riscv64-zephyr-elf/riscv64-zephyr-elf/lib/./libc_nano.a(lib_a-signalr.o)
                0x000000000000cd1c                _kill_r
 .text._getpid_r
                0x000000000000cd6c        0x4 /home/rui/zephyr-sdk-0.13.1/riscv64-zephyr-elf/riscv64-zephyr-elf/lib/./libc_nano.a(lib_a-signalr.o)
                0x000000000000cd6c                _getpid_r
 *(SORT_BY_ALIGNMENT(.gnu.linkonce.t.*))
                0x000000000000cd70                __text_region_end = .
                0x000000000000cd70                __rodata_region_start = .

initlevel       0x000000000000cd70       0x48
                0x000000000000cd70                __init_start = .
                0x000000000000cd70                __init_PRE_KERNEL_1_start = .
 *(SORT_BY_NAME(SORT_BY_ALIGNMENT(.z_init_PRE_KERNEL_1[0-9]_*)))
 *(SORT_BY_NAME(SORT_BY_ALIGNMENT(.z_init_PRE_KERNEL_1[1-9][0-9]_*)))
 .z_init_PRE_KERNEL_130_
                0x000000000000cd70        0x8 zephyr/kernel/libkernel.a(kheap.c.obj)
 .z_init_PRE_KERNEL_140_
                0x000000000000cd78        0x8 zephyr/drivers/interrupt_controller/libdrivers__interrupt_controller.a(intc_swerv_pic.c.obj)
 .z_init_PRE_KERNEL_150_
                0x000000000000cd80        0x8 zephyr/libzephyr.a(soc.c.obj)
 .z_init_PRE_KERNEL_150_
                0x000000000000cd88        0x8 zephyr/drivers/serial/libdrivers__serial.a(uart_ns16550.c.obj)
 .z_init_PRE_KERNEL_160_
                0x000000000000cd90        0x8 zephyr/drivers/console/libdrivers__console.a(uart_console.c.obj)
                0x000000000000cd98                __init_PRE_KERNEL_2_start = .
 *(SORT_BY_NAME(SORT_BY_ALIGNMENT(.z_init_PRE_KERNEL_2[0-9]_*)))
 .z_init_PRE_KERNEL_20_
                0x000000000000cd98        0x8 zephyr/drivers/timer/libdrivers__timer.a(sys_clock_init.c.obj)
 *(SORT_BY_NAME(SORT_BY_ALIGNMENT(.z_init_PRE_KERNEL_2[1-9][0-9]_*)))
                0x000000000000cda0                __init_POST_KERNEL_start = .
 *(SORT_BY_NAME(SORT_BY_ALIGNMENT(.z_init_POST_KERNEL[0-9]_*)))
 .z_init_POST_KERNEL0_
                0x000000000000cda0        0x8 zephyr/libzephyr.a(soc.c.obj)
 *(SORT_BY_NAME(SORT_BY_ALIGNMENT(.z_init_POST_KERNEL[1-9][0-9]_*)))
 .z_init_POST_KERNEL40_
                0x000000000000cda8        0x8 zephyr/lib/libc/newlib/liblib__libc__newlib.a(libc-hooks.c.obj)
 .z_init_POST_KERNEL50_
                0x000000000000cdb0        0x8 zephyr/drivers/gpio/libdrivers__gpio.a(gpio_veerwolf.c.obj)
                0x000000000000cdb8                __init_APPLICATION_start = .
 *(SORT_BY_NAME(SORT_BY_ALIGNMENT(.z_init_APPLICATION[0-9]_*)))
 *(SORT_BY_NAME(SORT_BY_ALIGNMENT(.z_init_APPLICATION[1-9][0-9]_*)))
                0x000000000000cdb8                __init_SMP_start = .
 *(SORT_BY_NAME(SORT_BY_ALIGNMENT(.z_init_SMP[0-9]_*)))
 *(SORT_BY_NAME(SORT_BY_ALIGNMENT(.z_init_SMP[1-9][0-9]_*)))
                0x000000000000cdb8                __init_end = .

devices         0x000000000000cdb8       0x60
                0x000000000000cdb8                __device_start = .
                0x000000000000cdb8                __device_PRE_KERNEL_1_start = .
 *(SORT_BY_NAME(SORT_BY_ALIGNMENT(.z_device_PRE_KERNEL_1[0-9]_*)))
 *(SORT_BY_NAME(SORT_BY_ALIGNMENT(.z_device_PRE_KERNEL_1[1-9][0-9]_*)))
 .z_device_PRE_KERNEL_150_
                0x000000000000cdb8       0x18 zephyr/libzephyr.a(soc.c.obj)
                0x000000000000cdb8                __device_dts_ord_9
 .z_device_PRE_KERNEL_150_
                0x000000000000cdd0       0x18 zephyr/drivers/serial/libdrivers__serial.a(uart_ns16550.c.obj)
                0x000000000000cdd0                __device_dts_ord_11
                0x000000000000cde8                __device_PRE_KERNEL_2_start = .
 *(SORT_BY_NAME(SORT_BY_ALIGNMENT(.z_device_PRE_KERNEL_2[0-9]_*)))
 .z_device_PRE_KERNEL_20_
                0x000000000000cde8       0x18 zephyr/drivers/timer/libdrivers__timer.a(sys_clock_init.c.obj)
 *(SORT_BY_NAME(SORT_BY_ALIGNMENT(.z_device_PRE_KERNEL_2[1-9][0-9]_*)))
                0x000000000000ce00                __device_POST_KERNEL_start = .
 *(SORT_BY_NAME(SORT_BY_ALIGNMENT(.z_device_POST_KERNEL[0-9]_*)))
 *(SORT_BY_NAME(SORT_BY_ALIGNMENT(.z_device_POST_KERNEL[1-9][0-9]_*)))
 .z_device_POST_KERNEL50_
                0x000000000000ce00       0x18 zephyr/drivers/gpio/libdrivers__gpio.a(gpio_veerwolf.c.obj)
                0x000000000000ce18                __device_APPLICATION_start = .
 *(SORT_BY_NAME(SORT_BY_ALIGNMENT(.z_device_APPLICATION[0-9]_*)))
 *(SORT_BY_NAME(SORT_BY_ALIGNMENT(.z_device_APPLICATION[1-9][0-9]_*)))
                0x000000000000ce18                __device_SMP_start = .
 *(SORT_BY_NAME(SORT_BY_ALIGNMENT(.z_device_SMP[0-9]_*)))
 *(SORT_BY_NAME(SORT_BY_ALIGNMENT(.z_device_SMP[1-9][0-9]_*)))
                0x000000000000ce18                __device_end = .

sw_isr_table    0x000000000000ce18      0x200
                0x000000000000ce18                . = ALIGN (0x0)
 *(SORT_BY_ALIGNMENT(.gnu.linkonce.sw_isr_table*))
 .gnu.linkonce.sw_isr_table
                0x000000000000ce18      0x200 zephyr/CMakeFiles/zephyr_final.dir/isr_tables.c.obj
                0x000000000000ce18                _sw_isr_table

initlevel_error
                0x000000000000cd70        0x0
 *(SORT_BY_NAME(SORT_BY_ALIGNMENT(.z_init_[_A-Z0-9]*)))
                0x0000000000000001                ASSERT ((SIZEOF (initlevel_error) == 0x0), Undefined initialization levels used.)

app_shmem_regions
                0x000000000000d018        0x0
                0x000000000000d018                __app_shmem_regions_start = .
 *(SORT_BY_NAME(SORT_BY_ALIGNMENT(.app_regions.*)))
                0x000000000000d018                __app_shmem_regions_end = .

bt_l2cap_fixed_chan_area
                0x000000000000d018        0x0
                0x000000000000d018                _bt_l2cap_fixed_chan_list_start = .
 *(SORT_BY_NAME(SORT_BY_ALIGNMENT(._bt_l2cap_fixed_chan.static.*)))
                0x000000000000d018                _bt_l2cap_fixed_chan_list_end = .

bt_gatt_service_static_area
                0x000000000000d018        0x0
                0x000000000000d018                _bt_gatt_service_static_list_start = .
 *(SORT_BY_NAME(SORT_BY_ALIGNMENT(._bt_gatt_service_static.static.*)))
                0x000000000000d018                _bt_gatt_service_static_list_end = .

k_p4wq_initparam_area
                0x000000000000d018        0x0
                0x000000000000d018                _k_p4wq_initparam_list_start = .
 *(SORT_BY_NAME(SORT_BY_ALIGNMENT(._k_p4wq_initparam.static.*)))
                0x000000000000d018                _k_p4wq_initparam_list_end = .

log_strings_sections
                0x000000000000d018        0x0
                0x000000000000d018                __log_strings_start = .
 *(SORT_BY_NAME(SORT_BY_ALIGNMENT(.log_strings*)))
                0x000000000000d018                __log_strings_end = .

log_const_sections
                0x000000000000d018        0x0
                0x000000000000d018                __log_const_start = .
 *(SORT_BY_NAME(SORT_BY_ALIGNMENT(.log_const_*)))
                0x000000000000d018                __log_const_end = .

log_backends_sections
                0x000000000000d018        0x0
                0x000000000000d018                __log_backends_start = .
 *(SORT_BY_ALIGNMENT(._log_backend.*))
                0x000000000000d018                __log_backends_end = .

shell_area      0x000000000000d018        0x0
                0x000000000000d018                _shell_list_start = .
 *(SORT_BY_NAME(SORT_BY_ALIGNMENT(._shell.static.*)))
                0x000000000000d018                _shell_list_end = .

shell_root_cmds_sections
                0x000000000000d018        0x0
                0x000000000000d018                __shell_root_cmds_start = .
 *(SORT_BY_NAME(SORT_BY_ALIGNMENT(.shell_root_cmd_*)))
                0x000000000000d018                __shell_root_cmds_end = .

font_entry_sections
                0x000000000000d018        0x0
                0x000000000000d018                __font_entry_start = .
 *(SORT_BY_NAME(SORT_BY_ALIGNMENT(._cfb_font.*)))
                0x000000000000d018                __font_entry_end = .

tracing_backend_area
                0x000000000000d018        0x0
                0x000000000000d018                _tracing_backend_list_start = .
 *(SORT_BY_NAME(SORT_BY_ALIGNMENT(._tracing_backend.static.*)))
                0x000000000000d018                _tracing_backend_list_end = .

zephyr_dbg_info
 *(SORT_BY_ALIGNMENT(.dbg_thread_info))

device_handles  0x000000000000d018       0x18
                0x000000000000d018                __device_handles_start = .
 *(SORT_BY_NAME(SORT_BY_ALIGNMENT(.__device_handles_pass2*)))
 .__device_handles_pass2
                0x000000000000d018       0x18 zephyr/CMakeFiles/zephyr_final.dir/dev_handles.c.obj
                0x000000000000d018                __devicehdl_veerwolf_gpio_0
                0x000000000000d01c                __devicehdl_sys_init_sys_clock_driver_init0
                0x000000000000d020                __devicehdl_DT_N_S_soc_S_uart_80002000
                0x000000000000d028                __devicehdl_DT_N_S_leds_S_led
                0x000000000000d030                __device_handles_end = .

rodata          0x000000000000d030      0xa4c
                0x000000000000d030                . = ALIGN (0x4)
 *(SORT_BY_ALIGNMENT(.srodata))
 *(SORT_BY_ALIGNMENT(.srodata.*))
 .srodata.cst8  0x000000000000d030       0x18 /home/rui/zephyr-sdk-0.13.1/riscv64-zephyr-elf/riscv64-zephyr-elf/lib/./libm_nano.a(lib_a-w_exp.o)
 .srodata.cst8  0x000000000000d048       0x60 /home/rui/zephyr-sdk-0.13.1/riscv64-zephyr-elf/riscv64-zephyr-elf/lib/./libm_nano.a(lib_a-e_exp.o)
                                         0x70 (size before relaxing)
 .srodata.cst8  0x000000000000d0a8        0x8 /home/rui/zephyr-sdk-0.13.1/riscv64-zephyr-elf/riscv64-zephyr-elf/lib/./libc_nano.a(lib_a-nano-vfprintf_float.o)
 .srodata.cst8  0x000000000000d0b0       0x40 /home/rui/zephyr-sdk-0.13.1/riscv64-zephyr-elf/riscv64-zephyr-elf/lib/./libc_nano.a(lib_a-dtoa.o)
                                         0x48 (size before relaxing)
 .srodata.cst4  0x000000000000d0f0        0x4 app/libapp.a(main.c.obj)
 .srodata.uart_ns16550_dev_cfg_0
                0x000000000000d0f4        0x8 zephyr/drivers/serial/libdrivers__serial.a(uart_ns16550.c.obj)
 .srodata._k_neg_eagain
                0x000000000000d0fc        0x4 zephyr/kernel/libkernel.a(errno.c.obj)
                0x000000000000d0fc                _k_neg_eagain
 .srodata._global_impure_ptr
                0x000000000000d100        0x4 /home/rui/zephyr-sdk-0.13.1/riscv64-zephyr-elf/riscv64-zephyr-elf/lib/./libc_nano.a(lib_a-impure.o)
                0x000000000000d100                _global_impure_ptr
 *(SORT_BY_ALIGNMENT(.rodata))
 .rodata        0x000000000000d104      0x100 /home/rui/zephyr-sdk-0.13.1/riscv64-zephyr-elf/bin/../lib/gcc/riscv64-zephyr-elf/10.3.0/libgcc.a(_clz.o)
                0x000000000000d104                __clz_tab
 .rodata        0x000000000000d204       0x3c /home/rui/zephyr-sdk-0.13.1/riscv64-zephyr-elf/bin/../lib/gcc/riscv64-zephyr-elf/10.3.0/libgcc.a(divdf3.o)
 .rodata        0x000000000000d240       0x3c /home/rui/zephyr-sdk-0.13.1/riscv64-zephyr-elf/bin/../lib/gcc/riscv64-zephyr-elf/10.3.0/libgcc.a(muldf3.o)
 .rodata        0x000000000000d27c       0x3c /home/rui/zephyr-sdk-0.13.1/riscv64-zephyr-elf/bin/../lib/gcc/riscv64-zephyr-elf/10.3.0/libgcc.a(mulsf3.o)
 *(SORT_BY_ALIGNMENT(.rodata.*))
 .rodata.halF   0x000000000000d2b8       0x10 /home/rui/zephyr-sdk-0.13.1/riscv64-zephyr-elf/riscv64-zephyr-elf/lib/./libm_nano.a(lib_a-e_exp.o)
 .rodata.ln2HI  0x000000000000d2c8       0x10 /home/rui/zephyr-sdk-0.13.1/riscv64-zephyr-elf/riscv64-zephyr-elf/lib/./libm_nano.a(lib_a-e_exp.o)
 .rodata.ln2LO  0x000000000000d2d8       0x10 /home/rui/zephyr-sdk-0.13.1/riscv64-zephyr-elf/riscv64-zephyr-elf/lib/./libm_nano.a(lib_a-e_exp.o)
 .rodata.__mprec_bigtens
                0x000000000000d2e8       0x28 /home/rui/zephyr-sdk-0.13.1/riscv64-zephyr-elf/riscv64-zephyr-elf/lib/./libc_nano.a(lib_a-mprec.o)
                0x000000000000d2e8                __mprec_bigtens
 .rodata.__mprec_tens
                0x000000000000d310       0xc8 /home/rui/zephyr-sdk-0.13.1/riscv64-zephyr-elf/riscv64-zephyr-elf/lib/./libc_nano.a(lib_a-mprec.o)
                0x000000000000d310                __mprec_tens
 .rodata.thread_accelerator.str1.4
                0x000000000000d3d8       0x1c app/libapp.a(main.c.obj)
 .rodata.main.str1.4
                0x000000000000d3f4       0xf2 app/libapp.a(main.c.obj)
 *fill*         0x000000000000d4e6        0x2 
 .rodata.thread_software.str1.4
                0x000000000000d4e8       0x39 app/libapp.a(main.c.obj)
 *fill*         0x000000000000d521        0x3 
 .rodata.cbvprintf.str1.4
                0x000000000000d524        0x6 zephyr/libzephyr.a(cbprintf_complete.c.obj)
 *fill*         0x000000000000d52a        0x2 
 .rodata.cbvprintf
                0x000000000000d52c       0xfc zephyr/libzephyr.a(cbprintf_complete.c.obj)
 .rodata.str1.4
                0x000000000000d628        0x8 zephyr/libzephyr.a(soc.c.obj)
 .rodata.dts_ord_9_cfg
                0x000000000000d630        0xc zephyr/libzephyr.a(soc.c.obj)
 .rodata._exit.str1.4
                0x000000000000d63c        0x6 zephyr/lib/libc/newlib/liblib__libc__newlib.a(libc-hooks.c.obj)
 *fill*         0x000000000000d642        0x2 
 .rodata.gpio_mmio32_api
                0x000000000000d644       0x24 zephyr/drivers/gpio/libdrivers__gpio.a(gpio_mmio32.c.obj)
                0x000000000000d644                gpio_mmio32_api
 .rodata.str1.4
                0x000000000000d668        0x5 zephyr/drivers/gpio/libdrivers__gpio.a(gpio_veerwolf.c.obj)
 *fill*         0x000000000000d66d        0x3 
 .rodata.gpio_veerwolf_cfg_0
                0x000000000000d670        0xc zephyr/drivers/gpio/libdrivers__gpio.a(gpio_veerwolf.c.obj)
 .rodata.gpio_veerwolf_driver_api
                0x000000000000d67c       0x24 zephyr/drivers/gpio/libdrivers__gpio.a(gpio_veerwolf.c.obj)
 .rodata.str1.4
                0x000000000000d6a0        0x6 zephyr/drivers/serial/libdrivers__serial.a(uart_ns16550.c.obj)
 *fill*         0x000000000000d6a6        0x2 
 .rodata.uart_ns16550_driver_api
                0x000000000000d6a8       0x14 zephyr/drivers/serial/libdrivers__serial.a(uart_ns16550.c.obj)
 .rodata.str1.4
                0x000000000000d6bc        0xa zephyr/drivers/timer/libdrivers__timer.a(sys_clock_init.c.obj)
 *fill*         0x000000000000d6c6        0x2 
 .rodata.levels.0
                0x000000000000d6c8       0x14 zephyr/kernel/libkernel.a(device.c.obj)
 .rodata.z_cstart.str1.4
                0x000000000000d6dc        0x5 zephyr/kernel/libkernel.a(init.c.obj)
 *fill*         0x000000000000d6e1        0x3 
 .rodata.boot_banner.str1.4
                0x000000000000d6e4       0x2f zephyr/kernel/libkernel.a(banner.c.obj)
                                         0x33 (size before relaxing)
 *fill*         0x000000000000d713        0x1 
 .rodata._ctype_
                0x000000000000d714      0x101 /home/rui/zephyr-sdk-0.13.1/riscv64-zephyr-elf/riscv64-zephyr-elf/lib/./libc_nano.a(lib_a-ctype_.o)
                0x000000000000d714                _ctype_
 *fill*         0x000000000000d815        0x3 
 .rodata._printf_float.str1.4
                0x000000000000d818       0x10 /home/rui/zephyr-sdk-0.13.1/riscv64-zephyr-elf/riscv64-zephyr-elf/lib/./libc_nano.a(lib_a-nano-vfprintf_float.o)
                                         0x12 (size before relaxing)
 .rodata._printf_i.str1.4
                0x000000000000d828       0x25 /home/rui/zephyr-sdk-0.13.1/riscv64-zephyr-elf/riscv64-zephyr-elf/lib/./libc_nano.a(lib_a-nano-vfprintf_i.o)
 *fill*         0x000000000000d84d        0x3 
 .rodata._printf_i
                0x000000000000d850       0x58 /home/rui/zephyr-sdk-0.13.1/riscv64-zephyr-elf/riscv64-zephyr-elf/lib/./libc_nano.a(lib_a-nano-vfprintf_i.o)
 .rodata._dtoa_r.str1.4
                0x000000000000d8a8       0x9d /home/rui/zephyr-sdk-0.13.1/riscv64-zephyr-elf/riscv64-zephyr-elf/lib/./libc_nano.a(lib_a-dtoa.o)
                                         0xa1 (size before relaxing)
 *fill*         0x000000000000d945        0x3 
 .rodata.__sf_fake_stderr
                0x000000000000d948       0x20 /home/rui/zephyr-sdk-0.13.1/riscv64-zephyr-elf/riscv64-zephyr-elf/lib/./libc_nano.a(lib_a-findfp.o)
                0x000000000000d948                __sf_fake_stderr
 .rodata.__sf_fake_stdin
                0x000000000000d968       0x20 /home/rui/zephyr-sdk-0.13.1/riscv64-zephyr-elf/riscv64-zephyr-elf/lib/./libc_nano.a(lib_a-findfp.o)
                0x000000000000d968                __sf_fake_stdin
 .rodata.__sf_fake_stdout
                0x000000000000d988       0x20 /home/rui/zephyr-sdk-0.13.1/riscv64-zephyr-elf/riscv64-zephyr-elf/lib/./libc_nano.a(lib_a-findfp.o)
                0x000000000000d988                __sf_fake_stdout
 .rodata._Balloc.str1.4
                0x000000000000d9a8       0x62 /home/rui/zephyr-sdk-0.13.1/riscv64-zephyr-elf/riscv64-zephyr-elf/lib/./libc_nano.a(lib_a-mprec.o)
                                         0x7a (size before relaxing)
 .rodata.__multadd.str1.4
                0x000000000000da0a       0x11 /home/rui/zephyr-sdk-0.13.1/riscv64-zephyr-elf/riscv64-zephyr-elf/lib/./libc_nano.a(lib_a-mprec.o)
 *fill*         0x000000000000da0a        0x2 
 .rodata.p05.0  0x000000000000da0c        0xc /home/rui/zephyr-sdk-0.13.1/riscv64-zephyr-elf/riscv64-zephyr-elf/lib/./libc_nano.a(lib_a-mprec.o)
 .rodata._vfprintf_r.str1.4
                0x000000000000da18       0x13 /home/rui/zephyr-sdk-0.13.1/riscv64-zephyr-elf/riscv64-zephyr-elf/lib/./libc_nano.a(lib_a-nano-vfprintf.o)
 *fill*         0x000000000000da2b        0x1 
 .rodata.__assert_func.str1.4
                0x000000000000da2c       0x3f /home/rui/zephyr-sdk-0.13.1/riscv64-zephyr-elf/riscv64-zephyr-elf/lib/./libc_nano.a(lib_a-assert.o)
                                         0x43 (size before relaxing)
 *fill*         0x000000000000da6b        0x1 
 .rodata._setlocale_r.str1.4
                0x000000000000da6c        0xa /home/rui/zephyr-sdk-0.13.1/riscv64-zephyr-elf/riscv64-zephyr-elf/lib/./libc_nano.a(lib_a-locale.o)
                                          0xd (size before relaxing)
 *fill*         0x000000000000da76        0x2 
 .rodata.str1.4
                0x000000000000da78        0x2 /home/rui/zephyr-sdk-0.13.1/riscv64-zephyr-elf/riscv64-zephyr-elf/lib/./libc_nano.a(lib_a-locale.o)
 *(SORT_BY_ALIGNMENT(.gnu.linkonce.r.*))
 *(SORT_BY_ALIGNMENT(.sdata2) SORT_BY_ALIGNMENT(.sdata2.*) SORT_BY_ALIGNMENT(.gnu.linkonce.s2.*))
                0x000000000000da7c                . = ALIGN (0x4)
 *fill*         0x000000000000da7a        0x2 
                0x000000000000da7c                __rodata_region_end = .
                0x000000000000da7c                . = ALIGN (0x4)

bss             0x000000000000da80      0x410
                0x000000000000da80                . = ALIGN (0x4)
                0x000000000000da80                __bss_start = .
                0x000000000000da80                _image_ram_start = .
                0x000000000000da80                __kernel_ram_start = .
 *(SORT_BY_ALIGNMENT(.sbss))
 *(SORT_BY_ALIGNMENT(.sbss.*))
 .sbss.last_count
                0x000000000000da80        0x8 zephyr/drivers/timer/libdrivers__timer.a(riscv_machine_timer.c.obj)
 .sbss.curr_tick
                0x000000000000da88        0x8 zephyr/kernel/libkernel.a(timeout.c.obj)
 .sbss.accuracy_hw
                0x000000000000da90        0x4 app/libapp.a(main.c.obj)
                0x000000000000da90                accuracy_hw
 .sbss.dts_ord_9_ctx
                0x000000000000da94        0x8 zephyr/libzephyr.a(soc.c.obj)
 .sbss.heap_sz  0x000000000000da9c        0x4 zephyr/lib/libc/newlib/liblib__libc__newlib.a(libc-hooks.c.obj)
 .sbss.save_irq
                0x000000000000daa0        0x4 zephyr/drivers/interrupt_controller/libdrivers__interrupt_controller.a(intc_swerv_pic.c.obj)
 .sbss.uart_console_dev
                0x000000000000daa4        0x4 zephyr/drivers/console/libdrivers__console.a(uart_console.c.obj)
 .sbss.gpio_veerwolf_data_0
                0x000000000000daa8        0x4 zephyr/drivers/gpio/libdrivers__gpio.a(gpio_veerwolf.c.obj)
 .sbss.slice_max_prio
                0x000000000000daac        0x4 zephyr/kernel/libkernel.a(sched.c.obj)
 .sbss.slice_time
                0x000000000000dab0        0x4 zephyr/kernel/libkernel.a(sched.c.obj)
 .sbss.announce_remaining
                0x000000000000dab4        0x4 zephyr/kernel/libkernel.a(timeout.c.obj)
 .sbss.__malloc_free_list
                0x000000000000dab8        0x4 /home/rui/zephyr-sdk-0.13.1/riscv64-zephyr-elf/riscv64-zephyr-elf/lib/./libc_nano.a(lib_a-nano-mallocr.o)
                0x000000000000dab8                __malloc_free_list
 .sbss.__malloc_sbrk_start
                0x000000000000dabc        0x4 /home/rui/zephyr-sdk-0.13.1/riscv64-zephyr-elf/riscv64-zephyr-elf/lib/./libc_nano.a(lib_a-nano-mallocr.o)
                0x000000000000dabc                __malloc_sbrk_start
 .sbss.errno    0x000000000000dac0        0x4 /home/rui/zephyr-sdk-0.13.1/riscv64-zephyr-elf/riscv64-zephyr-elf/lib/./libc_nano.a(lib_a-reent.o)
                0x000000000000dac0                errno
 .sbss.z_sys_post_kernel
                0x000000000000dac4        0x1 zephyr/kernel/libkernel.a(init.c.obj)
                0x000000000000dac4                z_sys_post_kernel
 *(SORT_BY_ALIGNMENT(.bss))
 *(SORT_BY_ALIGNMENT(.bss.*))
 *fill*         0x000000000000dac5        0x3 
 .bss.threads   0x000000000000dac8      0x280 app/libapp.a(main.c.obj)
 .bss.z_idle_threads
                0x000000000000dd48       0x80 zephyr/kernel/libkernel.a(init.c.obj)
                0x000000000000dd48                z_idle_threads
 .bss.z_main_thread
                0x000000000000ddc8       0x80 zephyr/kernel/libkernel.a(init.c.obj)
                0x000000000000ddc8                z_main_thread
 .bss.completed
                0x000000000000de48       0x10 app/libapp.a(main.c.obj)
                0x000000000000de48                completed
 .bss.thread_ids
                0x000000000000de58       0x14 app/libapp.a(main.c.obj)
                0x000000000000de58                thread_ids
 .bss._kernel   0x000000000000de6c       0x24 zephyr/kernel/libkernel.a(init.c.obj)
                0x000000000000de6c                _kernel
 .bss.lock      0x000000000000de90        0x0 zephyr/kernel/libkernel.a(mutex.c.obj)
 .bss.lock      0x000000000000de90        0x0 zephyr/kernel/libkernel.a(sem.c.obj)
 .bss.sched_spinlock
                0x000000000000de90        0x0 zephyr/kernel/libkernel.a(sched.c.obj)
                0x000000000000de90                sched_spinlock
 *(SORT_BY_ALIGNMENT(COMMON))
                0x000000000000de90                __bss_end = ALIGN (0x4)

noinit          0x000000000000de90     0x2430
 *(SORT_BY_ALIGNMENT(.noinit))
 *(SORT_BY_ALIGNMENT(.noinit.*))
 .noinit."WEST_TOPDIR/zephyr/samples/my_zephyr_app/nnUC3/main.c".2
                0x000000000000de90     0x1400 app/libapp.a(main.c.obj)
 .noinit."WEST_TOPDIR/zephyr/kernel/init.c".0
                0x000000000000f290      0x400 zephyr/kernel/libkernel.a(init.c.obj)
                0x000000000000f290                z_main_stack
 .noinit."WEST_TOPDIR/zephyr/kernel/init.c".1
                0x000000000000f690      0x200 zephyr/kernel/libkernel.a(init.c.obj)
 .noinit."WEST_TOPDIR/zephyr/kernel/init.c".2
                0x000000000000f890      0x800 zephyr/kernel/libkernel.a(init.c.obj)
                0x000000000000f890                z_interrupt_stacks
 .noinit."WEST_TOPDIR/zephyr/samples/my_zephyr_app/nnUC3/main.c".0
                0x0000000000010090      0x118 app/libapp.a(main.c.obj)
 .noinit."WEST_TOPDIR/zephyr/samples/my_zephyr_app/nnUC3/main.c".1
                0x00000000000101a8      0x118 app/libapp.a(main.c.obj)

datas           0x00000000000102c0   0x1f3400
                0x00000000000102c0                . = ALIGN (0x4)
                0x00000000000102c0                __data_region_start = .
                0x00000000000102c0                __data_start = .
 *(SORT_BY_ALIGNMENT(.data))
 *(SORT_BY_ALIGNMENT(.data.*))
 .data.W1       0x00000000000102c0    0x62000 app/libapp.a(main.c.obj)
                0x00000000000102c0                W1
 .data.W2       0x00000000000722c0     0x8000 app/libapp.a(main.c.obj)
                0x00000000000722c0                W2
 .data.W3       0x000000000007a2c0      0xa00 app/libapp.a(main.c.obj)
                0x000000000007a2c0                W3
 .data.digits   0x000000000007acc0   0x188000 app/libapp.a(main.c.obj)
                0x000000000007acc0                digits
 .data.digitsy  0x0000000000202cc0      0x800 app/libapp.a(main.c.obj)
                0x0000000000202cc0                digitsy
 .data.impure_data
                0x00000000002034c0       0x60 /home/rui/zephyr-sdk-0.13.1/riscv64-zephyr-elf/riscv64-zephyr-elf/lib/./libc_nano.a(lib_a-impure.o)
 .data.__global_locale
                0x0000000000203520      0x16c /home/rui/zephyr-sdk-0.13.1/riscv64-zephyr-elf/riscv64-zephyr-elf/lib/./libc_nano.a(lib_a-locale.o)
                0x0000000000203520                __global_locale
 *(SORT_BY_ALIGNMENT(.sdata) SORT_BY_ALIGNMENT(.sdata.*) SORT_BY_ALIGNMENT(.gnu.linkonce.s.*))
 .sdata.acceleratorGIER
                0x000000000020368c        0x4 app/libapp.a(main.c.obj)
                0x000000000020368c                acceleratorGIER
 .sdata.acceleratorIP_IER
                0x0000000000203690        0x4 app/libapp.a(main.c.obj)
                0x0000000000203690                acceleratorIP_IER
 .sdata.acceleratorIP_ISR
                0x0000000000203694        0x4 app/libapp.a(main.c.obj)
                0x0000000000203694                acceleratorIP_ISR
 .sdata._char_out
                0x0000000000203698        0x4 zephyr/libzephyr.a(printk.c.obj)
                0x0000000000203698                _char_out
 .sdata._stdin_hook
                0x000000000020369c        0x4 zephyr/lib/libc/newlib/liblib__libc__newlib.a(libc-hooks.c.obj)
 .sdata._stdout_hook
                0x00000000002036a0        0x4 zephyr/lib/libc/newlib/liblib__libc__newlib.a(libc-hooks.c.obj)
 .sdata.uart_ns16550_dev_data_0
                0x00000000002036a4        0x8 zephyr/drivers/serial/libdrivers__serial.a(uart_ns16550.c.obj)
 .sdata.timeout_list
                0x00000000002036ac        0x8 zephyr/kernel/libkernel.a(timeout.c.obj)
 .sdata.z_clock_hw_cycles_per_sec
                0x00000000002036b4        0x4 zephyr/kernel/libkernel.a(timeout.c.obj)
                0x00000000002036b4                z_clock_hw_cycles_per_sec
 .sdata.__fdlib_version
                0x00000000002036b8        0x4 /home/rui/zephyr-sdk-0.13.1/riscv64-zephyr-elf/riscv64-zephyr-elf/lib/./libm_nano.a(lib_a-s_lib_ver.o)
                0x00000000002036b8                __fdlib_version
 .sdata._impure_ptr
                0x00000000002036bc        0x4 /home/rui/zephyr-sdk-0.13.1/riscv64-zephyr-elf/riscv64-zephyr-elf/lib/./libc_nano.a(lib_a-impure.o)
                0x00000000002036bc                _impure_ptr
                0x00000000002036c0                __data_end = .
                0x00000000001f3400                __data_size = (__data_end - __data_start)
                0x00000000000102c0                __data_load_start = LOADADDR (datas)
                0x00000000000102c0                __data_region_load_start = LOADADDR (datas)

device_states   0x00000000002036c0       0x10
                0x00000000002036c0                __device_states_start = .
 *(SORT_BY_ALIGNMENT(.z_devstate))
 .z_devstate    0x00000000002036c0        0x4 zephyr/libzephyr.a(soc.c.obj)
 .z_devstate    0x00000000002036c4        0x4 zephyr/drivers/gpio/libdrivers__gpio.a(gpio_veerwolf.c.obj)
 .z_devstate    0x00000000002036c8        0x4 zephyr/drivers/serial/libdrivers__serial.a(uart_ns16550.c.obj)
 .z_devstate    0x00000000002036cc        0x4 zephyr/drivers/timer/libdrivers__timer.a(sys_clock_init.c.obj)
 *(SORT_BY_ALIGNMENT(.z_devstate.*))
                0x00000000002036d0                __device_states_end = .

initshell       0x00000000002036d0        0x0
                0x00000000002036d0                __shell_module_start = .
 *(SORT_BY_ALIGNMENT(.shell_module_*))
                0x00000000002036d0                __shell_module_end = .
                0x00000000002036d0                __shell_cmd_start = .
 *(SORT_BY_ALIGNMENT(.shell_cmd_*))
                0x00000000002036d0                __shell_cmd_end = .

log_dynamic_sections
                0x00000000002036d0        0x0
                0x00000000002036d0                __log_dynamic_start = .
 *(SORT_BY_NAME(SORT_BY_ALIGNMENT(.log_dynamic_*)))
                0x00000000002036d0                __log_dynamic_end = .

_static_thread_data_area
                0x00000000002036d0        0x0
                0x00000000002036d0                __static_thread_data_list_start = .
 *(SORT_BY_NAME(SORT_BY_ALIGNMENT(.__static_thread_data.static.*)))
                0x00000000002036d0                __static_thread_data_list_end = .

k_timer_area    0x00000000002036d0        0x0
                0x00000000002036d0                _k_timer_list_start = .
 *(SORT_BY_NAME(SORT_BY_ALIGNMENT(._k_timer.static.*)))
                0x00000000002036d0                _k_timer_list_end = .

k_mem_slab_area
                0x00000000002036d0        0x0
                0x00000000002036d0                _k_mem_slab_list_start = .
 *(SORT_BY_NAME(SORT_BY_ALIGNMENT(._k_mem_slab.static.*)))
                0x00000000002036d0                _k_mem_slab_list_end = .

k_mem_pool_area
                0x00000000002036d0        0x0
                0x00000000002036d0                _k_mem_pool_list_start = .
 *(SORT_BY_NAME(SORT_BY_ALIGNMENT(._k_mem_pool.static.*)))
                0x00000000002036d0                _k_mem_pool_list_end = .

k_heap_area     0x00000000002036d0        0x0
                0x00000000002036d0                _k_heap_list_start = .
 *(SORT_BY_NAME(SORT_BY_ALIGNMENT(._k_heap.static.*)))
                0x00000000002036d0                _k_heap_list_end = .

k_mutex_area    0x00000000002036d0       0x50
                0x00000000002036d0                _k_mutex_list_start = .
 *(SORT_BY_NAME(SORT_BY_ALIGNMENT(._k_mutex.static.*)))
 ._k_mutex.static.__lock___malloc_recursive_mutex
                0x00000000002036d0       0x14 zephyr/lib/libc/newlib/liblib__libc__newlib.a(libc-hooks.c.obj)
                0x00000000002036d0                __lock___malloc_recursive_mutex
 ._k_mutex.static.__lock___sfp_recursive_mutex
                0x00000000002036e4       0x14 zephyr/lib/libc/newlib/liblib__libc__newlib.a(libc-hooks.c.obj)
                0x00000000002036e4                __lock___sfp_recursive_mutex
 ._k_mutex.static.__lock___sinit_recursive_mutex
                0x00000000002036f8       0x14 zephyr/lib/libc/newlib/liblib__libc__newlib.a(libc-hooks.c.obj)
                0x00000000002036f8                __lock___sinit_recursive_mutex
 ._k_mutex.static.completed_mutex
                0x000000000020370c       0x14 app/libapp.a(main.c.obj)
                0x000000000020370c                completed_mutex
                0x0000000000203720                _k_mutex_list_end = .

k_stack_area    0x0000000000203720        0x0
                0x0000000000203720                _k_stack_list_start = .
 *(SORT_BY_NAME(SORT_BY_ALIGNMENT(._k_stack.static.*)))
                0x0000000000203720                _k_stack_list_end = .

k_msgq_area     0x0000000000203720       0x50
                0x0000000000203720                _k_msgq_list_start = .
 *(SORT_BY_NAME(SORT_BY_ALIGNMENT(._k_msgq.static.*)))
 ._k_msgq.static.accel_msgq
                0x0000000000203720       0x28 app/libapp.a(main.c.obj)
                0x0000000000203720                accel_msgq
 ._k_msgq.static.reply_msgq
                0x0000000000203748       0x28 app/libapp.a(main.c.obj)
                0x0000000000203748                reply_msgq
                0x0000000000203770                _k_msgq_list_end = .

k_mbox_area     0x0000000000203770        0x0
                0x0000000000203770                _k_mbox_list_start = .
 *(SORT_BY_NAME(SORT_BY_ALIGNMENT(._k_mbox.static.*)))
                0x0000000000203770                _k_mbox_list_end = .

k_pipe_area     0x0000000000203770        0x0
                0x0000000000203770                _k_pipe_list_start = .
 *(SORT_BY_NAME(SORT_BY_ALIGNMENT(._k_pipe.static.*)))
                0x0000000000203770                _k_pipe_list_end = .

k_sem_area      0x0000000000203770       0x10
                0x0000000000203770                _k_sem_list_start = .
 *(SORT_BY_NAME(SORT_BY_ALIGNMENT(._k_sem.static.*)))
 ._k_sem.static.accel_sem
                0x0000000000203770       0x10 app/libapp.a(main.c.obj)
                0x0000000000203770                accel_sem
                0x0000000000203780                _k_sem_list_end = .

k_queue_area    0x0000000000203780        0x0
                0x0000000000203780                _k_queue_list_start = .
 *(SORT_BY_NAME(SORT_BY_ALIGNMENT(._k_queue.static.*)))
                0x0000000000203780                _k_queue_list_end = .

k_condvar_area  0x0000000000203780        0x0
                0x0000000000203780                _k_condvar_list_start = .
 *(SORT_BY_NAME(SORT_BY_ALIGNMENT(._k_condvar.static.*)))
                0x0000000000203780                _k_condvar_list_end = .

_net_buf_pool_area
                0x0000000000203780        0x0
                0x0000000000203780                _net_buf_pool_list = .
 *(SORT_BY_NAME(SORT_BY_ALIGNMENT(._net_buf_pool.static.*)))
                0x0000000000203780                __data_region_end = .
                0x0000000000203780                _image_ram_end = .
                0x0000000000203780                _end = .
                0x0000000000203780                __kernel_ram_end = .
                0x00000000001f5d00                __kernel_ram_size = (__kernel_ram_end - __kernel_ram_start)

/DISCARD/
 *(SORT_BY_ALIGNMENT(.irq_info*))
 *(SORT_BY_ALIGNMENT(.intList*))
 *(SORT_BY_ALIGNMENT(.note.GNU-stack))

.stab
 *(SORT_BY_ALIGNMENT(.stab))

.stabstr
 *(SORT_BY_ALIGNMENT(.stabstr))

.stab.excl
 *(SORT_BY_ALIGNMENT(.stab.excl))

.stab.exclstr
 *(SORT_BY_ALIGNMENT(.stab.exclstr))

.stab.index
 *(SORT_BY_ALIGNMENT(.stab.index))

.stab.indexstr
 *(SORT_BY_ALIGNMENT(.stab.indexstr))

.gnu.build.attributes
 *(SORT_BY_ALIGNMENT(.gnu.build.attributes) SORT_BY_ALIGNMENT(.gnu.build.attributes.*))

.comment        0x0000000000000000       0x2e
 *(SORT_BY_ALIGNMENT(.comment))
 .comment       0x0000000000000000       0x2e zephyr/CMakeFiles/zephyr_final.dir/isr_tables.c.obj
                                         0x2f (size before relaxing)
 .comment       0x000000000000002e       0x2f zephyr/CMakeFiles/zephyr_final.dir/dev_handles.c.obj
 .comment       0x000000000000002e       0x2f zephyr/CMakeFiles/offsets.dir/./arch/riscv/core/offsets/offsets.c.obj
 .comment       0x000000000000002e       0x2f app/libapp.a(main.c.obj)
 .comment       0x000000000000002e       0x2f app/libapp.a(nn.c.obj)
 .comment       0x000000000000002e       0x2f app/libapp.a(multiply.c.obj)
 .comment       0x000000000000002e       0x2f zephyr/libzephyr.a(printk.c.obj)
 .comment       0x000000000000002e       0x2f zephyr/libzephyr.a(thread_entry.c.obj)
 .comment       0x000000000000002e       0x2f zephyr/libzephyr.a(heap.c.obj)
 .comment       0x000000000000002e       0x2f zephyr/libzephyr.a(cbprintf_complete.c.obj)
 .comment       0x000000000000002e       0x2f zephyr/libzephyr.a(configs.c.obj)
 .comment       0x000000000000002e       0x2f zephyr/libzephyr.a(irq.c.obj)
 .comment       0x000000000000002e       0x2f zephyr/libzephyr.a(soc.c.obj)
 .comment       0x000000000000002e       0x2f zephyr/arch/arch/riscv/core/libarch__riscv__core.a(cpu_idle.c.obj)
 .comment       0x000000000000002e       0x2f zephyr/arch/arch/riscv/core/libarch__riscv__core.a(fatal.c.obj)
 .comment       0x000000000000002e       0x2f zephyr/arch/arch/riscv/core/libarch__riscv__core.a(irq_manage.c.obj)
 .comment       0x000000000000002e       0x2f zephyr/arch/arch/riscv/core/libarch__riscv__core.a(prep_c.c.obj)
 .comment       0x000000000000002e       0x2f zephyr/arch/arch/riscv/core/libarch__riscv__core.a(thread.c.obj)
 .comment       0x000000000000002e       0x2f zephyr/lib/libc/newlib/liblib__libc__newlib.a(libc-hooks.c.obj)
 .comment       0x000000000000002e       0x2f zephyr/drivers/interrupt_controller/libdrivers__interrupt_controller.a(intc_swerv_pic.c.obj)
 .comment       0x000000000000002e       0x2f zephyr/drivers/console/libdrivers__console.a(uart_console.c.obj)
 .comment       0x000000000000002e       0x2f zephyr/drivers/gpio/libdrivers__gpio.a(gpio_mmio32.c.obj)
 .comment       0x000000000000002e       0x2f zephyr/drivers/gpio/libdrivers__gpio.a(gpio_veerwolf.c.obj)
 .comment       0x000000000000002e       0x2f zephyr/drivers/serial/libdrivers__serial.a(uart_ns16550.c.obj)
 .comment       0x000000000000002e       0x2f zephyr/drivers/timer/libdrivers__timer.a(sys_clock_init.c.obj)
 .comment       0x000000000000002e       0x2f zephyr/drivers/timer/libdrivers__timer.a(riscv_machine_timer.c.obj)
 .comment       0x000000000000002e       0x2f zephyr/kernel/libkernel.a(device.c.obj)
 .comment       0x000000000000002e       0x2f zephyr/kernel/libkernel.a(errno.c.obj)
 .comment       0x000000000000002e       0x2f zephyr/kernel/libkernel.a(fatal.c.obj)
 .comment       0x000000000000002e       0x2f zephyr/kernel/libkernel.a(init.c.obj)
 .comment       0x000000000000002e       0x2f zephyr/kernel/libkernel.a(thread.c.obj)
 .comment       0x000000000000002e       0x2f zephyr/kernel/libkernel.a(idle.c.obj)
 .comment       0x000000000000002e       0x2f zephyr/kernel/libkernel.a(msg_q.c.obj)
 .comment       0x000000000000002e       0x2f zephyr/kernel/libkernel.a(mutex.c.obj)
 .comment       0x000000000000002e       0x2f zephyr/kernel/libkernel.a(sem.c.obj)
 .comment       0x000000000000002e       0x2f zephyr/kernel/libkernel.a(sched.c.obj)
 .comment       0x000000000000002e       0x2f zephyr/kernel/libkernel.a(timeout.c.obj)
 .comment       0x000000000000002e       0x2f zephyr/kernel/libkernel.a(banner.c.obj)
 .comment       0x000000000000002e       0x2f zephyr/kernel/libkernel.a(kheap.c.obj)

.debug
 *(SORT_BY_ALIGNMENT(.debug))

.line
 *(SORT_BY_ALIGNMENT(.line))

.debug_srcinfo
 *(SORT_BY_ALIGNMENT(.debug_srcinfo))

.debug_sfnames
 *(SORT_BY_ALIGNMENT(.debug_sfnames))

.debug_aranges  0x0000000000000000      0xcc8
 *(SORT_BY_ALIGNMENT(.debug_aranges))
 .debug_aranges
                0x0000000000000000       0x28 zephyr/libzephyr.a(soc_irq.S.obj)
 .debug_aranges
                0x0000000000000028       0x20 zephyr/libzephyr.a(vector.S.obj)
 .debug_aranges
                0x0000000000000048       0x20 zephyr/arch/arch/riscv/core/libarch__riscv__core.a(isr.S.obj)
 .debug_aranges
                0x0000000000000068       0x20 zephyr/arch/arch/riscv/core/libarch__riscv__core.a(reset.S.obj)
 .debug_aranges
                0x0000000000000088       0x28 zephyr/arch/arch/riscv/core/libarch__riscv__core.a(swap.S.obj)
 .debug_aranges
                0x00000000000000b0       0x18 zephyr/CMakeFiles/zephyr_final.dir/isr_tables.c.obj
 .debug_aranges
                0x00000000000000c8       0x18 zephyr/CMakeFiles/zephyr_final.dir/dev_handles.c.obj
 .debug_aranges
                0x00000000000000e0       0x20 zephyr/CMakeFiles/offsets.dir/./arch/riscv/core/offsets/offsets.c.obj
 .debug_aranges
                0x0000000000000100       0x60 app/libapp.a(main.c.obj)
 .debug_aranges
                0x0000000000000160       0x30 app/libapp.a(nn.c.obj)
 .debug_aranges
                0x0000000000000190       0x30 app/libapp.a(multiply.c.obj)
 .debug_aranges
                0x00000000000001c0       0x68 zephyr/libzephyr.a(printk.c.obj)
 .debug_aranges
                0x0000000000000228       0x20 zephyr/libzephyr.a(thread_entry.c.obj)
 .debug_aranges
                0x0000000000000248       0xa8 zephyr/libzephyr.a(heap.c.obj)
 .debug_aranges
                0x00000000000002f0       0x38 zephyr/libzephyr.a(cbprintf_complete.c.obj)
 .debug_aranges
                0x0000000000000328       0x20 zephyr/libzephyr.a(configs.c.obj)
 .debug_aranges
                0x0000000000000348       0x20 zephyr/libzephyr.a(irq.c.obj)
 .debug_aranges
                0x0000000000000368       0x20 zephyr/libzephyr.a(soc.c.obj)
 .debug_aranges
                0x0000000000000388       0x28 zephyr/arch/arch/riscv/core/libarch__riscv__core.a(cpu_idle.c.obj)
 .debug_aranges
                0x00000000000003b0       0x28 zephyr/arch/arch/riscv/core/libarch__riscv__core.a(fatal.c.obj)
 .debug_aranges
                0x00000000000003d8       0x20 zephyr/arch/arch/riscv/core/libarch__riscv__core.a(irq_manage.c.obj)
 .debug_aranges
                0x00000000000003f8       0x20 zephyr/arch/arch/riscv/core/libarch__riscv__core.a(prep_c.c.obj)
 .debug_aranges
                0x0000000000000418       0x20 zephyr/arch/arch/riscv/core/libarch__riscv__core.a(thread.c.obj)
 .debug_aranges
                0x0000000000000438      0x100 zephyr/lib/libc/newlib/liblib__libc__newlib.a(libc-hooks.c.obj)
 .debug_aranges
                0x0000000000000538       0x68 zephyr/drivers/interrupt_controller/libdrivers__interrupt_controller.a(intc_swerv_pic.c.obj)
 .debug_aranges
                0x00000000000005a0       0x28 zephyr/drivers/console/libdrivers__console.a(uart_console.c.obj)
 .debug_aranges
                0x00000000000005c8       0x58 zephyr/drivers/gpio/libdrivers__gpio.a(gpio_mmio32.c.obj)
 .debug_aranges
                0x0000000000000620       0x58 zephyr/drivers/gpio/libdrivers__gpio.a(gpio_veerwolf.c.obj)
 .debug_aranges
                0x0000000000000678       0x48 zephyr/drivers/serial/libdrivers__serial.a(uart_ns16550.c.obj)
 .debug_aranges
                0x00000000000006c0       0x40 zephyr/drivers/timer/libdrivers__timer.a(sys_clock_init.c.obj)
 .debug_aranges
                0x0000000000000700       0x48 zephyr/drivers/timer/libdrivers__timer.a(riscv_machine_timer.c.obj)
 .debug_aranges
                0x0000000000000748       0x48 zephyr/kernel/libkernel.a(device.c.obj)
 .debug_aranges