Archive member included to satisfy reference by file (symbol)

app/libapp.a(main.c.obj)      (--whole-archive)
app/libapp.a(matrix.c.obj)    (--whole-archive)
app/libapp.a(multiply.c.obj)  (--whole-archive)
zephyr/libzephyr.a(cbprintf.c.obj)
                              (--whole-archive)
zephyr/libzephyr.a(cbprintf_packaged.c.obj)
                              (--whole-archive)
zephyr/libzephyr.a(crc32c_sw.c.obj)
                              (--whole-archive)
zephyr/libzephyr.a(crc32_sw.c.obj)
                              (--whole-archive)
zephyr/libzephyr.a(crc16_sw.c.obj)
                              (--whole-archive)
zephyr/libzephyr.a(crc8_sw.c.obj)
                              (--whole-archive)
zephyr/libzephyr.a(crc7_sw.c.obj)
                              (--whole-archive)
zephyr/libzephyr.a(dec.c.obj)
                              (--whole-archive)
zephyr/libzephyr.a(fdtable.c.obj)
                              (--whole-archive)
zephyr/libzephyr.a(hex.c.obj)
                              (--whole-archive)
zephyr/libzephyr.a(notify.c.obj)
                              (--whole-archive)
zephyr/libzephyr.a(printk.c.obj)
                              (--whole-archive)
zephyr/libzephyr.a(onoff.c.obj)
                              (--whole-archive)
zephyr/libzephyr.a(rb.c.obj)  (--whole-archive)
zephyr/libzephyr.a(sem.c.obj)
                              (--whole-archive)
zephyr/libzephyr.a(thread_entry.c.obj)
                              (--whole-archive)
zephyr/libzephyr.a(timeutil.c.obj)
                              (--whole-archive)
zephyr/libzephyr.a(heap.c.obj)
                              (--whole-archive)
zephyr/libzephyr.a(heap-validate.c.obj)
                              (--whole-archive)
zephyr/libzephyr.a(bitarray.c.obj)
                              (--whole-archive)
zephyr/libzephyr.a(cbprintf_complete.c.obj)
                              (--whole-archive)
zephyr/libzephyr.a(configs.c.obj)
                              (--whole-archive)
zephyr/libzephyr.a(soc_irq.S.obj)
                              (--whole-archive)
zephyr/libzephyr.a(vector.S.obj)
                              (--whole-archive)
zephyr/libzephyr.a(irq.c.obj)
                              (--whole-archive)
zephyr/libzephyr.a(soc.c.obj)
                              (--whole-archive)
zephyr/libzephyr.a(tracing_none.c.obj)
                              (--whole-archive)
zephyr/arch/common/libarch__common.a(sw_isr_common.c.obj)
                              (--whole-archive)
zephyr/arch/arch/riscv/core/libarch__riscv__core.a(cpu_idle.c.obj)
                              (--whole-archive)
zephyr/arch/arch/riscv/core/libarch__riscv__core.a(fatal.c.obj)
                              (--whole-archive)
zephyr/arch/arch/riscv/core/libarch__riscv__core.a(irq_manage.c.obj)
                              (--whole-archive)
zephyr/arch/arch/riscv/core/libarch__riscv__core.a(isr.S.obj)
                              (--whole-archive)
zephyr/arch/arch/riscv/core/libarch__riscv__core.a(prep_c.c.obj)
                              (--whole-archive)
zephyr/arch/arch/riscv/core/libarch__riscv__core.a(reboot.c.obj)
                              (--whole-archive)
zephyr/arch/arch/riscv/core/libarch__riscv__core.a(reset.S.obj)
                              (--whole-archive)
zephyr/arch/arch/riscv/core/libarch__riscv__core.a(swap.S.obj)
                              (--whole-archive)
zephyr/arch/arch/riscv/core/libarch__riscv__core.a(thread.c.obj)
                              (--whole-archive)
zephyr/lib/libc/newlib/liblib__libc__newlib.a(libc-hooks.c.obj)
                              (--whole-archive)
zephyr/lib/posix/liblib__posix.a(pthread_common.c.obj)
                              (--whole-archive)
zephyr/lib/posix/liblib__posix.a(nanosleep.c.obj)
                              (--whole-archive)
zephyr/subsys/random/libsubsys__random.a(rand32_timer.c.obj)
                              (--whole-archive)
zephyr/drivers/interrupt_controller/libdrivers__interrupt_controller.a(intc_swerv_pic.c.obj)
                              (--whole-archive)
zephyr/drivers/console/libdrivers__console.a(uart_console.c.obj)
                              (--whole-archive)
zephyr/drivers/gpio/libdrivers__gpio.a(gpio_mmio32.c.obj)
                              (--whole-archive)
zephyr/drivers/gpio/libdrivers__gpio.a(gpio_veerwolf.c.obj)
                              (--whole-archive)
zephyr/drivers/serial/libdrivers__serial.a(uart_ns16550.c.obj)
                              (--whole-archive)
zephyr/drivers/timer/libdrivers__timer.a(sys_clock_init.c.obj)
                              (--whole-archive)
zephyr/drivers/timer/libdrivers__timer.a(riscv_machine_timer.c.obj)
                              (--whole-archive)
zephyr/kernel/libkernel.a(device.c.obj)
                              zephyr/drivers/console/libdrivers__console.a(uart_console.c.obj) (z_device_ready)
zephyr/kernel/libkernel.a(errno.c.obj)
[...]
Memory Configuration

Name             Origin             Length             Attributes
RAM              0x0000000000000000 0x0000000000800000 xrw
IDT_LIST         0x00000000fffff7ff 0x0000000000000800 xw
*default*        0x0000000000000000 0xffffffffffffffff

Linker script and memory map

LOAD zephyr/CMakeFiles/zephyr_prebuilt.dir/misc/empty_file.c.obj
LOAD zephyr/CMakeFiles/offsets.dir/./arch/riscv/core/offsets/offsets.c.obj

.rel.plt        0x0000000000000000        0x0
 *(SORT_BY_ALIGNMENT(.rel.plt))
                [!provide]                        PROVIDE (__rel_iplt_start = .)
 *(SORT_BY_ALIGNMENT(.rel.iplt))
                [!provide]                        PROVIDE (__rel_iplt_end = .)

.rela.plt       0x0000000000000000        0x0
 *(SORT_BY_ALIGNMENT(.rela.plt))
                [!provide]                        PROVIDE (__rela_iplt_start = .)
 *(SORT_BY_ALIGNMENT(.rela.iplt))
                [!provide]                        PROVIDE (__rela_iplt_end = .)

.rel.dyn
 *(SORT_BY_ALIGNMENT(.rel.*))

.rela.dyn       0x0000000000000000        0x0
 *(SORT_BY_ALIGNMENT(.rela.*))
 .rela.sdata._char_out
                0x0000000000000000        0x0 app/libapp.a(main.c.obj)
 .rela.z_device_PRE_KERNEL_150_
                0x0000000000000000        0x0 app/libapp.a(main.c.obj)
 .rela.exception.entry.__irq_wrapper
                0x0000000000000000        0x0 app/libapp.a(main.c.obj)
 .rela.text._sbrk
                0x0000000000000000        0x0 app/libapp.a(main.c.obj)
 .rela.z_device_POST_KERNEL50_
                0x0000000000000000        0x0 app/libapp.a(main.c.obj)
 .rela.z_device_PRE_KERNEL_20_
                0x0000000000000000        0x0 app/libapp.a(main.c.obj)
 .rela.rodata.levels.0
                0x0000000000000000        0x0 app/libapp.a(main.c.obj)
 .rela.text.k_sys_fatal_error_handler
                0x0000000000000000        0x0 app/libapp.a(main.c.obj)
 .rela.text.z_fatal_error
                0x0000000000000000        0x0 app/libapp.a(main.c.obj)
 .rela.text.z_bss_zero
                0x0000000000000000        0x0 app/libapp.a(main.c.obj)
 .rela.text.z_init_static_threads
                0x0000000000000000        0x0 app/libapp.a(main.c.obj)
 .rela.text.idle
                0x0000000000000000        0x0 app/libapp.a(main.c.obj)
 .rela.text._vfprintf_r
                0x0000000000000000        0x0 app/libapp.a(main.c.obj)
 .rela.text.abort
                0x0000000000000000        0x0 app/libapp.a(main.c.obj)

.plt
 *(SORT_BY_ALIGNMENT(.plt))

.iplt
 *(SORT_BY_ALIGNMENT(.iplt))
                0x0000000000000000                __rom_region_start = 0x0

vector          0x0000000000000000       0x24
                0x0000000000000000                . = ALIGN (0x4)
 *(SORT_BY_ALIGNMENT(.vectors.*))
 .vectors.__start
                0x0000000000000000       0x24 zephyr/libzephyr.a(vector.S.obj)
                0x0000000000000000                __start

rom_start       0x0000000000000024        0xc
                0x0000000000000030                . = ALIGN (0x10)
 *fill*         0x0000000000000024        0xc 

reset
 *(SORT_BY_ALIGNMENT(.reset.*))

exceptions      0x0000000000000030      0x2c0
 *(SORT_BY_ALIGNMENT(.exception.entry.*))
 .exception.entry.__irq_wrapper
                0x0000000000000030      0x270 zephyr/arch/arch/riscv/core/libarch__riscv__core.a(isr.S.obj)
                0x0000000000000030                __irq_wrapper
 *(SORT_BY_ALIGNMENT(.exception.other.*))
 .exception.other.__soc_handle_irq
                0x00000000000002a0       0x10 zephyr/libzephyr.a(soc_irq.S.obj)
                0x00000000000002a0                __soc_handle_irq
 .exception.other.__soc_is_irq
                0x00000000000002b0       0x1c zephyr/libzephyr.a(soc_irq.S.obj)
                0x00000000000002b0                __soc_is_irq
 .exception.other.arch_swap
                0x00000000000002cc       0x24 zephyr/arch/arch/riscv/core/libarch__riscv__core.a(swap.S.obj)
                0x00000000000002cc                arch_swap

text            0x00000000000002f0     0xbe70
                0x00000000000002f0                . = ALIGN (0x4)
 *(SORT_BY_ALIGNMENT(.openocd_debug))
 *(SORT_BY_ALIGNMENT(.openocd_debug.*))
                0x00000000000002f0                __text_region_start = .
 *(SORT_BY_ALIGNMENT(.text))
 .text          0x00000000000002f0       0x4c /home/rui/zephyr-sdk-0.13.1/riscv64-zephyr-elf/bin/../lib/gcc/riscv64-zephyr-elf/10.3.0/libgcc.a(_clzsi2.o)
                0x00000000000002f0                __clzsi2
 .text          0x000000000000033c      0x434 /home/rui/zephyr-sdk-0.13.1/riscv64-zephyr-elf/bin/../lib/gcc/riscv64-zephyr-elf/10.3.0/libgcc.a(_udivdi3.o)
                0x000000000000033c                __udivdi3
 .text          0x0000000000000770      0x404 /home/rui/zephyr-sdk-0.13.1/riscv64-zephyr-elf/bin/../lib/gcc/riscv64-zephyr-elf/10.3.0/libgcc.a(_umoddi3.o)
                0x0000000000000770                __umoddi3
 .text          0x0000000000000b74      0x6e0 /home/rui/zephyr-sdk-0.13.1/riscv64-zephyr-elf/bin/../lib/gcc/riscv64-zephyr-elf/10.3.0/libgcc.a(divdf3.o)
                0x0000000000000b74                __divdf3
 .text          0x0000000000001254       0xe4 /home/rui/zephyr-sdk-0.13.1/riscv64-zephyr-elf/bin/../lib/gcc/riscv64-zephyr-elf/10.3.0/libgcc.a(gedf2.o)
                0x0000000000001254                __gtdf2
                0x0000000000001254                __gedf2
 .text          0x0000000000001338      0x5c8 /home/rui/zephyr-sdk-0.13.1/riscv64-zephyr-elf/bin/../lib/gcc/riscv64-zephyr-elf/10.3.0/libgcc.a(muldf3.o)
                0x0000000000001338                __muldf3
 .text          0x0000000000001900      0x7ec /home/rui/zephyr-sdk-0.13.1/riscv64-zephyr-elf/bin/../lib/gcc/riscv64-zephyr-elf/10.3.0/libgcc.a(subdf3.o)
                0x0000000000001900                __subdf3
 .text          0x00000000000020ec       0x80 /home/rui/zephyr-sdk-0.13.1/riscv64-zephyr-elf/bin/../lib/gcc/riscv64-zephyr-elf/10.3.0/libgcc.a(floatunsidf.o)
                0x00000000000020ec                __floatunsidf
 .text          0x000000000000216c      0x45c /home/rui/zephyr-sdk-0.13.1/riscv64-zephyr-elf/bin/../lib/gcc/riscv64-zephyr-elf/10.3.0/libgcc.a(addsf3.o)
                0x000000000000216c                __addsf3
 .text          0x00000000000025c8      0x304 /home/rui/zephyr-sdk-0.13.1/riscv64-zephyr-elf/bin/../lib/gcc/riscv64-zephyr-elf/10.3.0/libgcc.a(mulsf3.o)
                0x00000000000025c8                __mulsf3
 .text          0x00000000000028cc      0x46c /home/rui/zephyr-sdk-0.13.1/riscv64-zephyr-elf/bin/../lib/gcc/riscv64-zephyr-elf/10.3.0/libgcc.a(subsf3.o)
                0x00000000000028cc                __subsf3
 .text          0x0000000000002d38      0x108 /home/rui/zephyr-sdk-0.13.1/riscv64-zephyr-elf/bin/../lib/gcc/riscv64-zephyr-elf/10.3.0/libgcc.a(floatsisf.o)
                0x0000000000002d38                __floatsisf
 .text          0x0000000000002e40       0xdc /home/rui/zephyr-sdk-0.13.1/riscv64-zephyr-elf/bin/../lib/gcc/riscv64-zephyr-elf/10.3.0/libgcc.a(extendsfdf2.o)
                0x0000000000002e40                __extendsfdf2
 .text          0x0000000000002f1c       0x24 /home/rui/zephyr-sdk-0.13.1/riscv64-zephyr-elf/riscv64-zephyr-elf/lib/./libc_nano.a(lib_a-memcpy-asm.o)
                0x0000000000002f1c                memcpy
 .text          0x0000000000002f40       0x1c /home/rui/zephyr-sdk-0.13.1/riscv64-zephyr-elf/riscv64-zephyr-elf/lib/./libc_nano.a(lib_a-memset.o)
                0x0000000000002f40                memset
 .text          0x0000000000002f5c      0x7d8 /home/rui/zephyr-sdk-0.13.1/riscv64-zephyr-elf/bin/../lib/gcc/riscv64-zephyr-elf/10.3.0/libgcc.a(adddf3.o)
                0x0000000000002f5c                __adddf3
 .text          0x0000000000003734       0x8c /home/rui/zephyr-sdk-0.13.1/riscv64-zephyr-elf/bin/../lib/gcc/riscv64-zephyr-elf/10.3.0/libgcc.a(eqdf2.o)
                0x0000000000003734                __eqdf2
                0x0000000000003734                __nedf2
 .text          0x00000000000037c0       0xe4 /home/rui/zephyr-sdk-0.13.1/riscv64-zephyr-elf/bin/../lib/gcc/riscv64-zephyr-elf/10.3.0/libgcc.a(ledf2.o)
                0x00000000000037c0                __ltdf2
                0x00000000000037c0                __ledf2
 .text          0x00000000000038a4       0x4c /home/rui/zephyr-sdk-0.13.1/riscv64-zephyr-elf/bin/../lib/gcc/riscv64-zephyr-elf/10.3.0/libgcc.a(unorddf2.o)
                0x00000000000038a4                __unorddf2
 .text          0x00000000000038f0       0x80 /home/rui/zephyr-sdk-0.13.1/riscv64-zephyr-elf/bin/../lib/gcc/riscv64-zephyr-elf/10.3.0/libgcc.a(fixdfsi.o)
                0x00000000000038f0                __fixdfsi
 .text          0x0000000000003970       0xa8 /home/rui/zephyr-sdk-0.13.1/riscv64-zephyr-elf/bin/../lib/gcc/riscv64-zephyr-elf/10.3.0/libgcc.a(floatsidf.o)
                0x0000000000003970                __floatsidf
 .text          0x0000000000003a18      0x360 /home/rui/zephyr-sdk-0.13.1/riscv64-zephyr-elf/bin/../lib/gcc/riscv64-zephyr-elf/10.3.0/libgcc.a(trunctfdf2.o)
                0x0000000000003a18                __trunctfdf2
 *(SORT_BY_ALIGNMENT(.text.*))
 .text._OffsetAbsSyms
                0x0000000000003d78        0x4 zephyr/CMakeFiles/offsets.dir/./arch/riscv/core/offsets/offsets.c.obj
                0x0000000000003d78                _OffsetAbsSyms
 .text.my_isr   0x0000000000003d7c       0x24 app/libapp.a(main.c.obj)
                0x0000000000003d7c                my_isr
 .text.thread_accelerator
                0x0000000000003da0       0xe0 app/libapp.a(main.c.obj)
                0x0000000000003da0                thread_accelerator
 .text.my_isr_installer
                0x0000000000003e80        0x8 app/libapp.a(main.c.obj)
                0x0000000000003e80                my_isr_installer
 .text.init_mats
                0x0000000000003e88       0xf8 app/libapp.a(main.c.obj)
                0x0000000000003e88                init_mats
 .text.main     0x0000000000003f80      0x108 app/libapp.a(main.c.obj)
                0x0000000000003f80                main
 .text.define_mats
                0x0000000000004088       0xdc app/libapp.a(main.c.obj)
                0x0000000000004088                define_mats
 .text.thread_software
                0x0000000000004164       0xd8 app/libapp.a(main.c.obj)
                0x0000000000004164                thread_software
 .text.verify_matmul
                0x000000000000423c       0xec app/libapp.a(matrix.c.obj)
                0x000000000000423c                verify_matmul
 .text.multiply_mat_sw
                0x0000000000004328      0x140 app/libapp.a(multiply.c.obj)
                0x0000000000004328                multiply_mat_sw
 .text.multiply_mat_hw
                0x0000000000004468       0x4c app/libapp.a(multiply.c.obj)
                0x0000000000004468                multiply_mat_hw
 .text.arch_printk_char_out
                0x00000000000044b4        0x8 zephyr/libzephyr.a(printk.c.obj)
                0x00000000000044b4                arch_printk_char_out
 .text.char_out
                0x00000000000044bc       0x18 zephyr/libzephyr.a(printk.c.obj)
 .text.str_out  0x00000000000044d4       0x40 zephyr/libzephyr.a(printk.c.obj)
 .text.__printk_hook_install
                0x0000000000004514        0xc zephyr/libzephyr.a(printk.c.obj)
                0x0000000000004514                __printk_hook_install
 .text.vprintk  0x0000000000004520       0x30 zephyr/libzephyr.a(printk.c.obj)
                0x0000000000004520                vprintk
 .text.printk   0x0000000000004550       0x3c zephyr/libzephyr.a(printk.c.obj)
                0x0000000000004550                printk
 .text.vsnprintk
                0x000000000000458c       0x50 zephyr/libzephyr.a(printk.c.obj)
                0x000000000000458c                vsnprintk
 .text.snprintk
                0x00000000000045dc       0x34 zephyr/libzephyr.a(printk.c.obj)
                0x00000000000045dc                snprintk
 .text.z_thread_entry
                0x0000000000004610       0x24 zephyr/libzephyr.a(thread_entry.c.obj)
                0x0000000000004610                z_thread_entry
 .text.extract_decimal
                0x0000000000004634       0x48 zephyr/libzephyr.a(cbprintf_complete.c.obj)
 .text.encode_uint
                0x000000000000467c      0x16c zephyr/libzephyr.a(cbprintf_complete.c.obj)
 .text.outs     0x00000000000047e8       0x78 zephyr/libzephyr.a(cbprintf_complete.c.obj)
 .text.cbvprintf
                0x0000000000004860      0xa7c zephyr/libzephyr.a(cbprintf_complete.c.obj)
                0x0000000000004860                cbvprintf
 .text._ConfigAbsSyms
                0x00000000000052dc        0x4 zephyr/libzephyr.a(configs.c.obj)
                0x00000000000052dc                _ConfigAbsSyms
 .text.soc_interrupt_init
                0x00000000000052e0       0x14 zephyr/libzephyr.a(irq.c.obj)
                0x00000000000052e0                soc_interrupt_init
 .text.fix_baud_rate
                0x00000000000052f4       0x58 zephyr/libzephyr.a(soc.c.obj)
 .text.arch_cpu_idle
                0x000000000000534c        0xc zephyr/arch/arch/riscv/core/libarch__riscv__core.a(cpu_idle.c.obj)
                0x000000000000534c                arch_cpu_idle
 .text.z_riscv_fatal_error
                0x0000000000005358        0xc zephyr/arch/arch/riscv/core/libarch__riscv__core.a(fatal.c.obj)
                0x0000000000005358                z_riscv_fatal_error
 .text._Fault   0x0000000000005364       0x1c zephyr/arch/arch/riscv/core/libarch__riscv__core.a(fatal.c.obj)
                0x0000000000005364                _Fault
 .text.z_irq_spurious
                0x0000000000005380       0x18 zephyr/arch/arch/riscv/core/libarch__riscv__core.a(irq_manage.c.obj)
                0x0000000000005380                z_irq_spurious
 .text._PrepC   0x0000000000005398       0x14 zephyr/arch/arch/riscv/core/libarch__riscv__core.a(prep_c.c.obj)
                0x0000000000005398                _PrepC
 .text.__initialize
                0x00000000000053ac       0x2c zephyr/arch/arch/riscv/core/libarch__riscv__core.a(reset.S.obj)
                0x00000000000053ac                __initialize
 .text.z_thread_entry_wrapper
                0x00000000000053d8        0x4 zephyr/arch/arch/riscv/core/libarch__riscv__core.a(swap.S.obj)
                0x00000000000053d8                z_thread_entry_wrapper
 .text.arch_new_thread
                0x00000000000053dc       0x38 zephyr/arch/arch/riscv/core/libarch__riscv__core.a(thread.c.obj)
                0x00000000000053dc                arch_new_thread
 .text.malloc_prepare
                0x0000000000005414        0x8 zephyr/lib/libc/newlib/liblib__libc__newlib.a(libc-hooks.c.obj)
 .text._stdout_hook_default
                0x000000000000541c        0x8 zephyr/lib/libc/newlib/liblib__libc__newlib.a(libc-hooks.c.obj)
 .text._stdin_hook_default
                0x0000000000005424        0x8 zephyr/lib/libc/newlib/liblib__libc__newlib.a(libc-hooks.c.obj)
 .text.__stdout_hook_install
                0x000000000000542c        0xc zephyr/lib/libc/newlib/liblib__libc__newlib.a(libc-hooks.c.obj)
                0x000000000000542c                __stdout_hook_install
 .text.z_impl_zephyr_read_stdin
                0x0000000000005438       0x80 zephyr/lib/libc/newlib/liblib__libc__newlib.a(libc-hooks.c.obj)
                0x0000000000005438                z_impl_zephyr_read_stdin
 .text.z_impl_zephyr_write_stdout
                0x00000000000054b8       0x98 zephyr/lib/libc/newlib/liblib__libc__newlib.a(libc-hooks.c.obj)
                0x00000000000054b8                z_impl_zephyr_write_stdout
 .text._read    0x0000000000005550        0xc zephyr/lib/libc/newlib/liblib__libc__newlib.a(libc-hooks.c.obj)
                0x0000000000005550                read
                0x0000000000005550                _read
 .text._write   0x000000000000555c        0xc zephyr/lib/libc/newlib/liblib__libc__newlib.a(libc-hooks.c.obj)
                0x000000000000555c                write
                0x000000000000555c                _write
 .text._close   0x0000000000005568        0x8 zephyr/lib/libc/newlib/liblib__libc__newlib.a(libc-hooks.c.obj)
                0x0000000000005568                close
                0x0000000000005568                _close
 .text._lseek   0x0000000000005570        0x8 zephyr/lib/libc/newlib/liblib__libc__newlib.a(libc-hooks.c.obj)
                0x0000000000005570                lseek
                0x0000000000005570                _lseek
 .text._isatty  0x0000000000005578        0x8 zephyr/lib/libc/newlib/liblib__libc__newlib.a(libc-hooks.c.obj)
                0x0000000000005578                isatty
                0x0000000000005578                _isatty
 .text._kill    0x0000000000005580        0x8 zephyr/lib/libc/newlib/liblib__libc__newlib.a(libc-hooks.c.obj)
                0x0000000000005580                kill
                0x0000000000005580                _kill
 .text._getpid  0x0000000000005588        0x8 zephyr/lib/libc/newlib/liblib__libc__newlib.a(libc-hooks.c.obj)
                0x0000000000005588                _getpid
                0x0000000000005588                getpid
 .text._fstat   0x0000000000005590       0x10 zephyr/lib/libc/newlib/liblib__libc__newlib.a(libc-hooks.c.obj)
                0x0000000000005590                _fstat
                0x0000000000005590                fstat
 .text._exit    0x00000000000055a0       0x1c zephyr/lib/libc/newlib/liblib__libc__newlib.a(libc-hooks.c.obj)
                0x00000000000055a0                _exit
 .text._sbrk    0x00000000000055bc       0x38 zephyr/lib/libc/newlib/liblib__libc__newlib.a(libc-hooks.c.obj)
                0x00000000000055bc                _sbrk
                0x00000000000055bc                sbrk
 .text.__retarget_lock_init_recursive
                0x00000000000055f4       0x2c zephyr/lib/libc/newlib/liblib__libc__newlib.a(libc-hooks.c.obj)
                0x00000000000055f4                __retarget_lock_init_recursive
 .text.__retarget_lock_acquire_recursive
                0x0000000000005620        0xc zephyr/lib/libc/newlib/liblib__libc__newlib.a(libc-hooks.c.obj)
                0x0000000000005620                __retarget_lock_acquire_recursive
 .text.__retarget_lock_release_recursive
                0x000000000000562c        0x4 zephyr/lib/libc/newlib/liblib__libc__newlib.a(libc-hooks.c.obj)
                0x000000000000562c                __retarget_lock_release_recursive
 .text.z_impl_sys_rand32_get
                0x0000000000005630       0x3c zephyr/subsys/random/libsubsys__random.a(rand32_timer.c.obj)
                0x0000000000005630                z_impl_sys_rand32_get
 .text.swerv_pic_init
                0x000000000000566c       0x8c zephyr/drivers/interrupt_controller/libdrivers__interrupt_controller.a(intc_swerv_pic.c.obj)
 .text.swerv_pic_irq_handler
                0x00000000000056f8       0x88 zephyr/drivers/interrupt_controller/libdrivers__interrupt_controller.a(intc_swerv_pic.c.obj)
 .text.swerv_pic_irq_enable
                0x0000000000005780       0x38 zephyr/drivers/interrupt_controller/libdrivers__interrupt_controller.a(intc_swerv_pic.c.obj)
                0x0000000000005780                swerv_pic_irq_enable
 .text.arch_irq_enable
                0x00000000000057b8       0x1c zephyr/drivers/interrupt_controller/libdrivers__interrupt_controller.a(intc_swerv_pic.c.obj)
                0x00000000000057b8                arch_irq_enable
 .text.uart_console_init
                0x00000000000057d4       0x58 zephyr/drivers/console/libdrivers__console.a(uart_console.c.obj)
 .text.console_out
                0x000000000000582c       0x64 zephyr/drivers/console/libdrivers__console.a(uart_console.c.obj)
 .text.gpio_mmio32_config
                0x0000000000005890       0x98 zephyr/drivers/gpio/libdrivers__gpio.a(gpio_mmio32.c.obj)
 .text.gpio_mmio32_port_get_raw
                0x0000000000005928       0x24 zephyr/drivers/gpio/libdrivers__gpio.a(gpio_mmio32.c.obj)
 .text.gpio_mmio32_port_set_masked_raw
                0x000000000000594c       0x40 zephyr/drivers/gpio/libdrivers__gpio.a(gpio_mmio32.c.obj)
 .text.gpio_mmio32_port_set_bits_raw
                0x000000000000598c       0x38 zephyr/drivers/gpio/libdrivers__gpio.a(gpio_mmio32.c.obj)
 .text.gpio_mmio32_port_clear_bits_raw
                0x00000000000059c4       0x3c zephyr/drivers/gpio/libdrivers__gpio.a(gpio_mmio32.c.obj)
 .text.gpio_mmio32_port_toggle_bits
                0x0000000000005a00       0x38 zephyr/drivers/gpio/libdrivers__gpio.a(gpio_mmio32.c.obj)
 .text.gpio_mmio32_pin_interrupt_configure
                0x0000000000005a38       0x14 zephyr/drivers/gpio/libdrivers__gpio.a(gpio_mmio32.c.obj)
 .text.gpio_mmio32_init
                0x0000000000005a4c       0x14 zephyr/drivers/gpio/libdrivers__gpio.a(gpio_mmio32.c.obj)
                0x0000000000005a4c                gpio_mmio32_init
 .text.gpio_veerwolf_init
                0x0000000000005a60        0x8 zephyr/drivers/gpio/libdrivers__gpio.a(gpio_veerwolf.c.obj)
 .text.gpio_veerwolf_configure
                0x0000000000005a68        0x8 zephyr/drivers/gpio/libdrivers__gpio.a(gpio_veerwolf.c.obj)
 .text.gpio_veerwolf_port_get_raw
                0x0000000000005a70       0x18 zephyr/drivers/gpio/libdrivers__gpio.a(gpio_veerwolf.c.obj)
 .text.gpio_veerwolf_port_set_masked_raw
                0x0000000000005a88       0x24 zephyr/drivers/gpio/libdrivers__gpio.a(gpio_veerwolf.c.obj)
 .text.gpio_veerwolf_port_set_bits_raw
                0x0000000000005aac       0x1c zephyr/drivers/gpio/libdrivers__gpio.a(gpio_veerwolf.c.obj)
 .text.gpio_veerwolf_port_clear_bits_raw
                0x0000000000005ac8       0x20 zephyr/drivers/gpio/libdrivers__gpio.a(gpio_veerwolf.c.obj)
 .text.gpio_veerwolf_port_toggle_bits
                0x0000000000005ae8       0x1c zephyr/drivers/gpio/libdrivers__gpio.a(gpio_veerwolf.c.obj)
 .text.gpio_veerwolf_pin_interrupt_configure
                0x0000000000005b04       0x14 zephyr/drivers/gpio/libdrivers__gpio.a(gpio_veerwolf.c.obj)
 .text.uart_ns16550_configure
                0x0000000000005b18      0x130 zephyr/drivers/serial/libdrivers__serial.a(uart_ns16550.c.obj)
 .text.uart_ns16550_config_get
                0x0000000000005c48       0x34 zephyr/drivers/serial/libdrivers__serial.a(uart_ns16550.c.obj)
 .text.uart_ns16550_init
                0x0000000000005c7c        0x8 zephyr/drivers/serial/libdrivers__serial.a(uart_ns16550.c.obj)
 .text.uart_ns16550_poll_in
                0x0000000000005c84       0x38 zephyr/drivers/serial/libdrivers__serial.a(uart_ns16550.c.obj)
 .text.uart_ns16550_poll_out
                0x0000000000005cbc       0x30 zephyr/drivers/serial/libdrivers__serial.a(uart_ns16550.c.obj)
 .text.uart_ns16550_err_check
                0x0000000000005cec       0x2c zephyr/drivers/serial/libdrivers__serial.a(uart_ns16550.c.obj)
 .text.mtime    0x0000000000005d18       0x18 zephyr/drivers/timer/libdrivers__timer.a(riscv_machine_timer.c.obj)
 .text.timer_isr
                0x0000000000005d30       0xfc zephyr/drivers/timer/libdrivers__timer.a(riscv_machine_timer.c.obj)
 .text.sys_clock_driver_init
                0x0000000000005e2c       0x7c zephyr/drivers/timer/libdrivers__timer.a(riscv_machine_timer.c.obj)
                0x0000000000005e2c                sys_clock_driver_init
 .text.sys_clock_set_timeout
                0x0000000000005ea8        0x4 zephyr/drivers/timer/libdrivers__timer.a(riscv_machine_timer.c.obj)
                0x0000000000005ea8                sys_clock_set_timeout
 .text.sys_clock_elapsed
                0x0000000000005eac        0x8 zephyr/drivers/timer/libdrivers__timer.a(riscv_machine_timer.c.obj)
                0x0000000000005eac                sys_clock_elapsed
 .text.sys_clock_cycle_get_32
                0x0000000000005eb4       0x18 zephyr/drivers/timer/libdrivers__timer.a(riscv_machine_timer.c.obj)
                0x0000000000005eb4                sys_clock_cycle_get_32
 .text.z_device_state_init
                0x0000000000005ecc        0x4 zephyr/kernel/libkernel.a(device.c.obj)
                0x0000000000005ecc                z_device_state_init
 .text.z_sys_init_run_level
                0x0000000000005ed0       0xa8 zephyr/kernel/libkernel.a(device.c.obj)
                0x0000000000005ed0                z_sys_init_run_level
 .text.z_device_ready
                0x0000000000005f78       0x24 zephyr/kernel/libkernel.a(device.c.obj)
                0x0000000000005f78                z_device_ready
 .text.arch_system_halt
                0x0000000000005f9c        0xc zephyr/kernel/libkernel.a(fatal.c.obj)
                0x0000000000005f9c                arch_system_halt
 .text.k_sys_fatal_error_handler
                0x0000000000005fa8        0xc zephyr/kernel/libkernel.a(fatal.c.obj)
                0x0000000000005fa8                k_sys_fatal_error_handler
 .text.z_fatal_error
                0x0000000000005fb4       0x5c zephyr/kernel/libkernel.a(fatal.c.obj)
                0x0000000000005fb4                z_fatal_error
 .text.init_idle_thread
                0x0000000000006010       0xb4 zephyr/kernel/libkernel.a(init.c.obj)
 .text.bg_thread_main
                0x00000000000060c4       0x50 zephyr/kernel/libkernel.a(init.c.obj)
 .text.z_bss_zero
                0x0000000000006114       0x20 zephyr/kernel/libkernel.a(init.c.obj)
                0x0000000000006114                z_bss_zero
 .text.z_cstart
                0x0000000000006134       0xe0 zephyr/kernel/libkernel.a(init.c.obj)
                0x0000000000006134                z_cstart
 .text.z_impl_k_thread_name_set
                0x0000000000006214       0x40 zephyr/kernel/libkernel.a(thread.c.obj)
                0x0000000000006214                z_impl_k_thread_name_set
 .text.z_impl_k_thread_start
                0x0000000000006254        0x4 zephyr/kernel/libkernel.a(thread.c.obj)
                0x0000000000006254                z_impl_k_thread_start
 .text.z_setup_new_thread
                0x0000000000006258       0xb8 zephyr/kernel/libkernel.a(thread.c.obj)
                0x0000000000006258                z_setup_new_thread
 .text.z_impl_k_thread_create
                0x0000000000006310       0x84 zephyr/kernel/libkernel.a(thread.c.obj)
                0x0000000000006310                z_impl_k_thread_create
 .text.z_init_static_threads
                0x0000000000006394      0x118 zephyr/kernel/libkernel.a(thread.c.obj)
                0x0000000000006394                z_init_static_threads
 .text.idle     0x00000000000064ac       0x1c zephyr/kernel/libkernel.a(idle.c.obj)
                0x00000000000064ac                idle
 .text.adjust_owner_prio.isra.0
                0x00000000000064c8       0x14 zephyr/kernel/libkernel.a(mutex.c.obj)
 .text.z_impl_k_mutex_init
                0x00000000000064dc       0x18 zephyr/kernel/libkernel.a(mutex.c.obj)
                0x00000000000064dc                z_impl_k_mutex_init
 .text.z_impl_k_mutex_lock
                0x00000000000064f4      0x160 zephyr/kernel/libkernel.a(mutex.c.obj)
                0x00000000000064f4                z_impl_k_mutex_lock
 .text.z_impl_k_mutex_unlock
                0x0000000000006654       0xc8 zephyr/kernel/libkernel.a(mutex.c.obj)
                0x0000000000006654                z_impl_k_mutex_unlock
 .text.z_impl_k_sem_give
                0x000000000000671c       0x6c zephyr/kernel/libkernel.a(sem.c.obj)
                0x000000000000671c                z_impl_k_sem_give
 .text.z_impl_k_sem_take
                0x0000000000006788       0x54 zephyr/kernel/libkernel.a(sem.c.obj)
                0x0000000000006788                z_impl_k_sem_take
 .text.sys_dlist_remove
                0x00000000000067dc       0x1c zephyr/kernel/libkernel.a(sched.c.obj)
 .text.unpend_thread_no_timeout
                0x00000000000067f8       0x34 zephyr/kernel/libkernel.a(sched.c.obj)
 .text.z_reset_time_slice
                0x000000000000682c       0x58 zephyr/kernel/libkernel.a(sched.c.obj)
                0x000000000000682c                z_reset_time_slice
 .text.update_cache
                0x0000000000006884       0xa4 zephyr/kernel/libkernel.a(sched.c.obj)
 .text.move_thread_to_end_of_prio_q
                0x0000000000006928       0xc0 zephyr/kernel/libkernel.a(sched.c.obj)
 .text.ready_thread
                0x00000000000069e8       0xa0 zephyr/kernel/libkernel.a(sched.c.obj)
 .text.z_thread_timeout
                0x0000000000006a88       0x6c zephyr/kernel/libkernel.a(sched.c.obj)
                0x0000000000006a88                z_thread_timeout
 .text.unready_thread
                0x0000000000006af4       0x4c zephyr/kernel/libkernel.a(sched.c.obj)
 .text.add_to_waitq_locked
                0x0000000000006b40       0xa0 zephyr/kernel/libkernel.a(sched.c.obj)
 .text.pend_locked
                0x0000000000006be0       0x5c zephyr/kernel/libkernel.a(sched.c.obj)
 .text.k_sched_time_slice_set
                0x0000000000006c3c       0x7c zephyr/kernel/libkernel.a(sched.c.obj)
                0x0000000000006c3c                k_sched_time_slice_set
 .text.z_time_slice
                0x0000000000006cb8       0xa0 zephyr/kernel/libkernel.a(sched.c.obj)
                0x0000000000006cb8                z_time_slice
 .text.z_ready_thread
                0x0000000000006d58       0x30 zephyr/kernel/libkernel.a(sched.c.obj)
                0x0000000000006d58                z_ready_thread
 .text.z_pend_curr
                0x0000000000006d88       0x44 zephyr/kernel/libkernel.a(sched.c.obj)
                0x0000000000006d88                z_pend_curr
 .text.z_set_prio
                0x0000000000006dcc       0xfc zephyr/kernel/libkernel.a(sched.c.obj)
                0x0000000000006dcc                z_set_prio
 .text.z_reschedule
                0x0000000000006ec8       0x34 zephyr/kernel/libkernel.a(sched.c.obj)
                0x0000000000006ec8                z_reschedule
 .text.z_sched_start
                0x0000000000006efc       0x50 zephyr/kernel/libkernel.a(sched.c.obj)
                0x0000000000006efc                z_sched_start
 .text.z_reschedule_irqlock
                0x0000000000006f4c       0x20 zephyr/kernel/libkernel.a(sched.c.obj)
                0x0000000000006f4c                z_reschedule_irqlock
 .text.z_reschedule_unlocked
                0x0000000000006f6c       0x10 zephyr/kernel/libkernel.a(sched.c.obj)
 .text.z_impl_k_thread_suspend
                0x0000000000006f7c       0xac zephyr/kernel/libkernel.a(sched.c.obj)
                0x0000000000006f7c                z_impl_k_thread_suspend
 .text.k_sched_lock
                0x0000000000007028       0x28 zephyr/kernel/libkernel.a(sched.c.obj)
                0x0000000000007028                k_sched_lock
 .text.k_sched_unlock
                0x0000000000007050       0x48 zephyr/kernel/libkernel.a(sched.c.obj)
                0x0000000000007050                k_sched_unlock
 .text.z_priq_dumb_best
                0x0000000000007098       0x14 zephyr/kernel/libkernel.a(sched.c.obj)
                0x0000000000007098                z_priq_dumb_best
 .text.z_unpend_first_thread
                0x00000000000070ac       0x50 zephyr/kernel/libkernel.a(sched.c.obj)
                0x00000000000070ac                z_unpend_first_thread
 .text.z_sched_init
                0x00000000000070fc       0x24 zephyr/kernel/libkernel.a(sched.c.obj)
                0x00000000000070fc                z_sched_init
 .text.z_impl_k_yield
                0x0000000000007120       0xd8 zephyr/kernel/libkernel.a(sched.c.obj)
                0x0000000000007120                z_impl_k_yield
 .text.z_tick_sleep
                0x00000000000071f8       0xf4 zephyr/kernel/libkernel.a(sched.c.obj)
 .text.z_impl_k_sleep
                0x00000000000072ec       0x40 zephyr/kernel/libkernel.a(sched.c.obj)
                0x00000000000072ec                z_impl_k_sleep
 .text.z_impl_z_current_get
                0x000000000000732c        0xc zephyr/kernel/libkernel.a(sched.c.obj)
                0x000000000000732c                z_impl_z_current_get
 .text.z_thread_abort
                0x0000000000007338       0xf4 zephyr/kernel/libkernel.a(sched.c.obj)
                0x0000000000007338                z_thread_abort
 .text.z_impl_k_thread_abort
                0x000000000000742c        0x4 zephyr/kernel/libkernel.a(sched.c.obj)
                0x000000000000742c                z_impl_k_thread_abort
 .text.elapsed  0x0000000000007430       0x18 zephyr/kernel/libkernel.a(timeout.c.obj)
 .text.next_timeout
                0x0000000000007448       0x90 zephyr/kernel/libkernel.a(timeout.c.obj)
 .text.remove_timeout
                0x00000000000074d8       0x58 zephyr/kernel/libkernel.a(timeout.c.obj)
 .text.z_add_timeout
                0x0000000000007530      0x1b0 zephyr/kernel/libkernel.a(timeout.c.obj)
                0x0000000000007530                z_add_timeout
 .text.z_abort_timeout
                0x00000000000076e0       0x44 zephyr/kernel/libkernel.a(timeout.c.obj)
                0x00000000000076e0                z_abort_timeout
 .text.z_set_timeout_expiry
                0x0000000000007724       0x58 zephyr/kernel/libkernel.a(timeout.c.obj)
                0x0000000000007724                z_set_timeout_expiry
 .text.sys_clock_announce
                0x000000000000777c      0x13c zephyr/kernel/libkernel.a(timeout.c.obj)
                0x000000000000777c                sys_clock_announce
 .text.sys_clock_tick_get_32
                0x00000000000078b8        0xc zephyr/kernel/libkernel.a(timeout.c.obj)
                0x00000000000078b8                sys_clock_tick_get_32
 .text.z_impl_atomic_add
                0x00000000000078c4       0x24 zephyr/kernel/libkernel.a(atomic_c.c.obj)
                0x00000000000078c4                z_impl_atomic_add
 .text.boot_banner
                0x00000000000078e8       0x1c zephyr/kernel/libkernel.a(banner.c.obj)
                0x00000000000078e8                boot_banner
 .text.malloc   0x0000000000007904       0x10 /home/rui/zephyr-sdk-0.13.1/riscv64-zephyr-elf/riscv64-zephyr-elf/lib/./libc_nano.a(lib_a-malloc.o)
                0x0000000000007904                malloc
 .text._free_r  0x0000000000007914      0x104 /home/rui/zephyr-sdk-0.13.1/riscv64-zephyr-elf/riscv64-zephyr-elf/lib/./libc_nano.a(lib_a-nano-freer.o)
                0x0000000000007914                _free_r
 .text._malloc_r
                0x0000000000007a18      0x158 /home/rui/zephyr-sdk-0.13.1/riscv64-zephyr-elf/riscv64-zephyr-elf/lib/./libc_nano.a(lib_a-nano-mallocr.o)
                0x0000000000007a18                _malloc_r
 .text.__cvt    0x0000000000007b70      0x158 /home/rui/zephyr-sdk-0.13.1/riscv64-zephyr-elf/riscv64-zephyr-elf/lib/./libc_nano.a(lib_a-nano-vfprintf_float.o)
                0x0000000000007b70                __cvt
 .text.__exponent
                0x0000000000007cc8       0xc0 /home/rui/zephyr-sdk-0.13.1/riscv64-zephyr-elf/riscv64-zephyr-elf/lib/./libc_nano.a(lib_a-nano-vfprintf_float.o)
                0x0000000000007cc8                __exponent
 .text._printf_float
                0x0000000000007d88      0x794 /home/rui/zephyr-sdk-0.13.1/riscv64-zephyr-elf/riscv64-zephyr-elf/lib/./libc_nano.a(lib_a-nano-vfprintf_float.o)
                0x0000000000007d88                _printf_float
 .text._printf_common
                0x000000000000851c      0x1b0 /home/rui/zephyr-sdk-0.13.1/riscv64-zephyr-elf/riscv64-zephyr-elf/lib/./libc_nano.a(lib_a-nano-vfprintf_i.o)
                0x000000000000851c                _printf_common
 .text._printf_i
                0x00000000000086cc      0x3a0 /home/rui/zephyr-sdk-0.13.1/riscv64-zephyr-elf/riscv64-zephyr-elf/lib/./libc_nano.a(lib_a-nano-vfprintf_i.o)
                0x00000000000086cc                _printf_i
 .text.printf   0x0000000000008a6c       0x70 /home/rui/zephyr-sdk-0.13.1/riscv64-zephyr-elf/riscv64-zephyr-elf/lib/./libc_nano.a(lib_a-printf.o)
                0x0000000000008a6c                printf
                0x0000000000008a6c                iprintf
 .text._sbrk_r  0x0000000000008adc       0x4c /home/rui/zephyr-sdk-0.13.1/riscv64-zephyr-elf/riscv64-zephyr-elf/lib/./libc_nano.a(lib_a-sbrkr.o)
                0x0000000000008adc                _sbrk_r
 .text.strlen   0x0000000000008b28       0x1c /home/rui/zephyr-sdk-0.13.1/riscv64-zephyr-elf/riscv64-zephyr-elf/lib/./libc_nano.a(lib_a-strlen.o)
                0x0000000000008b28                strlen
 .text.strncpy  0x0000000000008b44       0x38 /home/rui/zephyr-sdk-0.13.1/riscv64-zephyr-elf/riscv64-zephyr-elf/lib/./libc_nano.a(lib_a-strncpy.o)
                0x0000000000008b44                strncpy
 .text.strnlen  0x0000000000008b7c       0x24 /home/rui/zephyr-sdk-0.13.1/riscv64-zephyr-elf/riscv64-zephyr-elf/lib/./libc_nano.a(lib_a-strnlen.o)
                0x0000000000008b7c                strnlen
 .text.quorem   0x0000000000008ba0      0x1cc /home/rui/zephyr-sdk-0.13.1/riscv64-zephyr-elf/riscv64-zephyr-elf/lib/./libc_nano.a(lib_a-dtoa.o)
 .text._dtoa_r  0x0000000000008d6c     0x11d8 /home/rui/zephyr-sdk-0.13.1/riscv64-zephyr-elf/riscv64-zephyr-elf/lib/./libc_nano.a(lib_a-dtoa.o)
                0x0000000000008d6c                _dtoa_r
 .text.std      0x0000000000009f44       0x88 /home/rui/zephyr-sdk-0.13.1/riscv64-zephyr-elf/riscv64-zephyr-elf/lib/./libc_nano.a(lib_a-findfp.o)
 .text._cleanup_r
                0x0000000000009fcc        0xc /home/rui/zephyr-sdk-0.13.1/riscv64-zephyr-elf/riscv64-zephyr-elf/lib/./libc_nano.a(lib_a-findfp.o)
                0x0000000000009fcc                _cleanup_r
 .text.__sfmoreglue
                0x0000000000009fd8       0x6c /home/rui/zephyr-sdk-0.13.1/riscv64-zephyr-elf/riscv64-zephyr-elf/lib/./libc_nano.a(lib_a-findfp.o)
                0x0000000000009fd8                __sfmoreglue
 .text.__sfp_lock_acquire
                0x000000000000a044        0xc /home/rui/zephyr-sdk-0.13.1/riscv64-zephyr-elf/riscv64-zephyr-elf/lib/./libc_nano.a(lib_a-findfp.o)
                0x000000000000a044                __sfp_lock_acquire
 .text.__sfp_lock_release
                0x000000000000a050        0xc /home/rui/zephyr-sdk-0.13.1/riscv64-zephyr-elf/riscv64-zephyr-elf/lib/./libc_nano.a(lib_a-findfp.o)
                0x000000000000a050                __sfp_lock_release
 .text.__sinit_lock_acquire
                0x000000000000a05c        0xc /home/rui/zephyr-sdk-0.13.1/riscv64-zephyr-elf/riscv64-zephyr-elf/lib/./libc_nano.a(lib_a-findfp.o)
                0x000000000000a05c                __sinit_lock_acquire
 .text.__sinit_lock_release
                0x000000000000a068        0xc /home/rui/zephyr-sdk-0.13.1/riscv64-zephyr-elf/riscv64-zephyr-elf/lib/./libc_nano.a(lib_a-findfp.o)
                0x000000000000a068                __sinit_lock_release
 .text.__sinit  0x000000000000a074       0xb8 /home/rui/zephyr-sdk-0.13.1/riscv64-zephyr-elf/riscv64-zephyr-elf/lib/./libc_nano.a(lib_a-findfp.o)
                0x000000000000a074                __sinit
 .text.__sfp    0x000000000000a12c      0x100 /home/rui/zephyr-sdk-0.13.1/riscv64-zephyr-elf/riscv64-zephyr-elf/lib/./libc_nano.a(lib_a-findfp.o)
                0x000000000000a12c                __sfp
 .text._fwalk_reent
                0x000000000000a22c       0xb0 /home/rui/zephyr-sdk-0.13.1/riscv64-zephyr-elf/riscv64-zephyr-elf/lib/./libc_nano.a(lib_a-fwalk.o)
                0x000000000000a22c                _fwalk_reent
 .text._localeconv_r
                0x000000000000a2dc        0xc /home/rui/zephyr-sdk-0.13.1/riscv64-zephyr-elf/riscv64-zephyr-elf/lib/./libc_nano.a(lib_a-localeconv.o)
                0x000000000000a2dc                _localeconv_r
 .text.memchr   0x000000000000a2e8       0x24 /home/rui/zephyr-sdk-0.13.1/riscv64-zephyr-elf/riscv64-zephyr-elf/lib/./libc_nano.a(lib_a-memchr.o)
                0x000000000000a2e8                memchr
 .text.__malloc_lock
                0x000000000000a30c        0xc /home/rui/zephyr-sdk-0.13.1/riscv64-zephyr-elf/riscv64-zephyr-elf/lib/./libc_nano.a(lib_a-mlock.o)
                0x000000000000a30c                __malloc_lock
 .text.__malloc_unlock
                0x000000000000a318        0xc /home/rui/zephyr-sdk-0.13.1/riscv64-zephyr-elf/riscv64-zephyr-elf/lib/./libc_nano.a(lib_a-mlock.o)
                0x000000000000a318                __malloc_unlock
 .text._Balloc  0x000000000000a324      0x100 /home/rui/zephyr-sdk-0.13.1/riscv64-zephyr-elf/riscv64-zephyr-elf/lib/./libc_nano.a(lib_a-mprec.o)
                0x000000000000a324                _Balloc
 .text._Bfree   0x000000000000a424       0x94 /home/rui/zephyr-sdk-0.13.1/riscv64-zephyr-elf/riscv64-zephyr-elf/lib/./libc_nano.a(lib_a-mprec.o)
                0x000000000000a424                _Bfree
 .text.__multadd
                0x000000000000a4b8      0x120 /home/rui/zephyr-sdk-0.13.1/riscv64-zephyr-elf/riscv64-zephyr-elf/lib/./libc_nano.a(lib_a-mprec.o)
                0x000000000000a4b8                __multadd
 .text.__hi0bits
                0x000000000000a5d8       0x74 /home/rui/zephyr-sdk-0.13.1/riscv64-zephyr-elf/riscv64-zephyr-elf/lib/./libc_nano.a(lib_a-mprec.o)
                0x000000000000a5d8                __hi0bits
 .text.__lo0bits
                0x000000000000a64c       0xb0 /home/rui/zephyr-sdk-0.13.1/riscv64-zephyr-elf/riscv64-zephyr-elf/lib/./libc_nano.a(lib_a-mprec.o)
                0x000000000000a64c                __lo0bits
 .text.__i2b    0x000000000000a6fc       0x54 /home/rui/zephyr-sdk-0.13.1/riscv64-zephyr-elf/riscv64-zephyr-elf/lib/./libc_nano.a(lib_a-mprec.o)
                0x000000000000a6fc                __i2b
 .text.__multiply
                0x000000000000a750      0x208 /home/rui/zephyr-sdk-0.13.1/riscv64-zephyr-elf/riscv64-zephyr-elf/lib/./libc_nano.a(lib_a-mprec.o)
                0x000000000000a750                __multiply
 .text.__pow5mult
                0x000000000000a958      0x144 /home/rui/zephyr-sdk-0.13.1/riscv64-zephyr-elf/riscv64-zephyr-elf/lib/./libc_nano.a(lib_a-mprec.o)
                0x000000000000a958                __pow5mult
 .text.__lshift
                0x000000000000aa9c      0x184 /home/rui/zephyr-sdk-0.13.1/riscv64-zephyr-elf/riscv64-zephyr-elf/lib/./libc_nano.a(lib_a-mprec.o)
                0x000000000000aa9c                __lshift
 .text.__mcmp   0x000000000000ac20       0x54 /home/rui/zephyr-sdk-0.13.1/riscv64-zephyr-elf/riscv64-zephyr-elf/lib/./libc_nano.a(lib_a-mprec.o)
                0x000000000000ac20                __mcmp
 .text.__mdiff  0x000000000000ac74      0x1fc /home/rui/zephyr-sdk-0.13.1/riscv64-zephyr-elf/riscv64-zephyr-elf/lib/./libc_nano.a(lib_a-mprec.o)
                0x000000000000ac74                __mdiff
 .text.__d2b    0x000000000000ae70      0x15c /home/rui/zephyr-sdk-0.13.1/riscv64-zephyr-elf/riscv64-zephyr-elf/lib/./libc_nano.a(lib_a-mprec.o)
                0x000000000000ae70                __d2b
 .text._calloc_r
                0x000000000000afcc       0x44 /home/rui/zephyr-sdk-0.13.1/riscv64-zephyr-elf/riscv64-zephyr-elf/lib/./libc_nano.a(lib_a-nano-callocr.o)
                0x000000000000afcc                _calloc_r
 .text.__sfputc_r
                0x000000000000b010       0x3c /home/rui/zephyr-sdk-0.13.1/riscv64-zephyr-elf/riscv64-zephyr-elf/lib/./libc_nano.a(lib_a-nano-vfprintf.o)
 .text.__sfputs_r
                0x000000000000b04c       0x74 /home/rui/zephyr-sdk-0.13.1/riscv64-zephyr-elf/riscv64-zephyr-elf/lib/./libc_nano.a(lib_a-nano-vfprintf.o)
                0x000000000000b04c                __sfputs_r
 .text._vfprintf_r
                0x000000000000b0c0      0x434 /home/rui/zephyr-sdk-0.13.1/riscv64-zephyr-elf/riscv64-zephyr-elf/lib/./libc_nano.a(lib_a-nano-vfprintf.o)
                0x000000000000b0c0                _vfiprintf_r
                0x000000000000b0c0                _vfprintf_r
 .text.__sread  0x000000000000b4f4       0x50 /home/rui/zephyr-sdk-0.13.1/riscv64-zephyr-elf/riscv64-zephyr-elf/lib/./libc_nano.a(lib_a-stdio.o)
                0x000000000000b4f4                __sread
 .text.__swrite
                0x000000000000b544       0x84 /home/rui/zephyr-sdk-0.13.1/riscv64-zephyr-elf/riscv64-zephyr-elf/lib/./libc_nano.a(lib_a-stdio.o)
                0x000000000000b544                __swrite
 .text.__sseek  0x000000000000b5c8       0x58 /home/rui/zephyr-sdk-0.13.1/riscv64-zephyr-elf/riscv64-zephyr-elf/lib/./libc_nano.a(lib_a-stdio.o)
                0x000000000000b5c8                __sseek
 .text.__sclose
                0x000000000000b620        0x8 /home/rui/zephyr-sdk-0.13.1/riscv64-zephyr-elf/riscv64-zephyr-elf/lib/./libc_nano.a(lib_a-stdio.o)
                0x000000000000b620                __sclose
 .text.__swbuf_r
                0x000000000000b628      0x138 /home/rui/zephyr-sdk-0.13.1/riscv64-zephyr-elf/riscv64-zephyr-elf/lib/./libc_nano.a(lib_a-wbuf.o)
                0x000000000000b628                __swbuf_r
 .text._write_r
                0x000000000000b760       0x54 /home/rui/zephyr-sdk-0.13.1/riscv64-zephyr-elf/riscv64-zephyr-elf/lib/./libc_nano.a(lib_a-writer.o)
                0x000000000000b760                _write_r
 .text.__swsetup_r
                0x000000000000b7b4      0x178 /home/rui/zephyr-sdk-0.13.1/riscv64-zephyr-elf/riscv64-zephyr-elf/lib/./libc_nano.a(lib_a-wsetup.o)
                0x000000000000b7b4                __swsetup_r
 .text.__assert_func
                0x000000000000b92c       0x54 /home/rui/zephyr-sdk-0.13.1/riscv64-zephyr-elf/riscv64-zephyr-elf/lib/./libc_nano.a(lib_a-assert.o)
                0x000000000000b92c                __assert_func
 .text._close_r
                0x000000000000b980       0x4c /home/rui/zephyr-sdk-0.13.1/riscv64-zephyr-elf/riscv64-zephyr-elf/lib/./libc_nano.a(lib_a-closer.o)
                0x000000000000b980                _close_r
 .text.__sflush_r
                0x000000000000b9cc      0x1f4 /home/rui/zephyr-sdk-0.13.1/riscv64-zephyr-elf/riscv64-zephyr-elf/lib/./libc_nano.a(lib_a-fflush.o)
                0x000000000000b9cc                __sflush_r
 .text._fflush_r
                0x000000000000bbc0       0xdc /home/rui/zephyr-sdk-0.13.1/riscv64-zephyr-elf/riscv64-zephyr-elf/lib/./libc_nano.a(lib_a-fflush.o)
                0x000000000000bbc0                _fflush_r
 .text.fprintf  0x000000000000bc9c       0x48 /home/rui/zephyr-sdk-0.13.1/riscv64-zephyr-elf/riscv64-zephyr-elf/lib/./libc_nano.a(lib_a-fprintf.o)
                0x000000000000bc9c                fprintf
                0x000000000000bc9c                fiprintf
 .text._lseek_r
                0x000000000000bce4       0x54 /home/rui/zephyr-sdk-0.13.1/riscv64-zephyr-elf/riscv64-zephyr-elf/lib/./libc_nano.a(lib_a-lseekr.o)
                0x000000000000bce4                _lseek_r
 .text.__swhatbuf_r
                0x000000000000bd38       0x90 /home/rui/zephyr-sdk-0.13.1/riscv64-zephyr-elf/riscv64-zephyr-elf/lib/./libc_nano.a(lib_a-makebuf.o)
                0x000000000000bd38                __swhatbuf_r
 .text.__smakebuf_r
                0x000000000000bdc8       0xf0 /home/rui/zephyr-sdk-0.13.1/riscv64-zephyr-elf/riscv64-zephyr-elf/lib/./libc_nano.a(lib_a-makebuf.o)
                0x000000000000bdc8                __smakebuf_r
 .text.__ascii_mbtowc
                0x000000000000beb8       0x5c /home/rui/zephyr-sdk-0.13.1/riscv64-zephyr-elf/riscv64-zephyr-elf/lib/./libc_nano.a(lib_a-mbtowc_r.o)
                0x000000000000beb8                __ascii_mbtowc
 .text._read_r  0x000000000000bf14       0x54 /home/rui/zephyr-sdk-0.13.1/riscv64-zephyr-elf/riscv64-zephyr-elf/lib/./libc_nano.a(lib_a-readr.o)
                0x000000000000bf14                _read_r
 .text.__ascii_wctomb
                0x000000000000bf68       0x30 /home/rui/zephyr-sdk-0.13.1/riscv64-zephyr-elf/riscv64-zephyr-elf/lib/./libc_nano.a(lib_a-wctomb_r.o)
                0x000000000000bf68                __ascii_wctomb
 .text.abort    0x000000000000bf98       0x18 /home/rui/zephyr-sdk-0.13.1/riscv64-zephyr-elf/riscv64-zephyr-elf/lib/./libc_nano.a(lib_a-abort.o)
                0x000000000000bf98                abort
 .text._fstat_r
                0x000000000000bfb0       0x50 /home/rui/zephyr-sdk-0.13.1/riscv64-zephyr-elf/riscv64-zephyr-elf/lib/./libc_nano.a(lib_a-fstatr.o)
                0x000000000000bfb0                _fstat_r
 .text._isatty_r
                0x000000000000c000       0x4c /home/rui/zephyr-sdk-0.13.1/riscv64-zephyr-elf/riscv64-zephyr-elf/lib/./libc_nano.a(lib_a-isattyr.o)
                0x000000000000c000                _isatty_r
 .text._raise_r
                0x000000000000c04c       0xb0 /home/rui/zephyr-sdk-0.13.1/riscv64-zephyr-elf/riscv64-zephyr-elf/lib/./libc_nano.a(lib_a-signal.o)
                0x000000000000c04c                _raise_r
 .text.raise    0x000000000000c0fc       0x10 /home/rui/zephyr-sdk-0.13.1/riscv64-zephyr-elf/riscv64-zephyr-elf/lib/./libc_nano.a(lib_a-signal.o)
                0x000000000000c0fc                raise
 .text._kill_r  0x000000000000c10c       0x50 /home/rui/zephyr-sdk-0.13.1/riscv64-zephyr-elf/riscv64-zephyr-elf/lib/./libc_nano.a(lib_a-signalr.o)
                0x000000000000c10c                _kill_r
 .text._getpid_r
                0x000000000000c15c        0x4 /home/rui/zephyr-sdk-0.13.1/riscv64-zephyr-elf/riscv64-zephyr-elf/lib/./libc_nano.a(lib_a-signalr.o)
                0x000000000000c15c                _getpid_r
 *(SORT_BY_ALIGNMENT(.gnu.linkonce.t.*))
                0x000000000000c160                __text_region_end = .
                0x000000000000c160                __rodata_region_start = .

initlevel       0x000000000000c160       0x40
                0x000000000000c160                __init_start = .
                0x000000000000c160                __init_PRE_KERNEL_1_start = .
 *(SORT_BY_NAME(SORT_BY_ALIGNMENT(.z_init_PRE_KERNEL_1[0-9]_*)))
 *(SORT_BY_NAME(SORT_BY_ALIGNMENT(.z_init_PRE_KERNEL_1[1-9][0-9]_*)))
 .z_init_PRE_KERNEL_140_
                0x000000000000c160        0x8 zephyr/drivers/interrupt_controller/libdrivers__interrupt_controller.a(intc_swerv_pic.c.obj)
 .z_init_PRE_KERNEL_150_
                0x000000000000c168        0x8 zephyr/libzephyr.a(soc.c.obj)
 .z_init_PRE_KERNEL_150_
                0x000000000000c170        0x8 zephyr/drivers/serial/libdrivers__serial.a(uart_ns16550.c.obj)
 .z_init_PRE_KERNEL_160_
                0x000000000000c178        0x8 zephyr/drivers/console/libdrivers__console.a(uart_console.c.obj)
                0x000000000000c180                __init_PRE_KERNEL_2_start = .
 *(SORT_BY_NAME(SORT_BY_ALIGNMENT(.z_init_PRE_KERNEL_2[0-9]_*)))
 .z_init_PRE_KERNEL_20_
                0x000000000000c180        0x8 zephyr/drivers/timer/libdrivers__timer.a(sys_clock_init.c.obj)
 *(SORT_BY_NAME(SORT_BY_ALIGNMENT(.z_init_PRE_KERNEL_2[1-9][0-9]_*)))
                0x000000000000c188                __init_POST_KERNEL_start = .
 *(SORT_BY_NAME(SORT_BY_ALIGNMENT(.z_init_POST_KERNEL[0-9]_*)))
 .z_init_POST_KERNEL0_
                0x000000000000c188        0x8 zephyr/libzephyr.a(soc.c.obj)
 *(SORT_BY_NAME(SORT_BY_ALIGNMENT(.z_init_POST_KERNEL[1-9][0-9]_*)))
 .z_init_POST_KERNEL40_
                0x000000000000c190        0x8 zephyr/lib/libc/newlib/liblib__libc__newlib.a(libc-hooks.c.obj)
 .z_init_POST_KERNEL50_
                0x000000000000c198        0x8 zephyr/drivers/gpio/libdrivers__gpio.a(gpio_veerwolf.c.obj)
                0x000000000000c1a0                __init_APPLICATION_start = .
 *(SORT_BY_NAME(SORT_BY_ALIGNMENT(.z_init_APPLICATION[0-9]_*)))
 *(SORT_BY_NAME(SORT_BY_ALIGNMENT(.z_init_APPLICATION[1-9][0-9]_*)))
                0x000000000000c1a0                __init_SMP_start = .
 *(SORT_BY_NAME(SORT_BY_ALIGNMENT(.z_init_SMP[0-9]_*)))
 *(SORT_BY_NAME(SORT_BY_ALIGNMENT(.z_init_SMP[1-9][0-9]_*)))
                0x000000000000c1a0                __init_end = .

devices         0x000000000000c1a0       0x60
                0x000000000000c1a0                __device_start = .
                0x000000000000c1a0                __device_PRE_KERNEL_1_start = .
 *(SORT_BY_NAME(SORT_BY_ALIGNMENT(.z_device_PRE_KERNEL_1[0-9]_*)))
 *(SORT_BY_NAME(SORT_BY_ALIGNMENT(.z_device_PRE_KERNEL_1[1-9][0-9]_*)))
 .z_device_PRE_KERNEL_150_
                0x000000000000c1a0       0x18 zephyr/libzephyr.a(soc.c.obj)
                0x000000000000c1a0                __device_dts_ord_9
 .z_device_PRE_KERNEL_150_
                0x000000000000c1b8       0x18 zephyr/drivers/serial/libdrivers__serial.a(uart_ns16550.c.obj)
                0x000000000000c1b8                __device_dts_ord_11
                0x000000000000c1d0                __device_PRE_KERNEL_2_start = .
 *(SORT_BY_NAME(SORT_BY_ALIGNMENT(.z_device_PRE_KERNEL_2[0-9]_*)))
 .z_device_PRE_KERNEL_20_
                0x000000000000c1d0       0x18 zephyr/drivers/timer/libdrivers__timer.a(sys_clock_init.c.obj)
 *(SORT_BY_NAME(SORT_BY_ALIGNMENT(.z_device_PRE_KERNEL_2[1-9][0-9]_*)))
                0x000000000000c1e8                __device_POST_KERNEL_start = .
 *(SORT_BY_NAME(SORT_BY_ALIGNMENT(.z_device_POST_KERNEL[0-9]_*)))
 *(SORT_BY_NAME(SORT_BY_ALIGNMENT(.z_device_POST_KERNEL[1-9][0-9]_*)))
 .z_device_POST_KERNEL50_
                0x000000000000c1e8       0x18 zephyr/drivers/gpio/libdrivers__gpio.a(gpio_veerwolf.c.obj)
                0x000000000000c200                __device_APPLICATION_start = .
 *(SORT_BY_NAME(SORT_BY_ALIGNMENT(.z_device_APPLICATION[0-9]_*)))
 *(SORT_BY_NAME(SORT_BY_ALIGNMENT(.z_device_APPLICATION[1-9][0-9]_*)))
                0x000000000000c200                __device_SMP_start = .
 *(SORT_BY_NAME(SORT_BY_ALIGNMENT(.z_device_SMP[0-9]_*)))
 *(SORT_BY_NAME(SORT_BY_ALIGNMENT(.z_device_SMP[1-9][0-9]_*)))
                0x000000000000c200                __device_end = .

initlevel_error
                0x000000000000c160        0x0
 *(SORT_BY_NAME(SORT_BY_ALIGNMENT(.z_init_[_A-Z0-9]*)))
                0x0000000000000001                ASSERT ((SIZEOF (initlevel_error) == 0x0), Undefined initialization levels used.)

app_shmem_regions
                0x000000000000c200        0x0
                0x000000000000c200                __app_shmem_regions_start = .
 *(SORT_BY_NAME(SORT_BY_ALIGNMENT(.app_regions.*)))
                0x000000000000c200                __app_shmem_regions_end = .

bt_l2cap_fixed_chan_area
                0x000000000000c200        0x0
                0x000000000000c200                _bt_l2cap_fixed_chan_list_start = .
 *(SORT_BY_NAME(SORT_BY_ALIGNMENT(._bt_l2cap_fixed_chan.static.*)))
                0x000000000000c200                _bt_l2cap_fixed_chan_list_end = .

bt_gatt_service_static_area
                0x000000000000c200        0x0
                0x000000000000c200                _bt_gatt_service_static_list_start = .
 *(SORT_BY_NAME(SORT_BY_ALIGNMENT(._bt_gatt_service_static.static.*)))
                0x000000000000c200                _bt_gatt_service_static_list_end = .

k_p4wq_initparam_area
                0x000000000000c200        0x0
                0x000000000000c200                _k_p4wq_initparam_list_start = .
 *(SORT_BY_NAME(SORT_BY_ALIGNMENT(._k_p4wq_initparam.static.*)))
                0x000000000000c200                _k_p4wq_initparam_list_end = .

log_strings_sections
                0x000000000000c200        0x0
                0x000000000000c200                __log_strings_start = .
 *(SORT_BY_NAME(SORT_BY_ALIGNMENT(.log_strings*)))
                0x000000000000c200                __log_strings_end = .

log_const_sections
                0x000000000000c200        0x0
                0x000000000000c200                __log_const_start = .
 *(SORT_BY_NAME(SORT_BY_ALIGNMENT(.log_const_*)))
                0x000000000000c200                __log_const_end = .

log_backends_sections
                0x000000000000c200        0x0
                0x000000000000c200                __log_backends_start = .
 *(SORT_BY_ALIGNMENT(._log_backend.*))
                0x000000000000c200                __log_backends_end = .

shell_area      0x000000000000c200        0x0
                0x000000000000c200                _shell_list_start = .
 *(SORT_BY_NAME(SORT_BY_ALIGNMENT(._shell.static.*)))
                0x000000000000c200                _shell_list_end = .

shell_root_cmds_sections
                0x000000000000c200        0x0
                0x000000000000c200                __shell_root_cmds_start = .
 *(SORT_BY_NAME(SORT_BY_ALIGNMENT(.shell_root_cmd_*)))
                0x000000000000c200                __shell_root_cmds_end = .

font_entry_sections
                0x000000000000c200        0x0
                0x000000000000c200                __font_entry_start = .
 *(SORT_BY_NAME(SORT_BY_ALIGNMENT(._cfb_font.*)))
                0x000000000000c200                __font_entry_end = .

tracing_backend_area
                0x000000000000c200        0x0
                0x000000000000c200                _tracing_backend_list_start = .
 *(SORT_BY_NAME(SORT_BY_ALIGNMENT(._tracing_backend.static.*)))
                0x000000000000c200                _tracing_backend_list_end = .

zephyr_dbg_info
 *(SORT_BY_ALIGNMENT(.dbg_thread_info))

device_handles  0x000000000000c200       0x18
                0x000000000000c200                __device_handles_start = .
 *(SORT_BY_NAME(SORT_BY_ALIGNMENT(.__device_handles_pass1*)))
 .__device_handles_pass1
                0x000000000000c200        0x8 zephyr/libzephyr.a(soc.c.obj)
                0x000000000000c200                __devicehdl_DT_N_S_leds_S_led
 .__device_handles_pass1
                0x000000000000c208        0x4 zephyr/drivers/gpio/libdrivers__gpio.a(gpio_veerwolf.c.obj)
                0x000000000000c208                __devicehdl_veerwolf_gpio_0
 .__device_handles_pass1
                0x000000000000c20c        0x8 zephyr/drivers/serial/libdrivers__serial.a(uart_ns16550.c.obj)
                0x000000000000c20c                __devicehdl_DT_N_S_soc_S_uart_80002000
 .__device_handles_pass1
                0x000000000000c214        0x4 zephyr/drivers/timer/libdrivers__timer.a(sys_clock_init.c.obj)
                0x000000000000c214                __devicehdl_sys_init_sys_clock_driver_init0
                0x000000000000c218                __device_handles_end = .

rodata          0x000000000000c218      0x9c8
                0x000000000000c218                . = ALIGN (0x4)
 *(SORT_BY_ALIGNMENT(.srodata))
 *(SORT_BY_ALIGNMENT(.srodata.*))
 .srodata.cst8  0x000000000000c218        0x8 app/libapp.a(matrix.c.obj)
 .srodata.cst8  0x000000000000c220        0x8 /home/rui/zephyr-sdk-0.13.1/riscv64-zephyr-elf/riscv64-zephyr-elf/lib/./libc_nano.a(lib_a-nano-vfprintf_float.o)
 .srodata.cst8  0x000000000000c228       0x48 /home/rui/zephyr-sdk-0.13.1/riscv64-zephyr-elf/riscv64-zephyr-elf/lib/./libc_nano.a(lib_a-dtoa.o)
 .srodata.cst4  0x000000000000c270        0x8 app/libapp.a(main.c.obj)
 .srodata.uart_ns16550_dev_cfg_0
                0x000000000000c278        0x8 zephyr/drivers/serial/libdrivers__serial.a(uart_ns16550.c.obj)
 .srodata._k_neg_eagain
                0x000000000000c280        0x4 zephyr/kernel/libkernel.a(errno.c.obj)
                0x000000000000c280                _k_neg_eagain
 .srodata._global_impure_ptr
                0x000000000000c284        0x4 /home/rui/zephyr-sdk-0.13.1/riscv64-zephyr-elf/riscv64-zephyr-elf/lib/./libc_nano.a(lib_a-impure.o)
                0x000000000000c284                _global_impure_ptr
 *(SORT_BY_ALIGNMENT(.rodata))
 .rodata        0x000000000000c288      0x100 /home/rui/zephyr-sdk-0.13.1/riscv64-zephyr-elf/bin/../lib/gcc/riscv64-zephyr-elf/10.3.0/libgcc.a(_clz.o)
                0x000000000000c288                __clz_tab
 .rodata        0x000000000000c388       0x3c /home/rui/zephyr-sdk-0.13.1/riscv64-zephyr-elf/bin/../lib/gcc/riscv64-zephyr-elf/10.3.0/libgcc.a(divdf3.o)
 .rodata        0x000000000000c3c4       0x3c /home/rui/zephyr-sdk-0.13.1/riscv64-zephyr-elf/bin/../lib/gcc/riscv64-zephyr-elf/10.3.0/libgcc.a(muldf3.o)
 .rodata        0x000000000000c400       0x3c /home/rui/zephyr-sdk-0.13.1/riscv64-zephyr-elf/bin/../lib/gcc/riscv64-zephyr-elf/10.3.0/libgcc.a(mulsf3.o)
 *(SORT_BY_ALIGNMENT(.rodata.*))
 *fill*         0x000000000000c43c        0x4 
 .rodata.__mprec_bigtens
                0x000000000000c440       0x28 /home/rui/zephyr-sdk-0.13.1/riscv64-zephyr-elf/riscv64-zephyr-elf/lib/./libc_nano.a(lib_a-mprec.o)
                0x000000000000c440                __mprec_bigtens
 .rodata.__mprec_tens
                0x000000000000c468       0xc8 /home/rui/zephyr-sdk-0.13.1/riscv64-zephyr-elf/riscv64-zephyr-elf/lib/./libc_nano.a(lib_a-mprec.o)
                0x000000000000c468                __mprec_tens
 .rodata.thread_accelerator.str1.4
                0x000000000000c530       0x66 app/libapp.a(main.c.obj)
 *fill*         0x000000000000c596        0x2 
 .rodata.main.str1.4
                0x000000000000c598       0x55 app/libapp.a(main.c.obj)
 *fill*         0x000000000000c5ed        0x3 
 .rodata.thread_software.str1.4
                0x000000000000c5f0       0x76 app/libapp.a(main.c.obj)
 *fill*         0x000000000000c666        0x2 
 .rodata.multiply_mat_hw.str1.4
                0x000000000000c668       0x13 app/libapp.a(multiply.c.obj)
 *fill*         0x000000000000c67b        0x1 
 .rodata.cbvprintf.str1.4
                0x000000000000c67c        0x6 zephyr/libzephyr.a(cbprintf_complete.c.obj)
 *fill*         0x000000000000c682        0x2 
 .rodata.cbvprintf
                0x000000000000c684       0xfc zephyr/libzephyr.a(cbprintf_complete.c.obj)
 .rodata.str1.4
                0x000000000000c780        0x8 zephyr/libzephyr.a(soc.c.obj)
 .rodata.dts_ord_9_cfg
                0x000000000000c788        0xc zephyr/libzephyr.a(soc.c.obj)
 .rodata._exit.str1.4
                0x000000000000c794        0x6 zephyr/lib/libc/newlib/liblib__libc__newlib.a(libc-hooks.c.obj)
 *fill*         0x000000000000c79a        0x2 
 .rodata.gpio_mmio32_api
                0x000000000000c79c       0x24 zephyr/drivers/gpio/libdrivers__gpio.a(gpio_mmio32.c.obj)
                0x000000000000c79c                gpio_mmio32_api
 .rodata.str1.4
                0x000000000000c7c0        0x5 zephyr/drivers/gpio/libdrivers__gpio.a(gpio_veerwolf.c.obj)
 *fill*         0x000000000000c7c5        0x3 
 .rodata.gpio_veerwolf_cfg_0
                0x000000000000c7c8        0xc zephyr/drivers/gpio/libdrivers__gpio.a(gpio_veerwolf.c.obj)
 .rodata.gpio_veerwolf_driver_api
                0x000000000000c7d4       0x24 zephyr/drivers/gpio/libdrivers__gpio.a(gpio_veerwolf.c.obj)
 .rodata.str1.4
                0x000000000000c7f8        0x6 zephyr/drivers/serial/libdrivers__serial.a(uart_ns16550.c.obj)
 *fill*         0x000000000000c7fe        0x2 
 .rodata.uart_ns16550_driver_api
                0x000000000000c800       0x14 zephyr/drivers/serial/libdrivers__serial.a(uart_ns16550.c.obj)
 .rodata.str1.4
                0x000000000000c814        0xa zephyr/drivers/timer/libdrivers__timer.a(sys_clock_init.c.obj)
 *fill*         0x000000000000c81e        0x2 
 .rodata.levels.0
                0x000000000000c820       0x14 zephyr/kernel/libkernel.a(device.c.obj)
 .rodata.init_idle_thread.str1.4
                0x000000000000c834        0xa zephyr/kernel/libkernel.a(init.c.obj)
 *fill*         0x000000000000c83e        0x2 
 .rodata.z_cstart.str1.4
                0x000000000000c840        0x5 zephyr/kernel/libkernel.a(init.c.obj)
 *fill*         0x000000000000c845        0x3 
 .rodata.boot_banner.str1.4
                0x000000000000c848       0x2f zephyr/kernel/libkernel.a(banner.c.obj)
                                         0x33 (size before relaxing)
 *fill*         0x000000000000c877        0x1 
 .rodata._ctype_
                0x000000000000c878      0x101 /home/rui/zephyr-sdk-0.13.1/riscv64-zephyr-elf/riscv64-zephyr-elf/lib/./libc_nano.a(lib_a-ctype_.o)
                0x000000000000c878                _ctype_
 *fill*         0x000000000000c979        0x3 
 .rodata._printf_float.str1.4
                0x000000000000c97c       0x10 /home/rui/zephyr-sdk-0.13.1/riscv64-zephyr-elf/riscv64-zephyr-elf/lib/./libc_nano.a(lib_a-nano-vfprintf_float.o)
                                         0x12 (size before relaxing)
 .rodata._printf_i.str1.4
                0x000000000000c98c       0x25 /home/rui/zephyr-sdk-0.13.1/riscv64-zephyr-elf/riscv64-zephyr-elf/lib/./libc_nano.a(lib_a-nano-vfprintf_i.o)
 *fill*         0x000000000000c9b1        0x3 
 .rodata._printf_i
                0x000000000000c9b4       0x58 /home/rui/zephyr-sdk-0.13.1/riscv64-zephyr-elf/riscv64-zephyr-elf/lib/./libc_nano.a(lib_a-nano-vfprintf_i.o)
 .rodata._dtoa_r.str1.4
                0x000000000000ca0c       0x9d /home/rui/zephyr-sdk-0.13.1/riscv64-zephyr-elf/riscv64-zephyr-elf/lib/./libc_nano.a(lib_a-dtoa.o)
                                         0xa1 (size before relaxing)
 *fill*         0x000000000000caa9        0x3 
 .rodata.__sf_fake_stderr
                0x000000000000caac       0x20 /home/rui/zephyr-sdk-0.13.1/riscv64-zephyr-elf/riscv64-zephyr-elf/lib/./libc_nano.a(lib_a-findfp.o)
                0x000000000000caac                __sf_fake_stderr
 .rodata.__sf_fake_stdin
                0x000000000000cacc       0x20 /home/rui/zephyr-sdk-0.13.1/riscv64-zephyr-elf/riscv64-zephyr-elf/lib/./libc_nano.a(lib_a-findfp.o)
                0x000000000000cacc                __sf_fake_stdin
 .rodata.__sf_fake_stdout
                0x000000000000caec       0x20 /home/rui/zephyr-sdk-0.13.1/riscv64-zephyr-elf/riscv64-zephyr-elf/lib/./libc_nano.a(lib_a-findfp.o)
                0x000000000000caec                __sf_fake_stdout
 .rodata._Balloc.str1.4
                0x000000000000cb0c       0x62 /home/rui/zephyr-sdk-0.13.1/riscv64-zephyr-elf/riscv64-zephyr-elf/lib/./libc_nano.a(lib_a-mprec.o)
                                         0x7a (size before relaxing)
 .rodata.__multadd.str1.4
                0x000000000000cb6e       0x11 /home/rui/zephyr-sdk-0.13.1/riscv64-zephyr-elf/riscv64-zephyr-elf/lib/./libc_nano.a(lib_a-mprec.o)
 *fill*         0x000000000000cb6e        0x2 
 .rodata.p05.0  0x000000000000cb70        0xc /home/rui/zephyr-sdk-0.13.1/riscv64-zephyr-elf/riscv64-zephyr-elf/lib/./libc_nano.a(lib_a-mprec.o)
 .rodata._vfprintf_r.str1.4
                0x000000000000cb7c       0x13 /home/rui/zephyr-sdk-0.13.1/riscv64-zephyr-elf/riscv64-zephyr-elf/lib/./libc_nano.a(lib_a-nano-vfprintf.o)
 *fill*         0x000000000000cb8f        0x1 
 .rodata.__assert_func.str1.4
                0x000000000000cb90       0x3f /home/rui/zephyr-sdk-0.13.1/riscv64-zephyr-elf/riscv64-zephyr-elf/lib/./libc_nano.a(lib_a-assert.o)
                                         0x43 (size before relaxing)
 *fill*         0x000000000000cbcf        0x1 
 .rodata._setlocale_r.str1.4
                0x000000000000cbd0        0xa /home/rui/zephyr-sdk-0.13.1/riscv64-zephyr-elf/riscv64-zephyr-elf/lib/./libc_nano.a(lib_a-locale.o)
                                          0xd (size before relaxing)
 *fill*         0x000000000000cbda        0x2 
 .rodata.str1.4
                0x000000000000cbdc        0x2 /home/rui/zephyr-sdk-0.13.1/riscv64-zephyr-elf/riscv64-zephyr-elf/lib/./libc_nano.a(lib_a-locale.o)
 *(SORT_BY_ALIGNMENT(.gnu.linkonce.r.*))
 *(SORT_BY_ALIGNMENT(.sdata2) SORT_BY_ALIGNMENT(.sdata2.*) SORT_BY_ALIGNMENT(.gnu.linkonce.s2.*))
                0x000000000000cbe0                . = ALIGN (0x4)
 *fill*         0x000000000000cbde        0x2 
                0x000000000000cbe0                __rodata_region_end = .
                0x000000000000cbe0                . = ALIGN (0x4)

bss             0x000000000000cbe0      0x334
                0x000000000000cbe0                . = ALIGN (0x4)
                0x000000000000cbe0                __bss_start = .
                0x000000000000cbe0                _image_ram_start = .
                0x000000000000cbe0                __kernel_ram_start = .
 *(SORT_BY_ALIGNMENT(.sbss))
 *(SORT_BY_ALIGNMENT(.sbss.*))
 .sbss.last_count
                0x000000000000cbe0        0x8 zephyr/drivers/timer/libdrivers__timer.a(riscv_machine_timer.c.obj)
 .sbss.curr_tick
                0x000000000000cbe8        0x8 zephyr/kernel/libkernel.a(timeout.c.obj)
 .sbss.mat_address_1
                0x000000000000cbf0        0x4 app/libapp.a(main.c.obj)
                0x000000000000cbf0                mat_address_1
 .sbss.mat_address_2
                0x000000000000cbf4        0x4 app/libapp.a(main.c.obj)
                0x000000000000cbf4                mat_address_2
 .sbss.mat_cols_1
                0x000000000000cbf8        0x4 app/libapp.a(main.c.obj)
                0x000000000000cbf8                mat_cols_1
 .sbss.mat_cols_2
                0x000000000000cbfc        0x4 app/libapp.a(main.c.obj)
                0x000000000000cbfc                mat_cols_2
 .sbss.mat_rows_1
                0x000000000000cc00        0x4 app/libapp.a(main.c.obj)
                0x000000000000cc00                mat_rows_1
 .sbss.mat_rows_2
                0x000000000000cc04        0x4 app/libapp.a(main.c.obj)
                0x000000000000cc04                mat_rows_2
 .sbss.matrix1  0x000000000000cc08        0x4 app/libapp.a(main.c.obj)
                0x000000000000cc08                matrix1
 .sbss.matrix2  0x000000000000cc0c        0x4 app/libapp.a(main.c.obj)
                0x000000000000cc0c                matrix2
 .sbss.matrixID
                0x000000000000cc10        0x4 app/libapp.a(main.c.obj)
                0x000000000000cc10                matrixID
 .sbss.dts_ord_9_ctx
                0x000000000000cc14        0x8 zephyr/libzephyr.a(soc.c.obj)
 .sbss.heap_sz  0x000000000000cc1c        0x4 zephyr/lib/libc/newlib/liblib__libc__newlib.a(libc-hooks.c.obj)
 .sbss._rand32_counter
                0x000000000000cc20        0x4 zephyr/subsys/random/libsubsys__random.a(rand32_timer.c.obj)
 .sbss.save_irq
                0x000000000000cc24        0x4 zephyr/drivers/interrupt_controller/libdrivers__interrupt_controller.a(intc_swerv_pic.c.obj)
 .sbss.uart_console_dev
                0x000000000000cc28        0x4 zephyr/drivers/console/libdrivers__console.a(uart_console.c.obj)
 .sbss.gpio_veerwolf_data_0
                0x000000000000cc2c        0x4 zephyr/drivers/gpio/libdrivers__gpio.a(gpio_veerwolf.c.obj)
 .sbss.slice_max_prio
                0x000000000000cc30        0x4 zephyr/kernel/libkernel.a(sched.c.obj)
 .sbss.slice_time
                0x000000000000cc34        0x4 zephyr/kernel/libkernel.a(sched.c.obj)
 .sbss.announce_remaining
                0x000000000000cc38        0x4 zephyr/kernel/libkernel.a(timeout.c.obj)
 .sbss.__malloc_free_list
                0x000000000000cc3c        0x4 /home/rui/zephyr-sdk-0.13.1/riscv64-zephyr-elf/riscv64-zephyr-elf/lib/./libc_nano.a(lib_a-nano-mallocr.o)
                0x000000000000cc3c                __malloc_free_list
 .sbss.__malloc_sbrk_start
                0x000000000000cc40        0x4 /home/rui/zephyr-sdk-0.13.1/riscv64-zephyr-elf/riscv64-zephyr-elf/lib/./libc_nano.a(lib_a-nano-mallocr.o)
                0x000000000000cc40                __malloc_sbrk_start
 .sbss.errno    0x000000000000cc44        0x4 /home/rui/zephyr-sdk-0.13.1/riscv64-zephyr-elf/riscv64-zephyr-elf/lib/./libc_nano.a(lib_a-reent.o)
                0x000000000000cc44                errno
 .sbss.z_sys_post_kernel
                0x000000000000cc48        0x1 zephyr/kernel/libkernel.a(init.c.obj)
                0x000000000000cc48                z_sys_post_kernel
 *(SORT_BY_ALIGNMENT(.bss))
 *(SORT_BY_ALIGNMENT(.bss.*))
 *fill*         0x000000000000cc49        0x7 
 .bss.threadA_data
                0x000000000000cc50       0xa8 app/libapp.a(main.c.obj)
 .bss.threadB_data
                0x000000000000ccf8       0xa8 app/libapp.a(main.c.obj)
 .bss.z_idle_threads
                0x000000000000cda0       0xa8 zephyr/kernel/libkernel.a(init.c.obj)
                0x000000000000cda0                z_idle_threads
 .bss.z_main_thread
                0x000000000000ce48       0xa8 zephyr/kernel/libkernel.a(init.c.obj)
                0x000000000000ce48                z_main_thread
 .bss._kernel   0x000000000000cef0       0x24 zephyr/kernel/libkernel.a(init.c.obj)
                0x000000000000cef0                _kernel
 .bss.lock      0x000000000000cf14        0x0 zephyr/kernel/libkernel.a(mutex.c.obj)
 .bss.lock      0x000000000000cf14        0x0 zephyr/kernel/libkernel.a(sem.c.obj)
 .bss.sched_spinlock
                0x000000000000cf14        0x0 zephyr/kernel/libkernel.a(sched.c.obj)
                0x000000000000cf14                sched_spinlock
 *(SORT_BY_ALIGNMENT(COMMON))
                0x000000000000cf14                __bss_end = ALIGN (0x4)

noinit          0x000000000000cf20     0x1600
 *(SORT_BY_ALIGNMENT(.noinit))
 *(SORT_BY_ALIGNMENT(.noinit.*))
 .noinit."WEST_TOPDIR/zephyr/samples/my_zephyr_app/matmulUC1/main.c".0
                0x000000000000cf20      0x400 app/libapp.a(main.c.obj)
                0x000000000000cf20                threadA_stack_area
 .noinit."WEST_TOPDIR/zephyr/samples/my_zephyr_app/matmulUC1/main.c".1
                0x000000000000d320      0x400 app/libapp.a(main.c.obj)
                0x000000000000d320                threadB_stack_area
 .noinit."WEST_TOPDIR/zephyr/kernel/init.c".0
                0x000000000000d720      0x400 zephyr/kernel/libkernel.a(init.c.obj)
                0x000000000000d720                z_main_stack
 .noinit."WEST_TOPDIR/zephyr/kernel/init.c".1
                0x000000000000db20      0x200 zephyr/kernel/libkernel.a(init.c.obj)
 .noinit."WEST_TOPDIR/zephyr/kernel/init.c".2
                0x000000000000dd20      0x800 zephyr/kernel/libkernel.a(init.c.obj)
                0x000000000000dd20                z_interrupt_stacks

datas           0x000000000000e520      0x204
                0x000000000000e520                . = ALIGN (0x4)
                0x000000000000e520                __data_region_start = .
                0x000000000000e520                __data_start = .
 *(SORT_BY_ALIGNMENT(.data))
 *(SORT_BY_ALIGNMENT(.data.*))
 .data.impure_data
                0x000000000000e520       0x60 /home/rui/zephyr-sdk-0.13.1/riscv64-zephyr-elf/riscv64-zephyr-elf/lib/./libc_nano.a(lib_a-impure.o)
 .data.__global_locale
                0x000000000000e580      0x16c /home/rui/zephyr-sdk-0.13.1/riscv64-zephyr-elf/riscv64-zephyr-elf/lib/./libc_nano.a(lib_a-locale.o)
                0x000000000000e580                __global_locale
 *(SORT_BY_ALIGNMENT(.sdata) SORT_BY_ALIGNMENT(.sdata.*) SORT_BY_ALIGNMENT(.gnu.linkonce.s.*))
 .sdata.acceleratorBusyFlag
                0x000000000000e6ec        0x4 app/libapp.a(main.c.obj)
                0x000000000000e6ec                acceleratorBusyFlag
 .sdata.mat1    0x000000000000e6f0        0x4 app/libapp.a(main.c.obj)
                0x000000000000e6f0                mat1
 .sdata.mat2    0x000000000000e6f4        0x4 app/libapp.a(main.c.obj)
                0x000000000000e6f4                mat2
 .sdata.mat3    0x000000000000e6f8        0x4 app/libapp.a(main.c.obj)
                0x000000000000e6f8                mat3
 .sdata.matI    0x000000000000e6fc        0x4 app/libapp.a(main.c.obj)
                0x000000000000e6fc                matI
 .sdata._char_out
                0x000000000000e700        0x4 zephyr/libzephyr.a(printk.c.obj)
                0x000000000000e700                _char_out
 .sdata._stdin_hook
                0x000000000000e704        0x4 zephyr/lib/libc/newlib/liblib__libc__newlib.a(libc-hooks.c.obj)
 .sdata._stdout_hook
                0x000000000000e708        0x4 zephyr/lib/libc/newlib/liblib__libc__newlib.a(libc-hooks.c.obj)
 .sdata.uart_ns16550_dev_data_0
                0x000000000000e70c        0x8 zephyr/drivers/serial/libdrivers__serial.a(uart_ns16550.c.obj)
 .sdata.timeout_list
                0x000000000000e714        0x8 zephyr/kernel/libkernel.a(timeout.c.obj)
 .sdata.z_clock_hw_cycles_per_sec
                0x000000000000e71c        0x4 zephyr/kernel/libkernel.a(timeout.c.obj)
                0x000000000000e71c                z_clock_hw_cycles_per_sec
 .sdata._impure_ptr
                0x000000000000e720        0x4 /home/rui/zephyr-sdk-0.13.1/riscv64-zephyr-elf/riscv64-zephyr-elf/lib/./libc_nano.a(lib_a-impure.o)
                0x000000000000e720                _impure_ptr
                0x000000000000e724                __data_end = .
                0x0000000000000204                __data_size = (__data_end - __data_start)
                0x000000000000e520                __data_load_start = LOADADDR (datas)
                0x000000000000e520                __data_region_load_start = LOADADDR (datas)

sw_isr_table    0x000000000000e724      0x200
                0x000000000000e724                . = ALIGN (0x0)
 *(SORT_BY_ALIGNMENT(.gnu.linkonce.sw_isr_table*))
 .gnu.linkonce.sw_isr_table
                0x000000000000e724      0x200 zephyr/arch/common/libisr_tables.a(isr_tables.c.obj)
                0x000000000000e724                _sw_isr_table

device_states   0x000000000000e924       0x10
                0x000000000000e924                __device_states_start = .
 *(SORT_BY_ALIGNMENT(.z_devstate))
 .z_devstate    0x000000000000e924        0x4 zephyr/libzephyr.a(soc.c.obj)
 .z_devstate    0x000000000000e928        0x4 zephyr/drivers/gpio/libdrivers__gpio.a(gpio_veerwolf.c.obj)
 .z_devstate    0x000000000000e92c        0x4 zephyr/drivers/serial/libdrivers__serial.a(uart_ns16550.c.obj)
 .z_devstate    0x000000000000e930        0x4 zephyr/drivers/timer/libdrivers__timer.a(sys_clock_init.c.obj)
 *(SORT_BY_ALIGNMENT(.z_devstate.*))
                0x000000000000e934                __device_states_end = .

initshell       0x000000000000e934        0x0
                0x000000000000e934                __shell_module_start = .
 *(SORT_BY_ALIGNMENT(.shell_module_*))
                0x000000000000e934                __shell_module_end = .
                0x000000000000e934                __shell_cmd_start = .
 *(SORT_BY_ALIGNMENT(.shell_cmd_*))
                0x000000000000e934                __shell_cmd_end = .

log_dynamic_sections
                0x000000000000e934        0x0
                0x000000000000e934                __log_dynamic_start = .
 *(SORT_BY_NAME(SORT_BY_ALIGNMENT(.log_dynamic_*)))
                0x000000000000e934                __log_dynamic_end = .

_static_thread_data_area
                0x000000000000e934        0x0
                0x000000000000e934                __static_thread_data_list_start = .
 *(SORT_BY_NAME(SORT_BY_ALIGNMENT(.__static_thread_data.static.*)))
                0x000000000000e934                __static_thread_data_list_end = .

k_timer_area    0x000000000000e934        0x0
                0x000000000000e934                _k_timer_list_start = .
 *(SORT_BY_NAME(SORT_BY_ALIGNMENT(._k_timer.static.*)))
                0x000000000000e934                _k_timer_list_end = .

k_mem_slab_area
                0x000000000000e934        0x0
                0x000000000000e934                _k_mem_slab_list_start = .
 *(SORT_BY_NAME(SORT_BY_ALIGNMENT(._k_mem_slab.static.*)))
                0x000000000000e934                _k_mem_slab_list_end = .

k_mem_pool_area
                0x000000000000e934        0x0
                0x000000000000e934                _k_mem_pool_list_start = .
 *(SORT_BY_NAME(SORT_BY_ALIGNMENT(._k_mem_pool.static.*)))
                0x000000000000e934                _k_mem_pool_list_end = .

k_heap_area     0x000000000000e934        0x0
                0x000000000000e934                _k_heap_list_start = .
 *(SORT_BY_NAME(SORT_BY_ALIGNMENT(._k_heap.static.*)))
                0x000000000000e934                _k_heap_list_end = .

k_mutex_area    0x000000000000e934       0x3c
                0x000000000000e934                _k_mutex_list_start = .
 *(SORT_BY_NAME(SORT_BY_ALIGNMENT(._k_mutex.static.*)))
 ._k_mutex.static.__lock___malloc_recursive_mutex
                0x000000000000e934       0x14 zephyr/lib/libc/newlib/liblib__libc__newlib.a(libc-hooks.c.obj)
                0x000000000000e934                __lock___malloc_recursive_mutex
 ._k_mutex.static.__lock___sfp_recursive_mutex
                0x000000000000e948       0x14 zephyr/lib/libc/newlib/liblib__libc__newlib.a(libc-hooks.c.obj)
                0x000000000000e948                __lock___sfp_recursive_mutex
 ._k_mutex.static.__lock___sinit_recursive_mutex
                0x000000000000e95c       0x14 zephyr/lib/libc/newlib/liblib__libc__newlib.a(libc-hooks.c.obj)
                0x000000000000e95c                __lock___sinit_recursive_mutex
                0x000000000000e970                _k_mutex_list_end = .

k_stack_area    0x000000000000e970        0x0
                0x000000000000e970                _k_stack_list_start = .
 *(SORT_BY_NAME(SORT_BY_ALIGNMENT(._k_stack.static.*)))
                0x000000000000e970                _k_stack_list_end = .

k_msgq_area     0x000000000000e970        0x0
                0x000000000000e970                _k_msgq_list_start = .
 *(SORT_BY_NAME(SORT_BY_ALIGNMENT(._k_msgq.static.*)))
                0x000000000000e970                _k_msgq_list_end = .

k_mbox_area     0x000000000000e970        0x0
                0x000000000000e970                _k_mbox_list_start = .
 *(SORT_BY_NAME(SORT_BY_ALIGNMENT(._k_mbox.static.*)))
                0x000000000000e970                _k_mbox_list_end = .

k_pipe_area     0x000000000000e970        0x0
                0x000000000000e970                _k_pipe_list_start = .
 *(SORT_BY_NAME(SORT_BY_ALIGNMENT(._k_pipe.static.*)))
                0x000000000000e970                _k_pipe_list_end = .

k_sem_area      0x000000000000e970       0x30
                0x000000000000e970                _k_sem_list_start = .
 *(SORT_BY_NAME(SORT_BY_ALIGNMENT(._k_sem.static.*)))
 ._k_sem.static.thread_accelerator_sem
                0x000000000000e970       0x10 app/libapp.a(main.c.obj)
                0x000000000000e970                thread_accelerator_sem
 ._k_sem.static.thread_software_sem
                0x000000000000e980       0x10 app/libapp.a(main.c.obj)
                0x000000000000e980                thread_software_sem
 ._k_sem.static.usingAccelerator_sem
                0x000000000000e990       0x10 app/libapp.a(main.c.obj)
                0x000000000000e990                usingAccelerator_sem
                0x000000000000e9a0                _k_sem_list_end = .

k_queue_area    0x000000000000e9a0        0x0
                0x000000000000e9a0                _k_queue_list_start = .
 *(SORT_BY_NAME(SORT_BY_ALIGNMENT(._k_queue.static.*)))
                0x000000000000e9a0                _k_queue_list_end = .

k_condvar_area  0x000000000000e9a0        0x0
                0x000000000000e9a0                _k_condvar_list_start = .
 *(SORT_BY_NAME(SORT_BY_ALIGNMENT(._k_condvar.static.*)))
                0x000000000000e9a0                _k_condvar_list_end = .

_net_buf_pool_area
                0x000000000000e9a0        0x0
                0x000000000000e9a0                _net_buf_pool_list = .
 *(SORT_BY_NAME(SORT_BY_ALIGNMENT(._net_buf_pool.static.*)))
                0x000000000000e9a0                __data_region_end = .
                0x000000000000e9a0                _image_ram_end = .
                0x000000000000e9a0                _end = .
                0x000000000000e9a0                __kernel_ram_end = .
                0x0000000000001dc0                __kernel_ram_size = (__kernel_ram_end - __kernel_ram_start)

.intList        0x00000000fffff800       0x38
 *(SORT_BY_ALIGNMENT(.irq_info*))
 .irq_info      0x00000000fffff800        0x8 zephyr/arch/common/libisr_tables.a(isr_tables.c.obj)
                0x00000000fffff800                _iheader
 *(SORT_BY_ALIGNMENT(.intList*))
 .intList       0x00000000fffff808       0x10 app/libapp.a(main.c.obj)
 .intList       0x00000000fffff818       0x10 zephyr/drivers/interrupt_controller/libdrivers__interrupt_controller.a(intc_swerv_pic.c.obj)
 .intList       0x00000000fffff828       0x10 zephyr/drivers/timer/libdrivers__timer.a(riscv_machine_timer.c.obj)

.stab
 *(SORT_BY_ALIGNMENT(.stab))

.stabstr
 *(SORT_BY_ALIGNMENT(.stabstr))

.stab.excl
 *(SORT_BY_ALIGNMENT(.stab.excl))

.stab.exclstr
 *(SORT_BY_ALIGNMENT(.stab.exclstr))

.stab.index
 *(SORT_BY_ALIGNMENT(.stab.index))

.stab.indexstr
 *(SORT_BY_ALIGNMENT(.stab.indexstr))

.gnu.build.attributes
 *(SORT_BY_ALIGNMENT(.gnu.build.attributes) SORT_BY_ALIGNMENT(.gnu.build.attributes.*))

.comment        0x0000000000000000       0x2e
 *(SORT_BY_ALIGNMENT(.comment))
 .comment       0x0000000000000000       0x2e zephyr/CMakeFiles/offsets.dir/./arch/riscv/core/offsets/offsets.c.obj
                                         0x2f (size before relaxing)
 .comment       0x000000000000002e       0x2f app/libapp.a(main.c.obj)
 .comment       0x000000000000002e       0x2f app/libapp.a(matrix.c.obj)
 .comment       0x000000000000002e       0x2f app/libapp.a(multiply.c.obj)
 .comment       0x000000000000002e       0x2f zephyr/libzephyr.a(printk.c.obj)
 .comment       0x000000000000002e       0x2f zephyr/libzephyr.a(thread_entry.c.obj)
 .comment       0x000000000000002e       0x2f zephyr/libzephyr.a(cbprintf_complete.c.obj)
 .comment       0x000000000000002e       0x2f zephyr/libzephyr.a(configs.c.obj)
 .comment       0x000000000000002e       0x2f zephyr/libzephyr.a(irq.c.obj)
 .comment       0x000000000000002e       0x2f zephyr/libzephyr.a(soc.c.obj)
 .comment       0x000000000000002e       0x2f zephyr/arch/arch/riscv/core/libarch__riscv__core.a(cpu_idle.c.obj)
 .comment       0x000000000000002e       0x2f zephyr/arch/arch/riscv/core/libarch__riscv__core.a(fatal.c.obj)
 .comment       0x000000000000002e       0x2f zephyr/arch/arch/riscv/core/libarch__riscv__core.a(irq_manage.c.obj)
 .comment       0x000000000000002e       0x2f zephyr/arch/arch/riscv/core/libarch__riscv__core.a(prep_c.c.obj)
 .comment       0x000000000000002e       0x2f zephyr/arch/arch/riscv/core/libarch__riscv__core.a(thread.c.obj)
 .comment       0x000000000000002e       0x2f zephyr/lib/libc/newlib/liblib__libc__newlib.a(libc-hooks.c.obj)
 .comment       0x000000000000002e       0x2f zephyr/subsys/random/libsubsys__random.a(rand32_timer.c.obj)
 .comment       0x000000000000002e       0x2f zephyr/drivers/interrupt_controller/libdrivers__interrupt_controller.a(intc_swerv_pic.c.obj)
 .comment       0x000000000000002e       0x2f zephyr/drivers/console/libdrivers__console.a(uart_console.c.obj)
 .comment       0x000000000000002e       0x2f zephyr/drivers/gpio/libdrivers__gpio.a(gpio_mmio32.c.obj)
 .comment       0x000000000000002e       0x2f zephyr/drivers/gpio/libdrivers__gpio.a(gpio_veerwolf.c.obj)
 .comment       0x000000000000002e       0x2f zephyr/drivers/serial/libdrivers__serial.a(uart_ns16550.c.obj)
 .comment       0x000000000000002e       0x2f zephyr/drivers/timer/libdrivers__timer.a(sys_clock_init.c.obj)
 .comment       0x000000000000002e       0x2f zephyr/drivers/timer/libdrivers__timer.a(riscv_machine_timer.c.obj)
 .comment       0x000000000000002e       0x2f zephyr/kernel/libkernel.a(device.c.obj)
 .comment       0x000000000000002e       0x2f zephyr/kernel/libkernel.a(errno.c.obj)
 .comment       0x000000000000002e       0x2f zephyr/kernel/libkernel.a(fatal.c.obj)
 .comment       0x000000000000002e       0x2f zephyr/kernel/libkernel.a(init.c.obj)
 .comment       0x000000000000002e       0x2f zephyr/kernel/libkernel.a(thread.c.obj)
 .comment       0x000000000000002e       0x2f zephyr/kernel/libkernel.a(idle.c.obj)
 .comment       0x000000000000002e       0x2f zephyr/kernel/libkernel.a(mutex.c.obj)
 .comment       0x000000000000002e       0x2f zephyr/kernel/libkernel.a(sem.c.obj)
 .comment       0x000000000000002e       0x2f zephyr/kernel/libkernel.a(sched.c.obj)
 .comment       0x000000000000002e       0x2f zephyr/kernel/libkernel.a(timeout.c.obj)
 .comment       0x000000000000002e       0x2f zephyr/kernel/libkernel.a(atomic_c.c.obj)
 .comment       0x000000000000002e       0x2f zephyr/kernel/libkernel.a(banner.c.obj)
 .comment       0x000000000000002e       0x2f zephyr/arch/common/libisr_tables.a(isr_tables.c.obj)

.debug
 *(SORT_BY_ALIGNMENT(.debug))

.line
 *(SORT_BY_ALIGNMENT(.line))

.debug_srcinfo
 *(SORT_BY_ALIGNMENT(.debug_srcinfo))

.debug_sfnames
 *(SORT_BY_ALIGNMENT(.debug_sfnames))

.debug_aranges  0x0000000000000000      0xc28
 *(SORT_BY_ALIGNMENT(.debug_aranges))
 .debug_aranges
                0x0000000000000000       0x28 zephyr/libzephyr.a(soc_irq.S.obj)
 .debug_aranges
                0x0000000000000028       0x20 zephyr/libzephyr.a(vector.S.obj)
 .debug_aranges
                0x0000000000000048       0x20 zephyr/arch/arch/riscv/core/libarch__riscv__core.a(isr.S.obj)
 .debug_aranges
                0x0000000000000068       0x20 zephyr/arch/arch/riscv/core/libarch__riscv__core.a(reset.S.obj)
 .debug_aranges
                0x0000000000000088       0x28 zephyr/arch/arch/riscv/core/libarch__riscv__core.a(swap.S.obj)
 .debug_aranges
                0x00000000000000b0       0x20 zephyr/CMakeFiles/offsets.dir/./arch/riscv/core/offsets/offsets.c.obj
 .debug_aranges
                0x00000000000000d0       0x50 app/libapp.a(main.c.obj)
 .debug_aranges
                0x0000000000000120       0x30 app/libapp.a(matrix.c.obj)
 .debug_aranges
                0x0000000000000150       0x28 app/libapp.a(multiply.c.obj)
 .debug_aranges
                0x0000000000000178       0x68 zephyr/libzephyr.a(printk.c.obj)
 .debug_aranges
                0x00000000000001e0       0x20 zephyr/libzephyr.a(thread_entry.c.obj)
 .debug_aranges
                0x0000000000000200       0x38 zephyr/libzephyr.a(cbprintf_complete.c.obj)
 .debug_aranges
                0x0000000000000238       0x20 zephyr/libzephyr.a(configs.c.obj)
 .debug_aranges
                0x0000000000000258       0x20 zephyr/libzephyr.a(irq.c.obj)
 .debug_aranges
                0x0000000000000278       0x20 zephyr/libzephyr.a(soc.c.obj)
 .debug_aranges
                0x0000000000000298       0x28 zephyr/arch/arch/riscv/core/libarch__riscv__core.a(cpu_idle.c.obj)
 .debug_aranges
                0x00000000000002c0       0x28 zephyr/arch/arch/riscv/core/libarch__riscv__core.a(fatal.c.obj)
 .debug_aranges
                0x00000000000002e8       0x28 zephyr/arch/arch/riscv/core/libarch__riscv__core.a(irq_manage.c.obj)
 .debug_aranges
                0x0000000000000310       0x20 zephyr/arch/arch/riscv/core/libarch__riscv__core.a(prep_c.c.obj)
 .debug_aranges
                0x0000000000000330       0x20 zephyr/arch/arch/riscv/core/libarch__riscv__core.a(thread.c.obj)
 .debug_aranges
                0x0000000000000350      0x100 zephyr/lib/libc/newlib/liblib__libc__newlib.a(libc-hooks.c.obj)
 .debug_aranges
                0x0000000000000450       0x28 zephyr/subsys/random/libsubsys__random.a(rand32_timer.c.obj)
 .debug_aranges
                0x0000000000000478       0x68 zephyr/drivers/interrupt_controller/libdrivers__interrupt_controller.a(intc_swerv_pic.c.obj)
 .debug_aranges
                0x00000000000004e0       0x28 zephyr/drivers/console/libdrivers__console.a(uart_console.c.obj)
 .debug_aranges
                0x0000000000000508       0x58 zephyr/drivers/gpio/libdrivers__gpio.a(gpio_mmio32.c.obj)
 .debug_aranges
                0x0000000000000560       0x58 zephyr/drivers/gpio/libdrivers__gpio.a(gpio_veerwolf.c.obj)
 .debug_aranges
                0x00000000000005b8       0x48 zephyr/drivers/serial/libdrivers__serial.a(uart_ns16550.c.obj)
 .debug_aranges
                0x0000000000000600       0x40 zephyr/drivers/timer/libdrivers__timer.a(sys_clock_init.c.obj)
 .debug_aranges
                0x0000000000000640       0x48 zephyr/drivers/timer/libdrivers__timer.a(riscv_machine_timer.c.obj)
 .debug_aranges
                0x0000000000000688       0x48 zephyr/kernel/libkernel.a(device.c.obj)
 .debug_aranges
                0x00000000000006d0       0x20 zephyr/kernel/libkernel.a(errno.c.obj)
 .debug_aranges
                0x00000000000006f0       0x58 zephyr/kernel/libkernel.a(fatal.c.obj)
 .debug_aranges
                0x0000000000000748       0x48 zephyr/kernel/libkernel.a(init.c.obj)
 .debug_aranges
                0x0000000000000790       0xa0 zephyr/kernel/libkernel.a(thread.c.obj)
 .debug_aranges
                0x0000000000000830       0x28 zephyr/kernel/libkernel.a(idle.c.obj)
 .debug_aranges
                0x0000000000000858       0x38 zephyr/kernel/libkernel.a(mutex.c.obj)
 .debug_aranges
                0x0000000000000890       0x38 zephyr/kernel/libkernel.a(sem.c.obj)
 .debug_aranges
                0x00000000000008c8      0x218 zephyr/kernel/libkernel.a(sched.c.obj)
 .debug_aranges
                0x0000000000000ae0       0x98 zephyr/kernel/libkernel.a(timeout.c.obj)
 .debug_aranges
                0x0000000000000b78       0x78 zephyr/kernel/libkernel.a(atomic_c.c.obj)
 .debug_aranges
                0x0000000000000bf0       0x20 zephyr/kernel/libkernel.a(banner.c.obj)
 .debug_aranges
                0x0000000000000c10       0x18 zephyr/arch/common/libisr_tables.a(isr_tables.c.obj)

.debug_pubnames
 *(SORT_BY_ALIGNMENT(.debug_pubnames))

.debug_info     0x0000000000000000    0x217b6
 *(SORT_BY_ALIGNMENT(.debug_info) SORT_BY_ALIGNMENT(.gnu.linkonce.wi.*))
 .debug_info    0x0000000000000000       0x93 zephyr/CMakeFiles/offsets.dir/./arch/riscv/core/offsets/offsets.c.obj
 .debug_info    0x0000000000000093     0x117f app/libapp.a(main.c.obj)
 .debug_info    0x0000000000001212      0x360 app/libapp.a(matrix.c.obj)
 .debug_info    0x0000000000001572      0x2f9 app/libapp.a(multiply.c.obj)
 .debug_info    0x000000000000186b      0x5a9 zephyr/libzephyr.a(printk.c.obj)
 .debug_info    0x0000000000001e14      0x63e zephyr/libzephyr.a(thread_entry.c.obj)
 .debug_info    0x0000000000002452      0xe5c zephyr/libzephyr.a(cbprintf_complete.c.obj)
 .debug_info    0x00000000000032ae       0x38 zephyr/libzephyr.a(configs.c.obj)
 .debug_info    0x00000000000032e6       0x22 zephyr/libzephyr.a(soc_irq.S.obj)
 .debug_info    0x0000000000003308       0x26 zephyr/libzephyr.a(vector.S.obj)
 .debug_info    0x000000000000332e       0xda zephyr/libzephyr.a(irq.c.obj)
 .debug_info    0x0000000000003408      0x864 zephyr/libzephyr.a(soc.c.obj)
 .debug_info    0x0000000000003c6c      0x120 zephyr/arch/arch/riscv/core/libarch__riscv__core.a(cpu_idle.c.obj)
 .debug_info    0x0000000000003d8c     0x4c04 zephyr/arch/arch/riscv/core/libarch__riscv__core.a(fatal.c.obj)
 .debug_info    0x0000000000008990      0x94d zephyr/arch/arch/riscv/core/libarch__riscv__core.a(irq_manage.c.obj)
 .debug_info    0x00000000000092dd       0x26 zephyr/arch/arch/riscv/core/libarch__riscv__core.a(isr.S.obj)
 .debug_info    0x0000000000009303       0xd7 zephyr/arch/arch/riscv/core/libarch__riscv__core.a(prep_c.c.obj)