Archive member included to satisfy reference by file (symbol)

app/libapp.a(main.c.obj)      (--whole-archive)
app/libapp.a(matrix.c.obj)    (--whole-archive)
app/libapp.a(multiply.c.obj)  (--whole-archive)
zephyr/libzephyr.a(cbprintf.c.obj)
                              (--whole-archive)
zephyr/libzephyr.a(cbprintf_packaged.c.obj)
                              (--whole-archive)
zephyr/libzephyr.a(crc32c_sw.c.obj)
                              (--whole-archive)
zephyr/libzephyr.a(crc32_sw.c.obj)
                              (--whole-archive)
zephyr/libzephyr.a(crc16_sw.c.obj)
                              (--whole-archive)
zephyr/libzephyr.a(crc8_sw.c.obj)
                              (--whole-archive)
zephyr/libzephyr.a(crc7_sw.c.obj)
                              (--whole-archive)
zephyr/libzephyr.a(dec.c.obj)
                              (--whole-archive)
zephyr/libzephyr.a(fdtable.c.obj)
                              (--whole-archive)
zephyr/libzephyr.a(hex.c.obj)
                              (--whole-archive)
zephyr/libzephyr.a(notify.c.obj)
                              (--whole-archive)
zephyr/libzephyr.a(printk.c.obj)
                              (--whole-archive)
zephyr/libzephyr.a(onoff.c.obj)
                              (--whole-archive)
zephyr/libzephyr.a(rb.c.obj)  (--whole-archive)
zephyr/libzephyr.a(sem.c.obj)
                              (--whole-archive)
zephyr/libzephyr.a(thread_entry.c.obj)
                              (--whole-archive)
zephyr/libzephyr.a(timeutil.c.obj)
                              (--whole-archive)
zephyr/libzephyr.a(heap.c.obj)
                              (--whole-archive)
zephyr/libzephyr.a(heap-validate.c.obj)
                              (--whole-archive)
zephyr/libzephyr.a(bitarray.c.obj)
                              (--whole-archive)
zephyr/libzephyr.a(cbprintf_complete.c.obj)
                              (--whole-archive)
zephyr/libzephyr.a(configs.c.obj)
                              (--whole-archive)
zephyr/libzephyr.a(soc_irq.S.obj)
                              (--whole-archive)
zephyr/libzephyr.a(vector.S.obj)
                              (--whole-archive)
zephyr/libzephyr.a(irq.c.obj)
                              (--whole-archive)
zephyr/libzephyr.a(soc.c.obj)
                              (--whole-archive)
zephyr/libzephyr.a(tracing_none.c.obj)
                              (--whole-archive)
zephyr/arch/common/libarch__common.a(sw_isr_common.c.obj)
                              (--whole-archive)
zephyr/arch/arch/riscv/core/libarch__riscv__core.a(cpu_idle.c.obj)
                              (--whole-archive)
zephyr/arch/arch/riscv/core/libarch__riscv__core.a(fatal.c.obj)
                              (--whole-archive)
zephyr/arch/arch/riscv/core/libarch__riscv__core.a(irq_manage.c.obj)
                              (--whole-archive)
zephyr/arch/arch/riscv/core/libarch__riscv__core.a(isr.S.obj)
                              (--whole-archive)
zephyr/arch/arch/riscv/core/libarch__riscv__core.a(prep_c.c.obj)
                              (--whole-archive)
zephyr/arch/arch/riscv/core/libarch__riscv__core.a(reboot.c.obj)
                              (--whole-archive)
zephyr/arch/arch/riscv/core/libarch__riscv__core.a(reset.S.obj)
                              (--whole-archive)
zephyr/arch/arch/riscv/core/libarch__riscv__core.a(swap.S.obj)
                              (--whole-archive)
zephyr/arch/arch/riscv/core/libarch__riscv__core.a(thread.c.obj)
                              (--whole-archive)
zephyr/lib/libc/newlib/liblib__libc__newlib.a(libc-hooks.c.obj)
                              (--whole-archive)
zephyr/lib/posix/liblib__posix.a(pthread_common.c.obj)
                              (--whole-archive)
zephyr/lib/posix/liblib__posix.a(nanosleep.c.obj)
                              (--whole-archive)
zephyr/subsys/random/libsubsys__random.a(rand32_timer.c.obj)
                              (--whole-archive)
zephyr/drivers/interrupt_controller/libdrivers__interrupt_controller.a(intc_swerv_pic.c.obj)
                              (--whole-archive)
zephyr/drivers/console/libdrivers__console.a(uart_console.c.obj)
                              (--whole-archive)
zephyr/drivers/gpio/libdrivers__gpio.a(gpio_mmio32.c.obj)
                              (--whole-archive)
zephyr/drivers/gpio/libdrivers__gpio.a(gpio_veerwolf.c.obj)
                              (--whole-archive)
zephyr/drivers/serial/libdrivers__serial.a(uart_ns16550.c.obj)
                              (--whole-archive)
zephyr/drivers/timer/libdrivers__timer.a(sys_clock_init.c.obj)
                              (--whole-archive)
zephyr/drivers/timer/libdrivers__timer.a(riscv_machine_timer.c.obj)
                              (--whole-archive)
zephyr/kernel/libkernel.a(device.c.obj)
                              zephyr/drivers/console/libdrivers__console.a(uart_console.c.obj) (z_device_ready)
zephyr/kernel/libkernel.a(errno.c.obj)
[...]
Memory Configuration

Name             Origin             Length             Attributes
RAM              0x0000000000000000 0x0000000000800000 xrw
IDT_LIST         0x00000000fffff7ff 0x0000000000000800 xw
*default*        0x0000000000000000 0xffffffffffffffff

Linker script and memory map

LOAD zephyr/CMakeFiles/zephyr_final.dir/misc/empty_file.c.obj
LOAD zephyr/CMakeFiles/zephyr_final.dir/isr_tables.c.obj
LOAD zephyr/CMakeFiles/zephyr_final.dir/dev_handles.c.obj
LOAD zephyr/CMakeFiles/offsets.dir/./arch/riscv/core/offsets/offsets.c.obj

.rel.plt        0x0000000000000000        0x0
 *(SORT_BY_ALIGNMENT(.rel.plt))
                [!provide]                        PROVIDE (__rel_iplt_start = .)
 *(SORT_BY_ALIGNMENT(.rel.iplt))
                [!provide]                        PROVIDE (__rel_iplt_end = .)

.rela.plt       0x0000000000000000        0x0
 *(SORT_BY_ALIGNMENT(.rela.plt))
                [!provide]                        PROVIDE (__rela_iplt_start = .)
 *(SORT_BY_ALIGNMENT(.rela.iplt))
                [!provide]                        PROVIDE (__rela_iplt_end = .)

.rel.dyn
 *(SORT_BY_ALIGNMENT(.rel.*))

.rela.dyn       0x0000000000000000        0x0
 *(SORT_BY_ALIGNMENT(.rela.*))
 .rela.sdata._char_out
                0x0000000000000000        0x0 zephyr/CMakeFiles/zephyr_final.dir/isr_tables.c.obj
 .rela.exception.entry.__irq_wrapper
                0x0000000000000000        0x0 zephyr/CMakeFiles/zephyr_final.dir/isr_tables.c.obj
 .rela.text._sbrk
                0x0000000000000000        0x0 zephyr/CMakeFiles/zephyr_final.dir/isr_tables.c.obj
 .rela.rodata.levels.0
                0x0000000000000000        0x0 zephyr/CMakeFiles/zephyr_final.dir/isr_tables.c.obj
 .rela.text.k_sys_fatal_error_handler
                0x0000000000000000        0x0 zephyr/CMakeFiles/zephyr_final.dir/isr_tables.c.obj
 .rela.text.z_fatal_error
                0x0000000000000000        0x0 zephyr/CMakeFiles/zephyr_final.dir/isr_tables.c.obj
 .rela.text.z_bss_zero
                0x0000000000000000        0x0 zephyr/CMakeFiles/zephyr_final.dir/isr_tables.c.obj
 .rela.text.z_init_static_threads
                0x0000000000000000        0x0 zephyr/CMakeFiles/zephyr_final.dir/isr_tables.c.obj
 .rela.text.idle
                0x0000000000000000        0x0 zephyr/CMakeFiles/zephyr_final.dir/isr_tables.c.obj
 .rela.text.statics_init
                0x0000000000000000        0x0 zephyr/CMakeFiles/zephyr_final.dir/isr_tables.c.obj
 .rela.text._vfprintf_r
                0x0000000000000000        0x0 zephyr/CMakeFiles/zephyr_final.dir/isr_tables.c.obj
 .rela.text.abort
                0x0000000000000000        0x0 zephyr/CMakeFiles/zephyr_final.dir/isr_tables.c.obj

.plt
 *(SORT_BY_ALIGNMENT(.plt))

.iplt
 *(SORT_BY_ALIGNMENT(.iplt))
                0x0000000000000000                __rom_region_start = 0x0

vector          0x0000000000000000       0x24
                0x0000000000000000                . = ALIGN (0x4)
 *(SORT_BY_ALIGNMENT(.vectors.*))
 .vectors.__start
                0x0000000000000000       0x24 zephyr/libzephyr.a(vector.S.obj)
                0x0000000000000000                __start

rom_start       0x0000000000000024        0xc
                0x0000000000000030                . = ALIGN (0x10)
 *fill*         0x0000000000000024        0xc 

reset
 *(SORT_BY_ALIGNMENT(.reset.*))

exceptions      0x0000000000000030      0x2c0
 *(SORT_BY_ALIGNMENT(.exception.entry.*))
 .exception.entry.__irq_wrapper
                0x0000000000000030      0x270 zephyr/arch/arch/riscv/core/libarch__riscv__core.a(isr.S.obj)
                0x0000000000000030                __irq_wrapper
 *(SORT_BY_ALIGNMENT(.exception.other.*))
 .exception.other.__soc_handle_irq
                0x00000000000002a0       0x10 zephyr/libzephyr.a(soc_irq.S.obj)
                0x00000000000002a0                __soc_handle_irq
 .exception.other.__soc_is_irq
                0x00000000000002b0       0x1c zephyr/libzephyr.a(soc_irq.S.obj)
                0x00000000000002b0                __soc_is_irq
 .exception.other.arch_swap
                0x00000000000002cc       0x24 zephyr/arch/arch/riscv/core/libarch__riscv__core.a(swap.S.obj)
                0x00000000000002cc                arch_swap

text            0x00000000000002f0     0xcee4
                0x00000000000002f0                . = ALIGN (0x4)
 *(SORT_BY_ALIGNMENT(.openocd_debug))
 *(SORT_BY_ALIGNMENT(.openocd_debug.*))
                0x00000000000002f0                __text_region_start = .
 *(SORT_BY_ALIGNMENT(.text))
 .text          0x00000000000002f0       0x4c /home/rui/zephyr-sdk-0.13.1/riscv64-zephyr-elf/bin/../lib/gcc/riscv64-zephyr-elf/10.3.0/libgcc.a(_clzsi2.o)
                0x00000000000002f0                __clzsi2
 .text          0x000000000000033c       0x50 /home/rui/zephyr-sdk-0.13.1/riscv64-zephyr-elf/bin/../lib/gcc/riscv64-zephyr-elf/10.3.0/libgcc.a(_ctzsi2.o)
                0x000000000000033c                __ctzsi2
 .text          0x000000000000038c      0x434 /home/rui/zephyr-sdk-0.13.1/riscv64-zephyr-elf/bin/../lib/gcc/riscv64-zephyr-elf/10.3.0/libgcc.a(_udivdi3.o)
                0x000000000000038c                __udivdi3
 .text          0x00000000000007c0      0x404 /home/rui/zephyr-sdk-0.13.1/riscv64-zephyr-elf/bin/../lib/gcc/riscv64-zephyr-elf/10.3.0/libgcc.a(_umoddi3.o)
                0x00000000000007c0                __umoddi3
 .text          0x0000000000000bc4      0x6e0 /home/rui/zephyr-sdk-0.13.1/riscv64-zephyr-elf/bin/../lib/gcc/riscv64-zephyr-elf/10.3.0/libgcc.a(divdf3.o)
                0x0000000000000bc4                __divdf3
 .text          0x00000000000012a4       0xe4 /home/rui/zephyr-sdk-0.13.1/riscv64-zephyr-elf/bin/../lib/gcc/riscv64-zephyr-elf/10.3.0/libgcc.a(gedf2.o)
                0x00000000000012a4                __gtdf2
                0x00000000000012a4                __gedf2
 .text          0x0000000000001388      0x5c8 /home/rui/zephyr-sdk-0.13.1/riscv64-zephyr-elf/bin/../lib/gcc/riscv64-zephyr-elf/10.3.0/libgcc.a(muldf3.o)
                0x0000000000001388                __muldf3
 .text          0x0000000000001950      0x7ec /home/rui/zephyr-sdk-0.13.1/riscv64-zephyr-elf/bin/../lib/gcc/riscv64-zephyr-elf/10.3.0/libgcc.a(subdf3.o)
                0x0000000000001950                __subdf3
 .text          0x000000000000213c       0x80 /home/rui/zephyr-sdk-0.13.1/riscv64-zephyr-elf/bin/../lib/gcc/riscv64-zephyr-elf/10.3.0/libgcc.a(floatunsidf.o)
                0x000000000000213c                __floatunsidf
 .text          0x00000000000021bc      0x334 /home/rui/zephyr-sdk-0.13.1/riscv64-zephyr-elf/bin/../lib/gcc/riscv64-zephyr-elf/10.3.0/libgcc.a(divsf3.o)
                0x00000000000021bc                __divsf3
 .text          0x00000000000024f0      0x46c /home/rui/zephyr-sdk-0.13.1/riscv64-zephyr-elf/bin/../lib/gcc/riscv64-zephyr-elf/10.3.0/libgcc.a(subsf3.o)
                0x00000000000024f0                __subsf3
 .text          0x000000000000295c      0x108 /home/rui/zephyr-sdk-0.13.1/riscv64-zephyr-elf/bin/../lib/gcc/riscv64-zephyr-elf/10.3.0/libgcc.a(floatsisf.o)
                0x000000000000295c                __floatsisf
 .text          0x0000000000002a64       0xdc /home/rui/zephyr-sdk-0.13.1/riscv64-zephyr-elf/bin/../lib/gcc/riscv64-zephyr-elf/10.3.0/libgcc.a(extendsfdf2.o)
                0x0000000000002a64                __extendsfdf2
 .text          0x0000000000002b40       0x24 /home/rui/zephyr-sdk-0.13.1/riscv64-zephyr-elf/riscv64-zephyr-elf/lib/./libc_nano.a(lib_a-memcpy-asm.o)
                0x0000000000002b40                memcpy
 .text          0x0000000000002b64       0x1c /home/rui/zephyr-sdk-0.13.1/riscv64-zephyr-elf/riscv64-zephyr-elf/lib/./libc_nano.a(lib_a-memset.o)
                0x0000000000002b64                memset
 .text          0x0000000000002b80      0x7d8 /home/rui/zephyr-sdk-0.13.1/riscv64-zephyr-elf/bin/../lib/gcc/riscv64-zephyr-elf/10.3.0/libgcc.a(adddf3.o)
                0x0000000000002b80                __adddf3
 .text          0x0000000000003358       0x8c /home/rui/zephyr-sdk-0.13.1/riscv64-zephyr-elf/bin/../lib/gcc/riscv64-zephyr-elf/10.3.0/libgcc.a(eqdf2.o)
                0x0000000000003358                __eqdf2
                0x0000000000003358                __nedf2
 .text          0x00000000000033e4       0xe4 /home/rui/zephyr-sdk-0.13.1/riscv64-zephyr-elf/bin/../lib/gcc/riscv64-zephyr-elf/10.3.0/libgcc.a(ledf2.o)
                0x00000000000033e4                __ltdf2
                0x00000000000033e4                __ledf2
 .text          0x00000000000034c8       0x4c /home/rui/zephyr-sdk-0.13.1/riscv64-zephyr-elf/bin/../lib/gcc/riscv64-zephyr-elf/10.3.0/libgcc.a(unorddf2.o)
                0x00000000000034c8                __unorddf2
 .text          0x0000000000003514       0x80 /home/rui/zephyr-sdk-0.13.1/riscv64-zephyr-elf/bin/../lib/gcc/riscv64-zephyr-elf/10.3.0/libgcc.a(fixdfsi.o)
                0x0000000000003514                __fixdfsi
 .text          0x0000000000003594       0xa8 /home/rui/zephyr-sdk-0.13.1/riscv64-zephyr-elf/bin/../lib/gcc/riscv64-zephyr-elf/10.3.0/libgcc.a(floatsidf.o)
                0x0000000000003594                __floatsidf
 .text          0x000000000000363c      0x360 /home/rui/zephyr-sdk-0.13.1/riscv64-zephyr-elf/bin/../lib/gcc/riscv64-zephyr-elf/10.3.0/libgcc.a(trunctfdf2.o)
                0x000000000000363c                __trunctfdf2
 *(SORT_BY_ALIGNMENT(.text.*))
 .text._OffsetAbsSyms
                0x000000000000399c        0x4 zephyr/CMakeFiles/offsets.dir/./arch/riscv/core/offsets/offsets.c.obj
                0x000000000000399c                _OffsetAbsSyms
 .text.accel_isr
                0x00000000000039a0       0x1c app/libapp.a(main.c.obj)
                0x00000000000039a0                accel_isr
 .text.thread_accelerator
                0x00000000000039bc       0x68 app/libapp.a(main.c.obj)
                0x00000000000039bc                thread_accelerator
 .text.thread_software
                0x0000000000003a24      0x118 app/libapp.a(main.c.obj)
                0x0000000000003a24                thread_software
 .text.thread_reset
                0x0000000000003b3c      0x16c app/libapp.a(main.c.obj)
                0x0000000000003b3c                thread_reset
 .text.isr_installer
                0x0000000000003ca8       0x24 app/libapp.a(main.c.obj)
                0x0000000000003ca8                isr_installer
 .text.main     0x0000000000003ccc      0x2f8 app/libapp.a(main.c.obj)
                0x0000000000003ccc                main
 .text.init_matmul
                0x0000000000003fc4       0xb8 app/libapp.a(matrix.c.obj)
                0x0000000000003fc4                init_matmul
 .text.create_mat
                0x000000000000407c       0xc0 app/libapp.a(matrix.c.obj)
                0x000000000000407c                create_mat
 .text.fill_matmul
                0x000000000000413c       0x3c app/libapp.a(matrix.c.obj)
                0x000000000000413c                fill_matmul
 .text.pooling_matmul
                0x0000000000004178       0x84 app/libapp.a(matrix.c.obj)
                0x0000000000004178                pooling_matmul
 .text.hardware_matmul
                0x00000000000041fc       0x1c app/libapp.a(matrix.c.obj)
                0x00000000000041fc                hardware_matmul
 .text.verify_matmul
                0x0000000000004218       0xe8 app/libapp.a(matrix.c.obj)
                0x0000000000004218                verify_matmul
 .text.verify_queue
                0x0000000000004300       0x74 app/libapp.a(matrix.c.obj)
                0x0000000000004300                verify_queue
 .text.push2_matmul
                0x0000000000004374       0x20 app/libapp.a(matrix.c.obj)
                0x0000000000004374                push2_matmul
 .text.fill_queue
                0x0000000000004394       0xb8 app/libapp.a(matrix.c.obj)
                0x0000000000004394                fill_queue
 .text.pop2_matmul
                0x000000000000444c       0x24 app/libapp.a(matrix.c.obj)
                0x000000000000444c                pop2_matmul
 .text.reset_queue
                0x0000000000004470       0x9c app/libapp.a(matrix.c.obj)
                0x0000000000004470                reset_queue
 .text.multiply_mat_hw_pool
                0x000000000000450c       0x38 app/libapp.a(multiply.c.obj)
                0x000000000000450c                multiply_mat_hw_pool
 .text.multiply_mat_hw
                0x0000000000004544       0x28 app/libapp.a(multiply.c.obj)
                0x0000000000004544                multiply_mat_hw
 .text.arch_printk_char_out
                0x000000000000456c        0x8 zephyr/libzephyr.a(printk.c.obj)
                0x000000000000456c                arch_printk_char_out
 .text.char_out
                0x0000000000004574       0x18 zephyr/libzephyr.a(printk.c.obj)
 .text.str_out  0x000000000000458c       0x40 zephyr/libzephyr.a(printk.c.obj)
 .text.__printk_hook_install
                0x00000000000045cc        0xc zephyr/libzephyr.a(printk.c.obj)
                0x00000000000045cc                __printk_hook_install
 .text.vprintk  0x00000000000045d8       0x30 zephyr/libzephyr.a(printk.c.obj)
                0x00000000000045d8                vprintk
 .text.printk   0x0000000000004608       0x3c zephyr/libzephyr.a(printk.c.obj)
                0x0000000000004608                printk
 .text.vsnprintk
                0x0000000000004644       0x50 zephyr/libzephyr.a(printk.c.obj)
                0x0000000000004644                vsnprintk
 .text.snprintk
                0x0000000000004694       0x34 zephyr/libzephyr.a(printk.c.obj)
                0x0000000000004694                snprintk
 .text.z_thread_entry
                0x00000000000046c8       0x24 zephyr/libzephyr.a(thread_entry.c.obj)
                0x00000000000046c8                z_thread_entry
 .text.chunk_field
                0x00000000000046ec       0x34 zephyr/libzephyr.a(heap.c.obj)
 .text.chunk_set
                0x0000000000004720       0x34 zephyr/libzephyr.a(heap.c.obj)
 .text.chunk_size
                0x0000000000004754       0x20 zephyr/libzephyr.a(heap.c.obj)
 .text.set_chunk_used
                0x0000000000004774       0x4c zephyr/libzephyr.a(heap.c.obj)
 .text.set_chunk_size
                0x00000000000047c0        0xc zephyr/libzephyr.a(heap.c.obj)
 .text.bucket_idx.isra.0
                0x00000000000047cc       0x44 zephyr/libzephyr.a(heap.c.obj)
 .text.free_list_remove_bidx
                0x0000000000004810       0xe4 zephyr/libzephyr.a(heap.c.obj)
 .text.free_list_remove
                0x00000000000048f4       0x7c zephyr/libzephyr.a(heap.c.obj)
 .text.alloc_chunk
                0x0000000000004970       0xf4 zephyr/libzephyr.a(heap.c.obj)
 .text.split_chunks
                0x0000000000004a64       0xa4 zephyr/libzephyr.a(heap.c.obj)
 .text.merge_chunks
                0x0000000000004b08       0x84 zephyr/libzephyr.a(heap.c.obj)
 .text.free_list_add
                0x0000000000004b8c      0x128 zephyr/libzephyr.a(heap.c.obj)
 .text.free_chunk
                0x0000000000004cb4       0xe8 zephyr/libzephyr.a(heap.c.obj)
 .text.sys_heap_free
                0x0000000000004d9c       0x58 zephyr/libzephyr.a(heap.c.obj)
                0x0000000000004d9c                sys_heap_free
 .text.sys_heap_alloc
                0x0000000000004df4       0xd8 zephyr/libzephyr.a(heap.c.obj)
                0x0000000000004df4                sys_heap_alloc
 .text.sys_heap_aligned_alloc
                0x0000000000004ecc      0x1c8 zephyr/libzephyr.a(heap.c.obj)
                0x0000000000004ecc                sys_heap_aligned_alloc
 .text.sys_heap_init
                0x0000000000005094      0x13c zephyr/libzephyr.a(heap.c.obj)
                0x0000000000005094                sys_heap_init
 .text.extract_decimal
                0x00000000000051d0       0x48 zephyr/libzephyr.a(cbprintf_complete.c.obj)
 .text.encode_uint
                0x0000000000005218      0x16c zephyr/libzephyr.a(cbprintf_complete.c.obj)
 .text.outs     0x0000000000005384       0x78 zephyr/libzephyr.a(cbprintf_complete.c.obj)
 .text.cbvprintf
                0x00000000000053fc      0xa7c zephyr/libzephyr.a(cbprintf_complete.c.obj)
                0x00000000000053fc                cbvprintf
 .text._ConfigAbsSyms
                0x0000000000005e78        0x4 zephyr/libzephyr.a(configs.c.obj)
                0x0000000000005e78                _ConfigAbsSyms
 .text.soc_interrupt_init
                0x0000000000005e7c       0x14 zephyr/libzephyr.a(irq.c.obj)
                0x0000000000005e7c                soc_interrupt_init
 .text.fix_baud_rate
                0x0000000000005e90       0x58 zephyr/libzephyr.a(soc.c.obj)
 .text.arch_cpu_idle
                0x0000000000005ee8        0xc zephyr/arch/arch/riscv/core/libarch__riscv__core.a(cpu_idle.c.obj)
                0x0000000000005ee8                arch_cpu_idle
 .text.z_riscv_fatal_error
                0x0000000000005ef4        0xc zephyr/arch/arch/riscv/core/libarch__riscv__core.a(fatal.c.obj)
                0x0000000000005ef4                z_riscv_fatal_error
 .text._Fault   0x0000000000005f00       0x1c zephyr/arch/arch/riscv/core/libarch__riscv__core.a(fatal.c.obj)
                0x0000000000005f00                _Fault
 .text.z_irq_spurious
                0x0000000000005f1c       0x18 zephyr/arch/arch/riscv/core/libarch__riscv__core.a(irq_manage.c.obj)
                0x0000000000005f1c                z_irq_spurious
 .text._PrepC   0x0000000000005f34       0x14 zephyr/arch/arch/riscv/core/libarch__riscv__core.a(prep_c.c.obj)
                0x0000000000005f34                _PrepC
 .text.__initialize
                0x0000000000005f48       0x2c zephyr/arch/arch/riscv/core/libarch__riscv__core.a(reset.S.obj)
                0x0000000000005f48                __initialize
 .text.z_thread_entry_wrapper
                0x0000000000005f74        0x4 zephyr/arch/arch/riscv/core/libarch__riscv__core.a(swap.S.obj)
                0x0000000000005f74                z_thread_entry_wrapper
 .text.arch_new_thread
                0x0000000000005f78       0x38 zephyr/arch/arch/riscv/core/libarch__riscv__core.a(thread.c.obj)
                0x0000000000005f78                arch_new_thread
 .text.malloc_prepare
                0x0000000000005fb0        0x8 zephyr/lib/libc/newlib/liblib__libc__newlib.a(libc-hooks.c.obj)
 .text._stdout_hook_default
                0x0000000000005fb8        0x8 zephyr/lib/libc/newlib/liblib__libc__newlib.a(libc-hooks.c.obj)
 .text._stdin_hook_default
                0x0000000000005fc0        0x8 zephyr/lib/libc/newlib/liblib__libc__newlib.a(libc-hooks.c.obj)
 .text.__stdout_hook_install
                0x0000000000005fc8        0xc zephyr/lib/libc/newlib/liblib__libc__newlib.a(libc-hooks.c.obj)
                0x0000000000005fc8                __stdout_hook_install
 .text.z_impl_zephyr_read_stdin
                0x0000000000005fd4       0x80 zephyr/lib/libc/newlib/liblib__libc__newlib.a(libc-hooks.c.obj)
                0x0000000000005fd4                z_impl_zephyr_read_stdin
 .text.z_impl_zephyr_write_stdout
                0x0000000000006054       0x98 zephyr/lib/libc/newlib/liblib__libc__newlib.a(libc-hooks.c.obj)
                0x0000000000006054                z_impl_zephyr_write_stdout
 .text._read    0x00000000000060ec        0xc zephyr/lib/libc/newlib/liblib__libc__newlib.a(libc-hooks.c.obj)
                0x00000000000060ec                read
                0x00000000000060ec                _read
 .text._write   0x00000000000060f8        0xc zephyr/lib/libc/newlib/liblib__libc__newlib.a(libc-hooks.c.obj)
                0x00000000000060f8                write
                0x00000000000060f8                _write
 .text._close   0x0000000000006104        0x8 zephyr/lib/libc/newlib/liblib__libc__newlib.a(libc-hooks.c.obj)
                0x0000000000006104                close
                0x0000000000006104                _close
 .text._lseek   0x000000000000610c        0x8 zephyr/lib/libc/newlib/liblib__libc__newlib.a(libc-hooks.c.obj)
                0x000000000000610c                lseek
                0x000000000000610c                _lseek
 .text._isatty  0x0000000000006114        0x8 zephyr/lib/libc/newlib/liblib__libc__newlib.a(libc-hooks.c.obj)
                0x0000000000006114                isatty
                0x0000000000006114                _isatty
 .text._kill    0x000000000000611c        0x8 zephyr/lib/libc/newlib/liblib__libc__newlib.a(libc-hooks.c.obj)
                0x000000000000611c                kill
                0x000000000000611c                _kill
 .text._getpid  0x0000000000006124        0x8 zephyr/lib/libc/newlib/liblib__libc__newlib.a(libc-hooks.c.obj)
                0x0000000000006124                _getpid
                0x0000000000006124                getpid
 .text._fstat   0x000000000000612c       0x10 zephyr/lib/libc/newlib/liblib__libc__newlib.a(libc-hooks.c.obj)
                0x000000000000612c                _fstat
                0x000000000000612c                fstat
 .text._exit    0x000000000000613c       0x1c zephyr/lib/libc/newlib/liblib__libc__newlib.a(libc-hooks.c.obj)
                0x000000000000613c                _exit
 .text._sbrk    0x0000000000006158       0x38 zephyr/lib/libc/newlib/liblib__libc__newlib.a(libc-hooks.c.obj)
                0x0000000000006158                _sbrk
                0x0000000000006158                sbrk
 .text.__retarget_lock_init_recursive
                0x0000000000006190       0x2c zephyr/lib/libc/newlib/liblib__libc__newlib.a(libc-hooks.c.obj)
                0x0000000000006190                __retarget_lock_init_recursive
 .text.__retarget_lock_acquire_recursive
                0x00000000000061bc        0xc zephyr/lib/libc/newlib/liblib__libc__newlib.a(libc-hooks.c.obj)
                0x00000000000061bc                __retarget_lock_acquire_recursive
 .text.__retarget_lock_release_recursive
                0x00000000000061c8        0x4 zephyr/lib/libc/newlib/liblib__libc__newlib.a(libc-hooks.c.obj)
                0x00000000000061c8                __retarget_lock_release_recursive
 .text.z_impl_sys_rand32_get
                0x00000000000061cc       0x3c zephyr/subsys/random/libsubsys__random.a(rand32_timer.c.obj)
                0x00000000000061cc                z_impl_sys_rand32_get
 .text.swerv_pic_init
                0x0000000000006208       0x8c zephyr/drivers/interrupt_controller/libdrivers__interrupt_controller.a(intc_swerv_pic.c.obj)
 .text.swerv_pic_irq_handler
                0x0000000000006294       0x88 zephyr/drivers/interrupt_controller/libdrivers__interrupt_controller.a(intc_swerv_pic.c.obj)
 .text.swerv_pic_irq_enable
                0x000000000000631c       0x38 zephyr/drivers/interrupt_controller/libdrivers__interrupt_controller.a(intc_swerv_pic.c.obj)
                0x000000000000631c                swerv_pic_irq_enable
 .text.arch_irq_enable
                0x0000000000006354       0x1c zephyr/drivers/interrupt_controller/libdrivers__interrupt_controller.a(intc_swerv_pic.c.obj)
                0x0000000000006354                arch_irq_enable
 .text.uart_console_init
                0x0000000000006370       0x58 zephyr/drivers/console/libdrivers__console.a(uart_console.c.obj)
 .text.console_out
                0x00000000000063c8       0x64 zephyr/drivers/console/libdrivers__console.a(uart_console.c.obj)
 .text.gpio_mmio32_config
                0x000000000000642c       0x98 zephyr/drivers/gpio/libdrivers__gpio.a(gpio_mmio32.c.obj)
 .text.gpio_mmio32_port_get_raw
                0x00000000000064c4       0x24 zephyr/drivers/gpio/libdrivers__gpio.a(gpio_mmio32.c.obj)
 .text.gpio_mmio32_port_set_masked_raw
                0x00000000000064e8       0x40 zephyr/drivers/gpio/libdrivers__gpio.a(gpio_mmio32.c.obj)
 .text.gpio_mmio32_port_set_bits_raw
                0x0000000000006528       0x38 zephyr/drivers/gpio/libdrivers__gpio.a(gpio_mmio32.c.obj)
 .text.gpio_mmio32_port_clear_bits_raw
                0x0000000000006560       0x3c zephyr/drivers/gpio/libdrivers__gpio.a(gpio_mmio32.c.obj)
 .text.gpio_mmio32_port_toggle_bits
                0x000000000000659c       0x38 zephyr/drivers/gpio/libdrivers__gpio.a(gpio_mmio32.c.obj)
 .text.gpio_mmio32_pin_interrupt_configure
                0x00000000000065d4       0x14 zephyr/drivers/gpio/libdrivers__gpio.a(gpio_mmio32.c.obj)
 .text.gpio_mmio32_init
                0x00000000000065e8       0x14 zephyr/drivers/gpio/libdrivers__gpio.a(gpio_mmio32.c.obj)
                0x00000000000065e8                gpio_mmio32_init
 .text.gpio_veerwolf_init
                0x00000000000065fc        0x8 zephyr/drivers/gpio/libdrivers__gpio.a(gpio_veerwolf.c.obj)
 .text.gpio_veerwolf_configure
                0x0000000000006604        0x8 zephyr/drivers/gpio/libdrivers__gpio.a(gpio_veerwolf.c.obj)
 .text.gpio_veerwolf_port_get_raw
                0x000000000000660c       0x18 zephyr/drivers/gpio/libdrivers__gpio.a(gpio_veerwolf.c.obj)
 .text.gpio_veerwolf_port_set_masked_raw
                0x0000000000006624       0x24 zephyr/drivers/gpio/libdrivers__gpio.a(gpio_veerwolf.c.obj)
 .text.gpio_veerwolf_port_set_bits_raw
                0x0000000000006648       0x1c zephyr/drivers/gpio/libdrivers__gpio.a(gpio_veerwolf.c.obj)
 .text.gpio_veerwolf_port_clear_bits_raw
                0x0000000000006664       0x20 zephyr/drivers/gpio/libdrivers__gpio.a(gpio_veerwolf.c.obj)
 .text.gpio_veerwolf_port_toggle_bits
                0x0000000000006684       0x1c zephyr/drivers/gpio/libdrivers__gpio.a(gpio_veerwolf.c.obj)
 .text.gpio_veerwolf_pin_interrupt_configure
                0x00000000000066a0       0x14 zephyr/drivers/gpio/libdrivers__gpio.a(gpio_veerwolf.c.obj)
 .text.uart_ns16550_configure
                0x00000000000066b4      0x130 zephyr/drivers/serial/libdrivers__serial.a(uart_ns16550.c.obj)
 .text.uart_ns16550_config_get
                0x00000000000067e4       0x34 zephyr/drivers/serial/libdrivers__serial.a(uart_ns16550.c.obj)
 .text.uart_ns16550_init
                0x0000000000006818        0x8 zephyr/drivers/serial/libdrivers__serial.a(uart_ns16550.c.obj)
 .text.uart_ns16550_poll_in
                0x0000000000006820       0x38 zephyr/drivers/serial/libdrivers__serial.a(uart_ns16550.c.obj)
 .text.uart_ns16550_poll_out
                0x0000000000006858       0x30 zephyr/drivers/serial/libdrivers__serial.a(uart_ns16550.c.obj)
 .text.uart_ns16550_err_check
                0x0000000000006888       0x2c zephyr/drivers/serial/libdrivers__serial.a(uart_ns16550.c.obj)
 .text.mtime    0x00000000000068b4       0x18 zephyr/drivers/timer/libdrivers__timer.a(riscv_machine_timer.c.obj)
 .text.timer_isr
                0x00000000000068cc       0xfc zephyr/drivers/timer/libdrivers__timer.a(riscv_machine_timer.c.obj)
 .text.sys_clock_driver_init
                0x00000000000069c8       0x7c zephyr/drivers/timer/libdrivers__timer.a(riscv_machine_timer.c.obj)
                0x00000000000069c8                sys_clock_driver_init
 .text.sys_clock_set_timeout
                0x0000000000006a44        0x4 zephyr/drivers/timer/libdrivers__timer.a(riscv_machine_timer.c.obj)
                0x0000000000006a44                sys_clock_set_timeout
 .text.sys_clock_elapsed
                0x0000000000006a48        0x8 zephyr/drivers/timer/libdrivers__timer.a(riscv_machine_timer.c.obj)
                0x0000000000006a48                sys_clock_elapsed
 .text.sys_clock_cycle_get_32
                0x0000000000006a50       0x18 zephyr/drivers/timer/libdrivers__timer.a(riscv_machine_timer.c.obj)
                0x0000000000006a50                sys_clock_cycle_get_32
 .text.z_device_state_init
                0x0000000000006a68        0x4 zephyr/kernel/libkernel.a(device.c.obj)
                0x0000000000006a68                z_device_state_init
 .text.z_sys_init_run_level
                0x0000000000006a6c       0xa8 zephyr/kernel/libkernel.a(device.c.obj)
                0x0000000000006a6c                z_sys_init_run_level
 .text.z_device_ready
                0x0000000000006b14       0x24 zephyr/kernel/libkernel.a(device.c.obj)
                0x0000000000006b14                z_device_ready
 .text.arch_system_halt
                0x0000000000006b38        0xc zephyr/kernel/libkernel.a(fatal.c.obj)
                0x0000000000006b38                arch_system_halt
 .text.k_sys_fatal_error_handler
                0x0000000000006b44        0xc zephyr/kernel/libkernel.a(fatal.c.obj)
                0x0000000000006b44                k_sys_fatal_error_handler
 .text.z_fatal_error
                0x0000000000006b50       0x5c zephyr/kernel/libkernel.a(fatal.c.obj)
                0x0000000000006b50                z_fatal_error
 .text.init_idle_thread
                0x0000000000006bac       0x88 zephyr/kernel/libkernel.a(init.c.obj)
 .text.bg_thread_main
                0x0000000000006c34       0x50 zephyr/kernel/libkernel.a(init.c.obj)
 .text.z_bss_zero
                0x0000000000006c84       0x20 zephyr/kernel/libkernel.a(init.c.obj)
                0x0000000000006c84                z_bss_zero
 .text.z_cstart
                0x0000000000006ca4       0xd8 zephyr/kernel/libkernel.a(init.c.obj)
                0x0000000000006ca4                z_cstart
 .text.z_impl_k_thread_name_set
                0x0000000000006d7c        0x8 zephyr/kernel/libkernel.a(thread.c.obj)
                0x0000000000006d7c                z_impl_k_thread_name_set
 .text.z_impl_k_thread_start
                0x0000000000006d84        0x4 zephyr/kernel/libkernel.a(thread.c.obj)
                0x0000000000006d84                z_impl_k_thread_start
 .text.z_setup_new_thread
                0x0000000000006d88       0x84 zephyr/kernel/libkernel.a(thread.c.obj)
                0x0000000000006d88                z_setup_new_thread
 .text.z_impl_k_thread_create
                0x0000000000006e0c       0x84 zephyr/kernel/libkernel.a(thread.c.obj)
                0x0000000000006e0c                z_impl_k_thread_create
 .text.z_init_static_threads
                0x0000000000006e90      0x118 zephyr/kernel/libkernel.a(thread.c.obj)
                0x0000000000006e90                z_init_static_threads
 .text.idle     0x0000000000006fa8       0x1c zephyr/kernel/libkernel.a(idle.c.obj)
                0x0000000000006fa8                idle
 .text.z_impl_k_msgq_put
                0x0000000000006fc4      0x118 zephyr/kernel/libkernel.a(msg_q.c.obj)
                0x0000000000006fc4                z_impl_k_msgq_put
 .text.z_impl_k_msgq_get
                0x00000000000070dc      0x14c zephyr/kernel/libkernel.a(msg_q.c.obj)
                0x00000000000070dc                z_impl_k_msgq_get
 .text.z_impl_k_msgq_peek
                0x0000000000007228       0x50 zephyr/kernel/libkernel.a(msg_q.c.obj)
                0x0000000000007228                z_impl_k_msgq_peek
 .text.adjust_owner_prio.isra.0
                0x0000000000007278       0x14 zephyr/kernel/libkernel.a(mutex.c.obj)
 .text.z_impl_k_mutex_init
                0x000000000000728c       0x18 zephyr/kernel/libkernel.a(mutex.c.obj)
                0x000000000000728c                z_impl_k_mutex_init
 .text.z_impl_k_mutex_lock
                0x00000000000072a4      0x160 zephyr/kernel/libkernel.a(mutex.c.obj)
                0x00000000000072a4                z_impl_k_mutex_lock
 .text.z_impl_k_mutex_unlock
                0x0000000000007404       0xc8 zephyr/kernel/libkernel.a(mutex.c.obj)
                0x0000000000007404                z_impl_k_mutex_unlock
 .text.z_impl_k_sem_give
                0x00000000000074cc       0x6c zephyr/kernel/libkernel.a(sem.c.obj)
                0x00000000000074cc                z_impl_k_sem_give
 .text.z_impl_k_sem_take
                0x0000000000007538       0x54 zephyr/kernel/libkernel.a(sem.c.obj)
                0x0000000000007538                z_impl_k_sem_take
 .text.sys_dlist_remove
                0x000000000000758c       0x1c zephyr/kernel/libkernel.a(sched.c.obj)
 .text.unpend_thread_no_timeout
                0x00000000000075a8       0x34 zephyr/kernel/libkernel.a(sched.c.obj)
 .text.z_reset_time_slice
                0x00000000000075dc       0x58 zephyr/kernel/libkernel.a(sched.c.obj)
                0x00000000000075dc                z_reset_time_slice
 .text.k_sched_time_slice_set
                0x0000000000007634       0x7c zephyr/kernel/libkernel.a(sched.c.obj)
                0x0000000000007634                k_sched_time_slice_set
 .text.z_unpend_thread
                0x00000000000076b0       0x40 zephyr/kernel/libkernel.a(sched.c.obj)
                0x00000000000076b0                z_unpend_thread
 .text.z_reschedule
                0x00000000000076f0       0x34 zephyr/kernel/libkernel.a(sched.c.obj)
                0x00000000000076f0                z_reschedule
 .text.z_reschedule_irqlock
                0x0000000000007724       0x20 zephyr/kernel/libkernel.a(sched.c.obj)
                0x0000000000007724                z_reschedule_irqlock
 .text.z_reschedule_unlocked
                0x0000000000007744       0x10 zephyr/kernel/libkernel.a(sched.c.obj)
 .text.k_sched_lock
                0x0000000000007754       0x28 zephyr/kernel/libkernel.a(sched.c.obj)
                0x0000000000007754                k_sched_lock
 .text.z_priq_dumb_best
                0x000000000000777c       0x14 zephyr/kernel/libkernel.a(sched.c.obj)
                0x000000000000777c                z_priq_dumb_best
 .text.update_cache
                0x0000000000007790       0x84 zephyr/kernel/libkernel.a(sched.c.obj)
 .text.move_thread_to_end_of_prio_q
                0x0000000000007814       0xc0 zephyr/kernel/libkernel.a(sched.c.obj)
 .text.z_time_slice
                0x00000000000078d4       0xa0 zephyr/kernel/libkernel.a(sched.c.obj)
                0x00000000000078d4                z_time_slice
 .text.ready_thread
                0x0000000000007974       0xa0 zephyr/kernel/libkernel.a(sched.c.obj)
 .text.z_ready_thread
                0x0000000000007a14       0x30 zephyr/kernel/libkernel.a(sched.c.obj)
                0x0000000000007a14                z_ready_thread
 .text.z_sched_start
                0x0000000000007a44       0x50 zephyr/kernel/libkernel.a(sched.c.obj)
                0x0000000000007a44                z_sched_start
 .text.z_impl_k_thread_resume
                0x0000000000007a94       0x50 zephyr/kernel/libkernel.a(sched.c.obj)
                0x0000000000007a94                z_impl_k_thread_resume
 .text.z_thread_timeout
                0x0000000000007ae4       0x6c zephyr/kernel/libkernel.a(sched.c.obj)
                0x0000000000007ae4                z_thread_timeout
 .text.unready_thread
                0x0000000000007b50       0x4c zephyr/kernel/libkernel.a(sched.c.obj)
 .text.add_to_waitq_locked
                0x0000000000007b9c       0xa0 zephyr/kernel/libkernel.a(sched.c.obj)
 .text.pend_locked
                0x0000000000007c3c       0x5c zephyr/kernel/libkernel.a(sched.c.obj)
 .text.z_pend_curr
                0x0000000000007c98       0x44 zephyr/kernel/libkernel.a(sched.c.obj)
                0x0000000000007c98                z_pend_curr
 .text.z_set_prio
                0x0000000000007cdc       0xfc zephyr/kernel/libkernel.a(sched.c.obj)
                0x0000000000007cdc                z_set_prio
 .text.z_thread_priority_set
                0x0000000000007dd8       0x38 zephyr/kernel/libkernel.a(sched.c.obj)
                0x0000000000007dd8                z_thread_priority_set
 .text.z_impl_k_thread_suspend
                0x0000000000007e10       0xac zephyr/kernel/libkernel.a(sched.c.obj)
                0x0000000000007e10                z_impl_k_thread_suspend
 .text.k_sched_unlock
                0x0000000000007ebc       0x48 zephyr/kernel/libkernel.a(sched.c.obj)
                0x0000000000007ebc                k_sched_unlock
 .text.z_unpend_first_thread
                0x0000000000007f04       0x50 zephyr/kernel/libkernel.a(sched.c.obj)
                0x0000000000007f04                z_unpend_first_thread
 .text.z_unpend_all
                0x0000000000007f54       0x50 zephyr/kernel/libkernel.a(sched.c.obj)
                0x0000000000007f54                z_unpend_all
 .text.z_sched_init
                0x0000000000007fa4       0x24 zephyr/kernel/libkernel.a(sched.c.obj)
                0x0000000000007fa4                z_sched_init
 .text.z_impl_k_thread_priority_set
                0x0000000000007fc8        0x4 zephyr/kernel/libkernel.a(sched.c.obj)
                0x0000000000007fc8                z_impl_k_thread_priority_set
 .text.z_impl_k_yield
                0x0000000000007fcc       0xd8 zephyr/kernel/libkernel.a(sched.c.obj)
                0x0000000000007fcc                z_impl_k_yield
 .text.z_impl_z_current_get
                0x00000000000080a4        0xc zephyr/kernel/libkernel.a(sched.c.obj)
                0x00000000000080a4                z_impl_z_current_get
 .text.z_thread_abort
                0x00000000000080b0       0xf4 zephyr/kernel/libkernel.a(sched.c.obj)
                0x00000000000080b0                z_thread_abort
 .text.z_impl_k_thread_abort
                0x00000000000081a4        0x4 zephyr/kernel/libkernel.a(sched.c.obj)
                0x00000000000081a4                z_impl_k_thread_abort
 .text.elapsed  0x00000000000081a8       0x18 zephyr/kernel/libkernel.a(timeout.c.obj)
 .text.next_timeout
                0x00000000000081c0       0x90 zephyr/kernel/libkernel.a(timeout.c.obj)
 .text.remove_timeout
                0x0000000000008250       0x58 zephyr/kernel/libkernel.a(timeout.c.obj)
 .text.z_add_timeout
                0x00000000000082a8      0x1b0 zephyr/kernel/libkernel.a(timeout.c.obj)
                0x00000000000082a8                z_add_timeout
 .text.z_abort_timeout
                0x0000000000008458       0x44 zephyr/kernel/libkernel.a(timeout.c.obj)
                0x0000000000008458                z_abort_timeout
 .text.z_set_timeout_expiry
                0x000000000000849c       0x58 zephyr/kernel/libkernel.a(timeout.c.obj)
                0x000000000000849c                z_set_timeout_expiry
 .text.sys_clock_announce
                0x00000000000084f4      0x13c zephyr/kernel/libkernel.a(timeout.c.obj)
                0x00000000000084f4                sys_clock_announce
 .text.sys_clock_tick_get
                0x0000000000008630       0x50 zephyr/kernel/libkernel.a(timeout.c.obj)
                0x0000000000008630                sys_clock_tick_get
 .text.z_impl_k_uptime_ticks
                0x0000000000008680        0x4 zephyr/kernel/libkernel.a(timeout.c.obj)
                0x0000000000008680                z_impl_k_uptime_ticks
 .text.sys_clock_timeout_end_calc
                0x0000000000008684       0xa0 zephyr/kernel/libkernel.a(timeout.c.obj)
                0x0000000000008684                sys_clock_timeout_end_calc
 .text.z_impl_atomic_add
                0x0000000000008724       0x24 zephyr/kernel/libkernel.a(atomic_c.c.obj)
                0x0000000000008724                z_impl_atomic_add
 .text.z_heap_aligned_alloc
                0x0000000000008748       0x58 zephyr/kernel/libkernel.a(mempool.c.obj)
 .text.k_free   0x00000000000087a0       0x14 zephyr/kernel/libkernel.a(mempool.c.obj)
                0x00000000000087a0                k_free
 .text.k_aligned_alloc
                0x00000000000087b4       0x14 zephyr/kernel/libkernel.a(mempool.c.obj)
                0x00000000000087b4                k_aligned_alloc
 .text.k_malloc
                0x00000000000087c8        0xc zephyr/kernel/libkernel.a(mempool.c.obj)
                0x00000000000087c8                k_malloc
 .text.boot_banner
                0x00000000000087d4       0x1c zephyr/kernel/libkernel.a(banner.c.obj)
                0x00000000000087d4                boot_banner
 .text.k_heap_init
                0x00000000000087f0       0x10 zephyr/kernel/libkernel.a(kheap.c.obj)
                0x00000000000087f0                k_heap_init
 .text.statics_init
                0x0000000000008800       0x54 zephyr/kernel/libkernel.a(kheap.c.obj)
 .text.k_heap_aligned_alloc
                0x0000000000008854       0xf8 zephyr/kernel/libkernel.a(kheap.c.obj)
                0x0000000000008854                k_heap_aligned_alloc
 .text.k_heap_free
                0x000000000000894c       0x64 zephyr/kernel/libkernel.a(kheap.c.obj)
                0x000000000000894c                k_heap_free
 .text.malloc   0x00000000000089b0       0x10 /home/rui/zephyr-sdk-0.13.1/riscv64-zephyr-elf/riscv64-zephyr-elf/lib/./libc_nano.a(lib_a-malloc.o)
                0x00000000000089b0                malloc
 .text._free_r  0x00000000000089c0      0x104 /home/rui/zephyr-sdk-0.13.1/riscv64-zephyr-elf/riscv64-zephyr-elf/lib/./libc_nano.a(lib_a-nano-freer.o)
                0x00000000000089c0                _free_r
 .text._malloc_r
                0x0000000000008ac4      0x158 /home/rui/zephyr-sdk-0.13.1/riscv64-zephyr-elf/riscv64-zephyr-elf/lib/./libc_nano.a(lib_a-nano-mallocr.o)
                0x0000000000008ac4                _malloc_r
 .text.__cvt    0x0000000000008c1c      0x158 /home/rui/zephyr-sdk-0.13.1/riscv64-zephyr-elf/riscv64-zephyr-elf/lib/./libc_nano.a(lib_a-nano-vfprintf_float.o)
                0x0000000000008c1c                __cvt
 .text.__exponent
                0x0000000000008d74       0xc0 /home/rui/zephyr-sdk-0.13.1/riscv64-zephyr-elf/riscv64-zephyr-elf/lib/./libc_nano.a(lib_a-nano-vfprintf_float.o)
                0x0000000000008d74                __exponent
 .text._printf_float
                0x0000000000008e34      0x794 /home/rui/zephyr-sdk-0.13.1/riscv64-zephyr-elf/riscv64-zephyr-elf/lib/./libc_nano.a(lib_a-nano-vfprintf_float.o)
                0x0000000000008e34                _printf_float
 .text._printf_common
                0x00000000000095c8      0x1b0 /home/rui/zephyr-sdk-0.13.1/riscv64-zephyr-elf/riscv64-zephyr-elf/lib/./libc_nano.a(lib_a-nano-vfprintf_i.o)
                0x00000000000095c8                _printf_common
 .text._printf_i
                0x0000000000009778      0x3a0 /home/rui/zephyr-sdk-0.13.1/riscv64-zephyr-elf/riscv64-zephyr-elf/lib/./libc_nano.a(lib_a-nano-vfprintf_i.o)
                0x0000000000009778                _printf_i
 .text.printf   0x0000000000009b18       0x70 /home/rui/zephyr-sdk-0.13.1/riscv64-zephyr-elf/riscv64-zephyr-elf/lib/./libc_nano.a(lib_a-printf.o)
                0x0000000000009b18                printf
                0x0000000000009b18                iprintf
 .text._sbrk_r  0x0000000000009b88       0x4c /home/rui/zephyr-sdk-0.13.1/riscv64-zephyr-elf/riscv64-zephyr-elf/lib/./libc_nano.a(lib_a-sbrkr.o)
                0x0000000000009b88                _sbrk_r
 .text.strlen   0x0000000000009bd4       0x1c /home/rui/zephyr-sdk-0.13.1/riscv64-zephyr-elf/riscv64-zephyr-elf/lib/./libc_nano.a(lib_a-strlen.o)
                0x0000000000009bd4                strlen
 .text.strnlen  0x0000000000009bf0       0x24 /home/rui/zephyr-sdk-0.13.1/riscv64-zephyr-elf/riscv64-zephyr-elf/lib/./libc_nano.a(lib_a-strnlen.o)
                0x0000000000009bf0                strnlen
 .text.quorem   0x0000000000009c14      0x1cc /home/rui/zephyr-sdk-0.13.1/riscv64-zephyr-elf/riscv64-zephyr-elf/lib/./libc_nano.a(lib_a-dtoa.o)
 .text._dtoa_r  0x0000000000009de0     0x11d8 /home/rui/zephyr-sdk-0.13.1/riscv64-zephyr-elf/riscv64-zephyr-elf/lib/./libc_nano.a(lib_a-dtoa.o)
                0x0000000000009de0                _dtoa_r
 .text.std      0x000000000000afb8       0x88 /home/rui/zephyr-sdk-0.13.1/riscv64-zephyr-elf/riscv64-zephyr-elf/lib/./libc_nano.a(lib_a-findfp.o)
 .text._cleanup_r
                0x000000000000b040        0xc /home/rui/zephyr-sdk-0.13.1/riscv64-zephyr-elf/riscv64-zephyr-elf/lib/./libc_nano.a(lib_a-findfp.o)
                0x000000000000b040                _cleanup_r
 .text.__sfmoreglue
                0x000000000000b04c       0x6c /home/rui/zephyr-sdk-0.13.1/riscv64-zephyr-elf/riscv64-zephyr-elf/lib/./libc_nano.a(lib_a-findfp.o)
                0x000000000000b04c                __sfmoreglue
 .text.__sfp_lock_acquire
                0x000000000000b0b8        0xc /home/rui/zephyr-sdk-0.13.1/riscv64-zephyr-elf/riscv64-zephyr-elf/lib/./libc_nano.a(lib_a-findfp.o)
                0x000000000000b0b8                __sfp_lock_acquire
 .text.__sfp_lock_release
                0x000000000000b0c4        0xc /home/rui/zephyr-sdk-0.13.1/riscv64-zephyr-elf/riscv64-zephyr-elf/lib/./libc_nano.a(lib_a-findfp.o)
                0x000000000000b0c4                __sfp_lock_release
 .text.__sinit_lock_acquire
                0x000000000000b0d0        0xc /home/rui/zephyr-sdk-0.13.1/riscv64-zephyr-elf/riscv64-zephyr-elf/lib/./libc_nano.a(lib_a-findfp.o)
                0x000000000000b0d0                __sinit_lock_acquire
 .text.__sinit_lock_release
                0x000000000000b0dc        0xc /home/rui/zephyr-sdk-0.13.1/riscv64-zephyr-elf/riscv64-zephyr-elf/lib/./libc_nano.a(lib_a-findfp.o)
                0x000000000000b0dc                __sinit_lock_release
 .text.__sinit  0x000000000000b0e8       0xb8 /home/rui/zephyr-sdk-0.13.1/riscv64-zephyr-elf/riscv64-zephyr-elf/lib/./libc_nano.a(lib_a-findfp.o)
                0x000000000000b0e8                __sinit
 .text.__sfp    0x000000000000b1a0      0x100 /home/rui/zephyr-sdk-0.13.1/riscv64-zephyr-elf/riscv64-zephyr-elf/lib/./libc_nano.a(lib_a-findfp.o)
                0x000000000000b1a0                __sfp
 .text._fwalk_reent
                0x000000000000b2a0       0xb0 /home/rui/zephyr-sdk-0.13.1/riscv64-zephyr-elf/riscv64-zephyr-elf/lib/./libc_nano.a(lib_a-fwalk.o)
                0x000000000000b2a0                _fwalk_reent
 .text._localeconv_r
                0x000000000000b350        0xc /home/rui/zephyr-sdk-0.13.1/riscv64-zephyr-elf/riscv64-zephyr-elf/lib/./libc_nano.a(lib_a-localeconv.o)
                0x000000000000b350                _localeconv_r
 .text.memchr   0x000000000000b35c       0x24 /home/rui/zephyr-sdk-0.13.1/riscv64-zephyr-elf/riscv64-zephyr-elf/lib/./libc_nano.a(lib_a-memchr.o)
                0x000000000000b35c                memchr
 .text.__malloc_lock
                0x000000000000b380        0xc /home/rui/zephyr-sdk-0.13.1/riscv64-zephyr-elf/riscv64-zephyr-elf/lib/./libc_nano.a(lib_a-mlock.o)
                0x000000000000b380                __malloc_lock
 .text.__malloc_unlock
                0x000000000000b38c        0xc /home/rui/zephyr-sdk-0.13.1/riscv64-zephyr-elf/riscv64-zephyr-elf/lib/./libc_nano.a(lib_a-mlock.o)
                0x000000000000b38c                __malloc_unlock
 .text._Balloc  0x000000000000b398      0x100 /home/rui/zephyr-sdk-0.13.1/riscv64-zephyr-elf/riscv64-zephyr-elf/lib/./libc_nano.a(lib_a-mprec.o)
                0x000000000000b398                _Balloc
 .text._Bfree   0x000000000000b498       0x94 /home/rui/zephyr-sdk-0.13.1/riscv64-zephyr-elf/riscv64-zephyr-elf/lib/./libc_nano.a(lib_a-mprec.o)
                0x000000000000b498                _Bfree
 .text.__multadd
                0x000000000000b52c      0x120 /home/rui/zephyr-sdk-0.13.1/riscv64-zephyr-elf/riscv64-zephyr-elf/lib/./libc_nano.a(lib_a-mprec.o)
                0x000000000000b52c                __multadd
 .text.__hi0bits
                0x000000000000b64c       0x74 /home/rui/zephyr-sdk-0.13.1/riscv64-zephyr-elf/riscv64-zephyr-elf/lib/./libc_nano.a(lib_a-mprec.o)
                0x000000000000b64c                __hi0bits
 .text.__lo0bits
                0x000000000000b6c0       0xb0 /home/rui/zephyr-sdk-0.13.1/riscv64-zephyr-elf/riscv64-zephyr-elf/lib/./libc_nano.a(lib_a-mprec.o)
                0x000000000000b6c0                __lo0bits
 .text.__i2b    0x000000000000b770       0x54 /home/rui/zephyr-sdk-0.13.1/riscv64-zephyr-elf/riscv64-zephyr-elf/lib/./libc_nano.a(lib_a-mprec.o)
                0x000000000000b770                __i2b
 .text.__multiply
                0x000000000000b7c4      0x208 /home/rui/zephyr-sdk-0.13.1/riscv64-zephyr-elf/riscv64-zephyr-elf/lib/./libc_nano.a(lib_a-mprec.o)
                0x000000000000b7c4                __multiply
 .text.__pow5mult
                0x000000000000b9cc      0x144 /home/rui/zephyr-sdk-0.13.1/riscv64-zephyr-elf/riscv64-zephyr-elf/lib/./libc_nano.a(lib_a-mprec.o)
                0x000000000000b9cc                __pow5mult
 .text.__lshift
                0x000000000000bb10      0x184 /home/rui/zephyr-sdk-0.13.1/riscv64-zephyr-elf/riscv64-zephyr-elf/lib/./libc_nano.a(lib_a-mprec.o)
                0x000000000000bb10                __lshift
 .text.__mcmp   0x000000000000bc94       0x54 /home/rui/zephyr-sdk-0.13.1/riscv64-zephyr-elf/riscv64-zephyr-elf/lib/./libc_nano.a(lib_a-mprec.o)
                0x000000000000bc94                __mcmp
 .text.__mdiff  0x000000000000bce8      0x1fc /home/rui/zephyr-sdk-0.13.1/riscv64-zephyr-elf/riscv64-zephyr-elf/lib/./libc_nano.a(lib_a-mprec.o)
                0x000000000000bce8                __mdiff
 .text.__d2b    0x000000000000bee4      0x15c /home/rui/zephyr-sdk-0.13.1/riscv64-zephyr-elf/riscv64-zephyr-elf/lib/./libc_nano.a(lib_a-mprec.o)
                0x000000000000bee4                __d2b
 .text._calloc_r
                0x000000000000c040       0x44 /home/rui/zephyr-sdk-0.13.1/riscv64-zephyr-elf/riscv64-zephyr-elf/lib/./libc_nano.a(lib_a-nano-callocr.o)
                0x000000000000c040                _calloc_r
 .text.__sfputc_r
                0x000000000000c084       0x3c /home/rui/zephyr-sdk-0.13.1/riscv64-zephyr-elf/riscv64-zephyr-elf/lib/./libc_nano.a(lib_a-nano-vfprintf.o)
 .text.__sfputs_r
                0x000000000000c0c0       0x74 /home/rui/zephyr-sdk-0.13.1/riscv64-zephyr-elf/riscv64-zephyr-elf/lib/./libc_nano.a(lib_a-nano-vfprintf.o)
                0x000000000000c0c0                __sfputs_r
 .text._vfprintf_r
                0x000000000000c134      0x434 /home/rui/zephyr-sdk-0.13.1/riscv64-zephyr-elf/riscv64-zephyr-elf/lib/./libc_nano.a(lib_a-nano-vfprintf.o)
                0x000000000000c134                _vfiprintf_r
                0x000000000000c134                _vfprintf_r
 .text.__sread  0x000000000000c568       0x50 /home/rui/zephyr-sdk-0.13.1/riscv64-zephyr-elf/riscv64-zephyr-elf/lib/./libc_nano.a(lib_a-stdio.o)
                0x000000000000c568                __sread
 .text.__swrite
                0x000000000000c5b8       0x84 /home/rui/zephyr-sdk-0.13.1/riscv64-zephyr-elf/riscv64-zephyr-elf/lib/./libc_nano.a(lib_a-stdio.o)
                0x000000000000c5b8                __swrite
 .text.__sseek  0x000000000000c63c       0x58 /home/rui/zephyr-sdk-0.13.1/riscv64-zephyr-elf/riscv64-zephyr-elf/lib/./libc_nano.a(lib_a-stdio.o)
                0x000000000000c63c                __sseek
 .text.__sclose
                0x000000000000c694        0x8 /home/rui/zephyr-sdk-0.13.1/riscv64-zephyr-elf/riscv64-zephyr-elf/lib/./libc_nano.a(lib_a-stdio.o)
                0x000000000000c694                __sclose
 .text.__swbuf_r
                0x000000000000c69c      0x138 /home/rui/zephyr-sdk-0.13.1/riscv64-zephyr-elf/riscv64-zephyr-elf/lib/./libc_nano.a(lib_a-wbuf.o)
                0x000000000000c69c                __swbuf_r
 .text._write_r
                0x000000000000c7d4       0x54 /home/rui/zephyr-sdk-0.13.1/riscv64-zephyr-elf/riscv64-zephyr-elf/lib/./libc_nano.a(lib_a-writer.o)
                0x000000000000c7d4                _write_r
 .text.__swsetup_r
                0x000000000000c828      0x178 /home/rui/zephyr-sdk-0.13.1/riscv64-zephyr-elf/riscv64-zephyr-elf/lib/./libc_nano.a(lib_a-wsetup.o)
                0x000000000000c828                __swsetup_r
 .text.__assert_func
                0x000000000000c9a0       0x54 /home/rui/zephyr-sdk-0.13.1/riscv64-zephyr-elf/riscv64-zephyr-elf/lib/./libc_nano.a(lib_a-assert.o)
                0x000000000000c9a0                __assert_func
 .text._close_r
                0x000000000000c9f4       0x4c /home/rui/zephyr-sdk-0.13.1/riscv64-zephyr-elf/riscv64-zephyr-elf/lib/./libc_nano.a(lib_a-closer.o)
                0x000000000000c9f4                _close_r
 .text.__sflush_r
                0x000000000000ca40      0x1f4 /home/rui/zephyr-sdk-0.13.1/riscv64-zephyr-elf/riscv64-zephyr-elf/lib/./libc_nano.a(lib_a-fflush.o)
                0x000000000000ca40                __sflush_r
 .text._fflush_r
                0x000000000000cc34       0xdc /home/rui/zephyr-sdk-0.13.1/riscv64-zephyr-elf/riscv64-zephyr-elf/lib/./libc_nano.a(lib_a-fflush.o)
                0x000000000000cc34                _fflush_r
 .text.fprintf  0x000000000000cd10       0x48 /home/rui/zephyr-sdk-0.13.1/riscv64-zephyr-elf/riscv64-zephyr-elf/lib/./libc_nano.a(lib_a-fprintf.o)
                0x000000000000cd10                fprintf
                0x000000000000cd10                fiprintf
 .text._lseek_r
                0x000000000000cd58       0x54 /home/rui/zephyr-sdk-0.13.1/riscv64-zephyr-elf/riscv64-zephyr-elf/lib/./libc_nano.a(lib_a-lseekr.o)
                0x000000000000cd58                _lseek_r
 .text.__swhatbuf_r
                0x000000000000cdac       0x90 /home/rui/zephyr-sdk-0.13.1/riscv64-zephyr-elf/riscv64-zephyr-elf/lib/./libc_nano.a(lib_a-makebuf.o)
                0x000000000000cdac                __swhatbuf_r
 .text.__smakebuf_r
                0x000000000000ce3c       0xf0 /home/rui/zephyr-sdk-0.13.1/riscv64-zephyr-elf/riscv64-zephyr-elf/lib/./libc_nano.a(lib_a-makebuf.o)
                0x000000000000ce3c                __smakebuf_r
 .text.__ascii_mbtowc
                0x000000000000cf2c       0x5c /home/rui/zephyr-sdk-0.13.1/riscv64-zephyr-elf/riscv64-zephyr-elf/lib/./libc_nano.a(lib_a-mbtowc_r.o)
                0x000000000000cf2c                __ascii_mbtowc
 .text._read_r  0x000000000000cf88       0x54 /home/rui/zephyr-sdk-0.13.1/riscv64-zephyr-elf/riscv64-zephyr-elf/lib/./libc_nano.a(lib_a-readr.o)
                0x000000000000cf88                _read_r
 .text.__ascii_wctomb
                0x000000000000cfdc       0x30 /home/rui/zephyr-sdk-0.13.1/riscv64-zephyr-elf/riscv64-zephyr-elf/lib/./libc_nano.a(lib_a-wctomb_r.o)
                0x000000000000cfdc                __ascii_wctomb
 .text.abort    0x000000000000d00c       0x18 /home/rui/zephyr-sdk-0.13.1/riscv64-zephyr-elf/riscv64-zephyr-elf/lib/./libc_nano.a(lib_a-abort.o)
                0x000000000000d00c                abort
 .text._fstat_r
                0x000000000000d024       0x50 /home/rui/zephyr-sdk-0.13.1/riscv64-zephyr-elf/riscv64-zephyr-elf/lib/./libc_nano.a(lib_a-fstatr.o)
                0x000000000000d024                _fstat_r
 .text._isatty_r
                0x000000000000d074       0x4c /home/rui/zephyr-sdk-0.13.1/riscv64-zephyr-elf/riscv64-zephyr-elf/lib/./libc_nano.a(lib_a-isattyr.o)
                0x000000000000d074                _isatty_r
 .text._raise_r
                0x000000000000d0c0       0xb0 /home/rui/zephyr-sdk-0.13.1/riscv64-zephyr-elf/riscv64-zephyr-elf/lib/./libc_nano.a(lib_a-signal.o)
                0x000000000000d0c0                _raise_r
 .text.raise    0x000000000000d170       0x10 /home/rui/zephyr-sdk-0.13.1/riscv64-zephyr-elf/riscv64-zephyr-elf/lib/./libc_nano.a(lib_a-signal.o)
                0x000000000000d170                raise
 .text._kill_r  0x000000000000d180       0x50 /home/rui/zephyr-sdk-0.13.1/riscv64-zephyr-elf/riscv64-zephyr-elf/lib/./libc_nano.a(lib_a-signalr.o)
                0x000000000000d180                _kill_r
 .text._getpid_r
                0x000000000000d1d0        0x4 /home/rui/zephyr-sdk-0.13.1/riscv64-zephyr-elf/riscv64-zephyr-elf/lib/./libc_nano.a(lib_a-signalr.o)
                0x000000000000d1d0                _getpid_r
 *(SORT_BY_ALIGNMENT(.gnu.linkonce.t.*))
                0x000000000000d1d4                __text_region_end = .
                0x000000000000d1d4                __rodata_region_start = .

initlevel       0x000000000000d1d4       0x48
                0x000000000000d1d4                __init_start = .
                0x000000000000d1d4                __init_PRE_KERNEL_1_start = .
 *(SORT_BY_NAME(SORT_BY_ALIGNMENT(.z_init_PRE_KERNEL_1[0-9]_*)))
 *(SORT_BY_NAME(SORT_BY_ALIGNMENT(.z_init_PRE_KERNEL_1[1-9][0-9]_*)))
 .z_init_PRE_KERNEL_130_
                0x000000000000d1d4        0x8 zephyr/kernel/libkernel.a(kheap.c.obj)
 .z_init_PRE_KERNEL_140_
                0x000000000000d1dc        0x8 zephyr/drivers/interrupt_controller/libdrivers__interrupt_controller.a(intc_swerv_pic.c.obj)
 .z_init_PRE_KERNEL_150_
                0x000000000000d1e4        0x8 zephyr/libzephyr.a(soc.c.obj)
 .z_init_PRE_KERNEL_150_
                0x000000000000d1ec        0x8 zephyr/drivers/serial/libdrivers__serial.a(uart_ns16550.c.obj)
 .z_init_PRE_KERNEL_160_
                0x000000000000d1f4        0x8 zephyr/drivers/console/libdrivers__console.a(uart_console.c.obj)
                0x000000000000d1fc                __init_PRE_KERNEL_2_start = .
 *(SORT_BY_NAME(SORT_BY_ALIGNMENT(.z_init_PRE_KERNEL_2[0-9]_*)))
 .z_init_PRE_KERNEL_20_
                0x000000000000d1fc        0x8 zephyr/drivers/timer/libdrivers__timer.a(sys_clock_init.c.obj)
 *(SORT_BY_NAME(SORT_BY_ALIGNMENT(.z_init_PRE_KERNEL_2[1-9][0-9]_*)))
                0x000000000000d204                __init_POST_KERNEL_start = .
 *(SORT_BY_NAME(SORT_BY_ALIGNMENT(.z_init_POST_KERNEL[0-9]_*)))
 .z_init_POST_KERNEL0_
                0x000000000000d204        0x8 zephyr/libzephyr.a(soc.c.obj)
 *(SORT_BY_NAME(SORT_BY_ALIGNMENT(.z_init_POST_KERNEL[1-9][0-9]_*)))
 .z_init_POST_KERNEL40_
                0x000000000000d20c        0x8 zephyr/lib/libc/newlib/liblib__libc__newlib.a(libc-hooks.c.obj)
 .z_init_POST_KERNEL50_
                0x000000000000d214        0x8 zephyr/drivers/gpio/libdrivers__gpio.a(gpio_veerwolf.c.obj)
                0x000000000000d21c                __init_APPLICATION_start = .
 *(SORT_BY_NAME(SORT_BY_ALIGNMENT(.z_init_APPLICATION[0-9]_*)))
 *(SORT_BY_NAME(SORT_BY_ALIGNMENT(.z_init_APPLICATION[1-9][0-9]_*)))
                0x000000000000d21c                __init_SMP_start = .
 *(SORT_BY_NAME(SORT_BY_ALIGNMENT(.z_init_SMP[0-9]_*)))
 *(SORT_BY_NAME(SORT_BY_ALIGNMENT(.z_init_SMP[1-9][0-9]_*)))
                0x000000000000d21c                __init_end = .

devices         0x000000000000d21c       0x60
                0x000000000000d21c                __device_start = .
                0x000000000000d21c                __device_PRE_KERNEL_1_start = .
 *(SORT_BY_NAME(SORT_BY_ALIGNMENT(.z_device_PRE_KERNEL_1[0-9]_*)))
 *(SORT_BY_NAME(SORT_BY_ALIGNMENT(.z_device_PRE_KERNEL_1[1-9][0-9]_*)))
 .z_device_PRE_KERNEL_150_
                0x000000000000d21c       0x18 zephyr/libzephyr.a(soc.c.obj)
                0x000000000000d21c                __device_dts_ord_9
 .z_device_PRE_KERNEL_150_
                0x000000000000d234       0x18 zephyr/drivers/serial/libdrivers__serial.a(uart_ns16550.c.obj)
                0x000000000000d234                __device_dts_ord_11
                0x000000000000d24c                __device_PRE_KERNEL_2_start = .
 *(SORT_BY_NAME(SORT_BY_ALIGNMENT(.z_device_PRE_KERNEL_2[0-9]_*)))
 .z_device_PRE_KERNEL_20_
                0x000000000000d24c       0x18 zephyr/drivers/timer/libdrivers__timer.a(sys_clock_init.c.obj)
 *(SORT_BY_NAME(SORT_BY_ALIGNMENT(.z_device_PRE_KERNEL_2[1-9][0-9]_*)))
                0x000000000000d264                __device_POST_KERNEL_start = .
 *(SORT_BY_NAME(SORT_BY_ALIGNMENT(.z_device_POST_KERNEL[0-9]_*)))
 *(SORT_BY_NAME(SORT_BY_ALIGNMENT(.z_device_POST_KERNEL[1-9][0-9]_*)))
 .z_device_POST_KERNEL50_
                0x000000000000d264       0x18 zephyr/drivers/gpio/libdrivers__gpio.a(gpio_veerwolf.c.obj)
                0x000000000000d27c                __device_APPLICATION_start = .
 *(SORT_BY_NAME(SORT_BY_ALIGNMENT(.z_device_APPLICATION[0-9]_*)))
 *(SORT_BY_NAME(SORT_BY_ALIGNMENT(.z_device_APPLICATION[1-9][0-9]_*)))
                0x000000000000d27c                __device_SMP_start = .
 *(SORT_BY_NAME(SORT_BY_ALIGNMENT(.z_device_SMP[0-9]_*)))
 *(SORT_BY_NAME(SORT_BY_ALIGNMENT(.z_device_SMP[1-9][0-9]_*)))
                0x000000000000d27c                __device_end = .

sw_isr_table    0x000000000000d27c      0x200
                0x000000000000d27c                . = ALIGN (0x0)
 *(SORT_BY_ALIGNMENT(.gnu.linkonce.sw_isr_table*))
 .gnu.linkonce.sw_isr_table
                0x000000000000d27c      0x200 zephyr/CMakeFiles/zephyr_final.dir/isr_tables.c.obj
                0x000000000000d27c                _sw_isr_table

initlevel_error
                0x000000000000d1d4        0x0
 *(SORT_BY_NAME(SORT_BY_ALIGNMENT(.z_init_[_A-Z0-9]*)))
                0x0000000000000001                ASSERT ((SIZEOF (initlevel_error) == 0x0), Undefined initialization levels used.)

app_shmem_regions
                0x000000000000d47c        0x0
                0x000000000000d47c                __app_shmem_regions_start = .
 *(SORT_BY_NAME(SORT_BY_ALIGNMENT(.app_regions.*)))
                0x000000000000d47c                __app_shmem_regions_end = .

bt_l2cap_fixed_chan_area
                0x000000000000d47c        0x0
                0x000000000000d47c                _bt_l2cap_fixed_chan_list_start = .
 *(SORT_BY_NAME(SORT_BY_ALIGNMENT(._bt_l2cap_fixed_chan.static.*)))
                0x000000000000d47c                _bt_l2cap_fixed_chan_list_end = .

bt_gatt_service_static_area
                0x000000000000d47c        0x0
                0x000000000000d47c                _bt_gatt_service_static_list_start = .
 *(SORT_BY_NAME(SORT_BY_ALIGNMENT(._bt_gatt_service_static.static.*)))
                0x000000000000d47c                _bt_gatt_service_static_list_end = .

k_p4wq_initparam_area
                0x000000000000d47c        0x0
                0x000000000000d47c                _k_p4wq_initparam_list_start = .
 *(SORT_BY_NAME(SORT_BY_ALIGNMENT(._k_p4wq_initparam.static.*)))
                0x000000000000d47c                _k_p4wq_initparam_list_end = .

log_strings_sections
                0x000000000000d47c        0x0
                0x000000000000d47c                __log_strings_start = .
 *(SORT_BY_NAME(SORT_BY_ALIGNMENT(.log_strings*)))
                0x000000000000d47c                __log_strings_end = .

log_const_sections
                0x000000000000d47c        0x0
                0x000000000000d47c                __log_const_start = .
 *(SORT_BY_NAME(SORT_BY_ALIGNMENT(.log_const_*)))
                0x000000000000d47c                __log_const_end = .

log_backends_sections
                0x000000000000d47c        0x0
                0x000000000000d47c                __log_backends_start = .
 *(SORT_BY_ALIGNMENT(._log_backend.*))
                0x000000000000d47c                __log_backends_end = .

shell_area      0x000000000000d47c        0x0
                0x000000000000d47c                _shell_list_start = .
 *(SORT_BY_NAME(SORT_BY_ALIGNMENT(._shell.static.*)))
                0x000000000000d47c                _shell_list_end = .

shell_root_cmds_sections
                0x000000000000d47c        0x0
                0x000000000000d47c                __shell_root_cmds_start = .
 *(SORT_BY_NAME(SORT_BY_ALIGNMENT(.shell_root_cmd_*)))
                0x000000000000d47c                __shell_root_cmds_end = .

font_entry_sections
                0x000000000000d47c        0x0
                0x000000000000d47c                __font_entry_start = .
 *(SORT_BY_NAME(SORT_BY_ALIGNMENT(._cfb_font.*)))
                0x000000000000d47c                __font_entry_end = .

tracing_backend_area
                0x000000000000d47c        0x0
                0x000000000000d47c                _tracing_backend_list_start = .
 *(SORT_BY_NAME(SORT_BY_ALIGNMENT(._tracing_backend.static.*)))
                0x000000000000d47c                _tracing_backend_list_end = .

zephyr_dbg_info
 *(SORT_BY_ALIGNMENT(.dbg_thread_info))

device_handles  0x000000000000d47c       0x18
                0x000000000000d47c                __device_handles_start = .
 *(SORT_BY_NAME(SORT_BY_ALIGNMENT(.__device_handles_pass2*)))
 .__device_handles_pass2
                0x000000000000d47c       0x18 zephyr/CMakeFiles/zephyr_final.dir/dev_handles.c.obj
                0x000000000000d47c                __devicehdl_veerwolf_gpio_0
                0x000000000000d480                __devicehdl_sys_init_sys_clock_driver_init0
                0x000000000000d484                __devicehdl_DT_N_S_soc_S_uart_80002000
                0x000000000000d48c                __devicehdl_DT_N_S_leds_S_led
                0x000000000000d494                __device_handles_end = .

rodata          0x000000000000d498      0xb44
                0x000000000000d498                . = ALIGN (0x4)
 *(SORT_BY_ALIGNMENT(.srodata))
 *(SORT_BY_ALIGNMENT(.srodata.*))
 .srodata.cst8  0x000000000000d498        0x8 app/libapp.a(matrix.c.obj)
 .srodata.cst8  0x000000000000d4a0        0x8 /home/rui/zephyr-sdk-0.13.1/riscv64-zephyr-elf/riscv64-zephyr-elf/lib/./libc_nano.a(lib_a-nano-vfprintf_float.o)
 .srodata.cst8  0x000000000000d4a8       0x48 /home/rui/zephyr-sdk-0.13.1/riscv64-zephyr-elf/riscv64-zephyr-elf/lib/./libc_nano.a(lib_a-dtoa.o)
 .srodata.cst4  0x000000000000d4f0        0x4 app/libapp.a(matrix.c.obj)
 .srodata.uart_ns16550_dev_cfg_0
                0x000000000000d4f4        0x8 zephyr/drivers/serial/libdrivers__serial.a(uart_ns16550.c.obj)
 .srodata._k_neg_eagain
                0x000000000000d4fc        0x4 zephyr/kernel/libkernel.a(errno.c.obj)
                0x000000000000d4fc                _k_neg_eagain
 .srodata._global_impure_ptr
                0x000000000000d500        0x4 /home/rui/zephyr-sdk-0.13.1/riscv64-zephyr-elf/riscv64-zephyr-elf/lib/./libc_nano.a(lib_a-impure.o)
                0x000000000000d500                _global_impure_ptr
 *(SORT_BY_ALIGNMENT(.rodata))
 .rodata        0x000000000000d504      0x100 /home/rui/zephyr-sdk-0.13.1/riscv64-zephyr-elf/bin/../lib/gcc/riscv64-zephyr-elf/10.3.0/libgcc.a(_clz.o)
                0x000000000000d504                __clz_tab
 .rodata        0x000000000000d604       0x3c /home/rui/zephyr-sdk-0.13.1/riscv64-zephyr-elf/bin/../lib/gcc/riscv64-zephyr-elf/10.3.0/libgcc.a(divdf3.o)
 .rodata        0x000000000000d640       0x3c /home/rui/zephyr-sdk-0.13.1/riscv64-zephyr-elf/bin/../lib/gcc/riscv64-zephyr-elf/10.3.0/libgcc.a(muldf3.o)
 .rodata        0x000000000000d67c       0x3c /home/rui/zephyr-sdk-0.13.1/riscv64-zephyr-elf/bin/../lib/gcc/riscv64-zephyr-elf/10.3.0/libgcc.a(divsf3.o)
 *(SORT_BY_ALIGNMENT(.rodata.*))
 .rodata.__mprec_bigtens
                0x000000000000d6b8       0x28 /home/rui/zephyr-sdk-0.13.1/riscv64-zephyr-elf/riscv64-zephyr-elf/lib/./libc_nano.a(lib_a-mprec.o)
                0x000000000000d6b8                __mprec_bigtens
 .rodata.__mprec_tens
                0x000000000000d6e0       0xc8 /home/rui/zephyr-sdk-0.13.1/riscv64-zephyr-elf/riscv64-zephyr-elf/lib/./libc_nano.a(lib_a-mprec.o)
                0x000000000000d6e0                __mprec_tens
 .rodata.thread_reset.str1.4
                0x000000000000d7a8       0xcb app/libapp.a(main.c.obj)
 *fill*         0x000000000000d873        0x1 
 .rodata.main.str1.4
                0x000000000000d874      0x186 app/libapp.a(main.c.obj)
 *fill*         0x000000000000d9fa        0x2 
 .rodata.verify_queue.str1.4
                0x000000000000d9fc       0x22 app/libapp.a(matrix.c.obj)
 *fill*         0x000000000000da1e        0x2 
 .rodata.push_matmul.str1.4
                0x000000000000da20       0x23 app/libapp.a(matrix.c.obj)
 *fill*         0x000000000000da43        0x1 
 .rodata.fill_queue.str1.4
                0x000000000000da44       0x29 app/libapp.a(matrix.c.obj)
 *fill*         0x000000000000da6d        0x3 
 .rodata.pop_matmul.str1.4
                0x000000000000da70       0x11 app/libapp.a(matrix.c.obj)
 *fill*         0x000000000000da81        0x3 
 .rodata.cbvprintf.str1.4
                0x000000000000da84        0x6 zephyr/libzephyr.a(cbprintf_complete.c.obj)
 *fill*         0x000000000000da8a        0x2 
 .rodata.cbvprintf
                0x000000000000da8c       0xfc zephyr/libzephyr.a(cbprintf_complete.c.obj)
 .rodata.str1.4
                0x000000000000db88        0x8 zephyr/libzephyr.a(soc.c.obj)
 .rodata.dts_ord_9_cfg
                0x000000000000db90        0xc zephyr/libzephyr.a(soc.c.obj)
 .rodata._exit.str1.4
                0x000000000000db9c        0x6 zephyr/lib/libc/newlib/liblib__libc__newlib.a(libc-hooks.c.obj)
 *fill*         0x000000000000dba2        0x2 
 .rodata.gpio_mmio32_api
                0x000000000000dba4       0x24 zephyr/drivers/gpio/libdrivers__gpio.a(gpio_mmio32.c.obj)
                0x000000000000dba4                gpio_mmio32_api
 .rodata.str1.4
                0x000000000000dbc8        0x5 zephyr/drivers/gpio/libdrivers__gpio.a(gpio_veerwolf.c.obj)
 *fill*         0x000000000000dbcd        0x3 
 .rodata.gpio_veerwolf_cfg_0
                0x000000000000dbd0        0xc zephyr/drivers/gpio/libdrivers__gpio.a(gpio_veerwolf.c.obj)
 .rodata.gpio_veerwolf_driver_api
                0x000000000000dbdc       0x24 zephyr/drivers/gpio/libdrivers__gpio.a(gpio_veerwolf.c.obj)
 .rodata.str1.4
                0x000000000000dc00        0x6 zephyr/drivers/serial/libdrivers__serial.a(uart_ns16550.c.obj)
 *fill*         0x000000000000dc06        0x2 
 .rodata.uart_ns16550_driver_api
                0x000000000000dc08       0x14 zephyr/drivers/serial/libdrivers__serial.a(uart_ns16550.c.obj)
 .rodata.str1.4
                0x000000000000dc1c        0xa zephyr/drivers/timer/libdrivers__timer.a(sys_clock_init.c.obj)
 *fill*         0x000000000000dc26        0x2 
 .rodata.levels.0
                0x000000000000dc28       0x14 zephyr/kernel/libkernel.a(device.c.obj)
 .rodata.z_cstart.str1.4
                0x000000000000dc3c        0x5 zephyr/kernel/libkernel.a(init.c.obj)
 *fill*         0x000000000000dc41        0x3 
 .rodata.boot_banner.str1.4
                0x000000000000dc44       0x2f zephyr/kernel/libkernel.a(banner.c.obj)
                                         0x33 (size before relaxing)
 *fill*         0x000000000000dc73        0x1 
 .rodata._ctype_
                0x000000000000dc74      0x101 /home/rui/zephyr-sdk-0.13.1/riscv64-zephyr-elf/riscv64-zephyr-elf/lib/./libc_nano.a(lib_a-ctype_.o)
                0x000000000000dc74                _ctype_
 *fill*         0x000000000000dd75        0x3 
 .rodata._printf_float.str1.4
                0x000000000000dd78       0x10 /home/rui/zephyr-sdk-0.13.1/riscv64-zephyr-elf/riscv64-zephyr-elf/lib/./libc_nano.a(lib_a-nano-vfprintf_float.o)
                                         0x12 (size before relaxing)
 .rodata._printf_i.str1.4
                0x000000000000dd88       0x25 /home/rui/zephyr-sdk-0.13.1/riscv64-zephyr-elf/riscv64-zephyr-elf/lib/./libc_nano.a(lib_a-nano-vfprintf_i.o)
 *fill*         0x000000000000ddad        0x3 
 .rodata._printf_i
                0x000000000000ddb0       0x58 /home/rui/zephyr-sdk-0.13.1/riscv64-zephyr-elf/riscv64-zephyr-elf/lib/./libc_nano.a(lib_a-nano-vfprintf_i.o)
 .rodata._dtoa_r.str1.4
                0x000000000000de08       0x9d /home/rui/zephyr-sdk-0.13.1/riscv64-zephyr-elf/riscv64-zephyr-elf/lib/./libc_nano.a(lib_a-dtoa.o)
                                         0xa1 (size before relaxing)
 *fill*         0x000000000000dea5        0x3 
 .rodata.__sf_fake_stderr
                0x000000000000dea8       0x20 /home/rui/zephyr-sdk-0.13.1/riscv64-zephyr-elf/riscv64-zephyr-elf/lib/./libc_nano.a(lib_a-findfp.o)
                0x000000000000dea8                __sf_fake_stderr
 .rodata.__sf_fake_stdin
                0x000000000000dec8       0x20 /home/rui/zephyr-sdk-0.13.1/riscv64-zephyr-elf/riscv64-zephyr-elf/lib/./libc_nano.a(lib_a-findfp.o)
                0x000000000000dec8                __sf_fake_stdin
 .rodata.__sf_fake_stdout
                0x000000000000dee8       0x20 /home/rui/zephyr-sdk-0.13.1/riscv64-zephyr-elf/riscv64-zephyr-elf/lib/./libc_nano.a(lib_a-findfp.o)
                0x000000000000dee8                __sf_fake_stdout
 .rodata._Balloc.str1.4
                0x000000000000df08       0x62 /home/rui/zephyr-sdk-0.13.1/riscv64-zephyr-elf/riscv64-zephyr-elf/lib/./libc_nano.a(lib_a-mprec.o)
                                         0x7a (size before relaxing)
 .rodata.__multadd.str1.4
                0x000000000000df6a       0x11 /home/rui/zephyr-sdk-0.13.1/riscv64-zephyr-elf/riscv64-zephyr-elf/lib/./libc_nano.a(lib_a-mprec.o)
 *fill*         0x000000000000df6a        0x2 
 .rodata.p05.0  0x000000000000df6c        0xc /home/rui/zephyr-sdk-0.13.1/riscv64-zephyr-elf/riscv64-zephyr-elf/lib/./libc_nano.a(lib_a-mprec.o)
 .rodata._vfprintf_r.str1.4
                0x000000000000df78       0x13 /home/rui/zephyr-sdk-0.13.1/riscv64-zephyr-elf/riscv64-zephyr-elf/lib/./libc_nano.a(lib_a-nano-vfprintf.o)
 *fill*         0x000000000000df8b        0x1 
 .rodata.__assert_func.str1.4
                0x000000000000df8c       0x3f /home/rui/zephyr-sdk-0.13.1/riscv64-zephyr-elf/riscv64-zephyr-elf/lib/./libc_nano.a(lib_a-assert.o)
                                         0x43 (size before relaxing)
 *fill*         0x000000000000dfcb        0x1 
 .rodata._setlocale_r.str1.4
                0x000000000000dfcc        0xa /home/rui/zephyr-sdk-0.13.1/riscv64-zephyr-elf/riscv64-zephyr-elf/lib/./libc_nano.a(lib_a-locale.o)
                                          0xd (size before relaxing)
 *fill*         0x000000000000dfd6        0x2 
 .rodata.str1.4
                0x000000000000dfd8        0x2 /home/rui/zephyr-sdk-0.13.1/riscv64-zephyr-elf/riscv64-zephyr-elf/lib/./libc_nano.a(lib_a-locale.o)
 *(SORT_BY_ALIGNMENT(.gnu.linkonce.r.*))
 *(SORT_BY_ALIGNMENT(.sdata2) SORT_BY_ALIGNMENT(.sdata2.*) SORT_BY_ALIGNMENT(.gnu.linkonce.s2.*))
                0x000000000000dfdc                . = ALIGN (0x4)
 *fill*         0x000000000000dfda        0x2 
                0x000000000000dfdc                __rodata_region_end = .
                0x000000000000dfdc                . = ALIGN (0x4)

bss             0x000000000000dfe0      0x52c
                0x000000000000dfe0                . = ALIGN (0x4)
                0x000000000000dfe0                __bss_start = .
                0x000000000000dfe0                _image_ram_start = .
                0x000000000000dfe0                __kernel_ram_start = .
 *(SORT_BY_ALIGNMENT(.sbss))
 *(SORT_BY_ALIGNMENT(.sbss.*))
 .sbss.last_count
                0x000000000000dfe0        0x8 zephyr/drivers/timer/libdrivers__timer.a(riscv_machine_timer.c.obj)
 .sbss.curr_tick
                0x000000000000dfe8        0x8 zephyr/kernel/libkernel.a(timeout.c.obj)
 .sbss.completedHead
                0x000000000000dff0        0x4 app/libapp.a(main.c.obj)
                0x000000000000dff0                completedHead
 .sbss.finish_hw_ms
                0x000000000000dff4        0x4 app/libapp.a(main.c.obj)
                0x000000000000dff4                finish_hw_ms
 .sbss.head     0x000000000000dff8        0x4 app/libapp.a(main.c.obj)
                0x000000000000dff8                head
 .sbss.start_hw_ms
                0x000000000000dffc        0x4 app/libapp.a(main.c.obj)
                0x000000000000dffc                start_hw_ms
 .sbss.time_hw  0x000000000000e000        0x4 app/libapp.a(main.c.obj)
                0x000000000000e000                time_hw
 .sbss.time_p   0x000000000000e004        0x4 app/libapp.a(main.c.obj)
                0x000000000000e004                time_p
 .sbss.dts_ord_9_ctx
                0x000000000000e008        0x8 zephyr/libzephyr.a(soc.c.obj)
 .sbss.heap_sz  0x000000000000e010        0x4 zephyr/lib/libc/newlib/liblib__libc__newlib.a(libc-hooks.c.obj)
 .sbss._rand32_counter
                0x000000000000e014        0x4 zephyr/subsys/random/libsubsys__random.a(rand32_timer.c.obj)
 .sbss.save_irq
                0x000000000000e018        0x4 zephyr/drivers/interrupt_controller/libdrivers__interrupt_controller.a(intc_swerv_pic.c.obj)
 .sbss.uart_console_dev
                0x000000000000e01c        0x4 zephyr/drivers/console/libdrivers__console.a(uart_console.c.obj)
 .sbss.gpio_veerwolf_data_0
                0x000000000000e020        0x4 zephyr/drivers/gpio/libdrivers__gpio.a(gpio_veerwolf.c.obj)
 .sbss.slice_max_prio
                0x000000000000e024        0x4 zephyr/kernel/libkernel.a(sched.c.obj)
 .sbss.slice_time
                0x000000000000e028        0x4 zephyr/kernel/libkernel.a(sched.c.obj)
 .sbss.announce_remaining
                0x000000000000e02c        0x4 zephyr/kernel/libkernel.a(timeout.c.obj)
 .sbss.__malloc_free_list
                0x000000000000e030        0x4 /home/rui/zephyr-sdk-0.13.1/riscv64-zephyr-elf/riscv64-zephyr-elf/lib/./libc_nano.a(lib_a-nano-mallocr.o)
                0x000000000000e030                __malloc_free_list
 .sbss.__malloc_sbrk_start
                0x000000000000e034        0x4 /home/rui/zephyr-sdk-0.13.1/riscv64-zephyr-elf/riscv64-zephyr-elf/lib/./libc_nano.a(lib_a-nano-mallocr.o)
                0x000000000000e034                __malloc_sbrk_start
 .sbss.errno    0x000000000000e038        0x4 /home/rui/zephyr-sdk-0.13.1/riscv64-zephyr-elf/riscv64-zephyr-elf/lib/./libc_nano.a(lib_a-reent.o)
                0x000000000000e038                errno
 .sbss.z_sys_post_kernel
                0x000000000000e03c        0x1 zephyr/kernel/libkernel.a(init.c.obj)
                0x000000000000e03c                z_sys_post_kernel
 *(SORT_BY_ALIGNMENT(.bss))
 *(SORT_BY_ALIGNMENT(.bss.*))
 *fill*         0x000000000000e03d        0x3 
 .bss.threads   0x000000000000e040      0x380 app/libapp.a(main.c.obj)
 .bss.z_idle_threads
                0x000000000000e3c0       0x80 zephyr/kernel/libkernel.a(init.c.obj)
                0x000000000000e3c0                z_idle_threads
 .bss.z_main_thread
                0x000000000000e440       0x80 zephyr/kernel/libkernel.a(init.c.obj)
                0x000000000000e440                z_main_thread
 .bss.completed
                0x000000000000e4c0       0x14 app/libapp.a(main.c.obj)
                0x000000000000e4c0                completed
 .bss.thread_ids
                0x000000000000e4d4       0x14 app/libapp.a(main.c.obj)
                0x000000000000e4d4                thread_ids
 .bss._kernel   0x000000000000e4e8       0x24 zephyr/kernel/libkernel.a(init.c.obj)
                0x000000000000e4e8                _kernel
 .bss.lock      0x000000000000e50c        0x0 zephyr/kernel/libkernel.a(mutex.c.obj)
 .bss.lock      0x000000000000e50c        0x0 zephyr/kernel/libkernel.a(sem.c.obj)
 .bss.sched_spinlock
                0x000000000000e50c        0x0 zephyr/kernel/libkernel.a(sched.c.obj)
                0x000000000000e50c                sched_spinlock
 *(SORT_BY_ALIGNMENT(COMMON))
                0x000000000000e50c                __bss_end = ALIGN (0x4)

noinit          0x000000000000e510   0x502aa0
 *(SORT_BY_ALIGNMENT(.noinit))
 *(SORT_BY_ALIGNMENT(.noinit.*))
 .noinit."WEST_TOPDIR/zephyr/samples/my_zephyr_app/matmulUC3/main.c".0
                0x000000000000e510     0x1c00 app/libapp.a(main.c.obj)
 .noinit."WEST_TOPDIR/zephyr/kernel/init.c".0
                0x0000000000010110      0x400 zephyr/kernel/libkernel.a(init.c.obj)
                0x0000000000010110                z_main_stack
 .noinit."WEST_TOPDIR/zephyr/kernel/init.c".1
                0x0000000000010510      0x200 zephyr/kernel/libkernel.a(init.c.obj)
 .noinit."WEST_TOPDIR/zephyr/kernel/init.c".2
                0x0000000000010710      0x800 zephyr/kernel/libkernel.a(init.c.obj)
                0x0000000000010710                z_interrupt_stacks
 .noinit."WEST_TOPDIR/zephyr/kernel/mempool.c".kheap_buf__system_heap
                0x0000000000010f10   0x500000 zephyr/kernel/libkernel.a(mempool.c.obj)
                0x0000000000010f10                kheap__system_heap
 .noinit."WEST_TOPDIR/zephyr/samples/my_zephyr_app/matmulUC3/main.c".1
                0x0000000000510f10       0x50 app/libapp.a(main.c.obj)
 .noinit."WEST_TOPDIR/zephyr/samples/my_zephyr_app/matmulUC3/main.c".2
                0x0000000000510f60       0x50 app/libapp.a(main.c.obj)

datas           0x0000000000510fb0      0x1fc
                0x0000000000510fb0                . = ALIGN (0x4)
                0x0000000000510fb0                __data_region_start = .
                0x0000000000510fb0                __data_start = .
 *(SORT_BY_ALIGNMENT(.data))
 *(SORT_BY_ALIGNMENT(.data.*))
 .data.impure_data
                0x0000000000510fb0       0x60 /home/rui/zephyr-sdk-0.13.1/riscv64-zephyr-elf/riscv64-zephyr-elf/lib/./libc_nano.a(lib_a-impure.o)
 .data.__global_locale
                0x0000000000511010      0x16c /home/rui/zephyr-sdk-0.13.1/riscv64-zephyr-elf/riscv64-zephyr-elf/lib/./libc_nano.a(lib_a-locale.o)
                0x0000000000511010                __global_locale
 *(SORT_BY_ALIGNMENT(.sdata) SORT_BY_ALIGNMENT(.sdata.*) SORT_BY_ALIGNMENT(.gnu.linkonce.s.*))
 .sdata.acceleratorGIER
                0x000000000051117c        0x4 app/libapp.a(main.c.obj)
                0x000000000051117c                acceleratorGIER
 .sdata.acceleratorIP_IER
                0x0000000000511180        0x4 app/libapp.a(main.c.obj)
                0x0000000000511180                acceleratorIP_IER
 .sdata.acceleratorIP_ISR
                0x0000000000511184        0x4 app/libapp.a(main.c.obj)
                0x0000000000511184                acceleratorIP_ISR
 .sdata._char_out
                0x0000000000511188        0x4 zephyr/libzephyr.a(printk.c.obj)
                0x0000000000511188                _char_out
 .sdata._stdin_hook
                0x000000000051118c        0x4 zephyr/lib/libc/newlib/liblib__libc__newlib.a(libc-hooks.c.obj)
 .sdata._stdout_hook
                0x0000000000511190        0x4 zephyr/lib/libc/newlib/liblib__libc__newlib.a(libc-hooks.c.obj)
 .sdata.uart_ns16550_dev_data_0
                0x0000000000511194        0x8 zephyr/drivers/serial/libdrivers__serial.a(uart_ns16550.c.obj)
 .sdata.timeout_list
                0x000000000051119c        0x8 zephyr/kernel/libkernel.a(timeout.c.obj)
 .sdata.z_clock_hw_cycles_per_sec
                0x00000000005111a4        0x4 zephyr/kernel/libkernel.a(timeout.c.obj)
                0x00000000005111a4                z_clock_hw_cycles_per_sec
 .sdata._impure_ptr
                0x00000000005111a8        0x4 /home/rui/zephyr-sdk-0.13.1/riscv64-zephyr-elf/riscv64-zephyr-elf/lib/./libc_nano.a(lib_a-impure.o)
                0x00000000005111a8                _impure_ptr
                0x00000000005111ac                __data_end = .
                0x00000000000001fc                __data_size = (__data_end - __data_start)
                0x0000000000510fb0                __data_load_start = LOADADDR (datas)
                0x0000000000510fb0                __data_region_load_start = LOADADDR (datas)

device_states   0x00000000005111ac       0x10
                0x00000000005111ac                __device_states_start = .
 *(SORT_BY_ALIGNMENT(.z_devstate))
 .z_devstate    0x00000000005111ac        0x4 zephyr/libzephyr.a(soc.c.obj)
 .z_devstate    0x00000000005111b0        0x4 zephyr/drivers/gpio/libdrivers__gpio.a(gpio_veerwolf.c.obj)
 .z_devstate    0x00000000005111b4        0x4 zephyr/drivers/serial/libdrivers__serial.a(uart_ns16550.c.obj)
 .z_devstate    0x00000000005111b8        0x4 zephyr/drivers/timer/libdrivers__timer.a(sys_clock_init.c.obj)
 *(SORT_BY_ALIGNMENT(.z_devstate.*))
                0x00000000005111bc                __device_states_end = .

initshell       0x00000000005111bc        0x0
                0x00000000005111bc                __shell_module_start = .
 *(SORT_BY_ALIGNMENT(.shell_module_*))
                0x00000000005111bc                __shell_module_end = .
                0x00000000005111bc                __shell_cmd_start = .
 *(SORT_BY_ALIGNMENT(.shell_cmd_*))
                0x00000000005111bc                __shell_cmd_end = .

log_dynamic_sections
                0x00000000005111bc        0x0
                0x00000000005111bc                __log_dynamic_start = .
 *(SORT_BY_NAME(SORT_BY_ALIGNMENT(.log_dynamic_*)))
                0x00000000005111bc                __log_dynamic_end = .

_static_thread_data_area
                0x00000000005111bc        0x0
                0x00000000005111bc                __static_thread_data_list_start = .
 *(SORT_BY_NAME(SORT_BY_ALIGNMENT(.__static_thread_data.static.*)))
                0x00000000005111bc                __static_thread_data_list_end = .

k_timer_area    0x00000000005111bc        0x0
                0x00000000005111bc                _k_timer_list_start = .
 *(SORT_BY_NAME(SORT_BY_ALIGNMENT(._k_timer.static.*)))
                0x00000000005111bc                _k_timer_list_end = .

k_mem_slab_area
                0x00000000005111bc        0x0
                0x00000000005111bc                _k_mem_slab_list_start = .
 *(SORT_BY_NAME(SORT_BY_ALIGNMENT(._k_mem_slab.static.*)))
                0x00000000005111bc                _k_mem_slab_list_end = .

k_mem_pool_area
                0x00000000005111bc        0x0
                0x00000000005111bc                _k_mem_pool_list_start = .
 *(SORT_BY_NAME(SORT_BY_ALIGNMENT(._k_mem_pool.static.*)))
                0x00000000005111bc                _k_mem_pool_list_end = .

k_heap_area     0x00000000005111bc       0x14
                0x00000000005111bc                _k_heap_list_start = .
 *(SORT_BY_NAME(SORT_BY_ALIGNMENT(._k_heap.static.*)))
 ._k_heap.static._system_heap
                0x00000000005111bc       0x14 zephyr/kernel/libkernel.a(mempool.c.obj)
                0x00000000005111bc                _system_heap
                0x00000000005111d0                _k_heap_list_end = .

k_mutex_area    0x00000000005111d0       0x64
                0x00000000005111d0                _k_mutex_list_start = .
 *(SORT_BY_NAME(SORT_BY_ALIGNMENT(._k_mutex.static.*)))
 ._k_mutex.static.__lock___malloc_recursive_mutex
                0x00000000005111d0       0x14 zephyr/lib/libc/newlib/liblib__libc__newlib.a(libc-hooks.c.obj)
                0x00000000005111d0                __lock___malloc_recursive_mutex
 ._k_mutex.static.__lock___sfp_recursive_mutex
                0x00000000005111e4       0x14 zephyr/lib/libc/newlib/liblib__libc__newlib.a(libc-hooks.c.obj)
                0x00000000005111e4                __lock___sfp_recursive_mutex
 ._k_mutex.static.__lock___sinit_recursive_mutex
                0x00000000005111f8       0x14 zephyr/lib/libc/newlib/liblib__libc__newlib.a(libc-hooks.c.obj)
                0x00000000005111f8                __lock___sinit_recursive_mutex
 ._k_mutex.static.completedHead_mutex
                0x000000000051120c       0x14 app/libapp.a(main.c.obj)
                0x000000000051120c                completedHead_mutex
 ._k_mutex.static.head_mutex
                0x0000000000511220       0x14 app/libapp.a(main.c.obj)
                0x0000000000511220                head_mutex
                0x0000000000511234                _k_mutex_list_end = .

k_stack_area    0x0000000000511234        0x0
                0x0000000000511234                _k_stack_list_start = .
 *(SORT_BY_NAME(SORT_BY_ALIGNMENT(._k_stack.static.*)))
                0x0000000000511234                _k_stack_list_end = .

k_msgq_area     0x0000000000511234       0x50
                0x0000000000511234                _k_msgq_list_start = .
 *(SORT_BY_NAME(SORT_BY_ALIGNMENT(._k_msgq.static.*)))
 ._k_msgq.static.accel_msgq
                0x0000000000511234       0x28 app/libapp.a(main.c.obj)
                0x0000000000511234                accel_msgq
 ._k_msgq.static.reply_msgq
                0x000000000051125c       0x28 app/libapp.a(main.c.obj)
                0x000000000051125c                reply_msgq
                0x0000000000511284                _k_msgq_list_end = .

k_mbox_area     0x0000000000511284        0x0
                0x0000000000511284                _k_mbox_list_start = .
 *(SORT_BY_NAME(SORT_BY_ALIGNMENT(._k_mbox.static.*)))
                0x0000000000511284                _k_mbox_list_end = .

k_pipe_area     0x0000000000511284        0x0
                0x0000000000511284                _k_pipe_list_start = .
 *(SORT_BY_NAME(SORT_BY_ALIGNMENT(._k_pipe.static.*)))
                0x0000000000511284                _k_pipe_list_end = .

k_sem_area      0x0000000000511284       0x10
                0x0000000000511284                _k_sem_list_start = .
 *(SORT_BY_NAME(SORT_BY_ALIGNMENT(._k_sem.static.*)))
 ._k_sem.static.accel_sem
                0x0000000000511284       0x10 app/libapp.a(main.c.obj)
                0x0000000000511284                accel_sem
                0x0000000000511294                _k_sem_list_end = .

k_queue_area    0x0000000000511294        0x0
                0x0000000000511294                _k_queue_list_start = .
 *(SORT_BY_NAME(SORT_BY_ALIGNMENT(._k_queue.static.*)))
                0x0000000000511294                _k_queue_list_end = .

k_condvar_area  0x0000000000511294        0x0
                0x0000000000511294                _k_condvar_list_start = .
 *(SORT_BY_NAME(SORT_BY_ALIGNMENT(._k_condvar.static.*)))
                0x0000000000511294                _k_condvar_list_end = .

_net_buf_pool_area
                0x0000000000511294        0x0
                0x0000000000511294                _net_buf_pool_list = .
 *(SORT_BY_NAME(SORT_BY_ALIGNMENT(._net_buf_pool.static.*)))
                0x0000000000511294                __data_region_end = .
                0x0000000000511294                _image_ram_end = .
                0x0000000000511294                _end = .
                0x0000000000511294                __kernel_ram_end = .
                0x00000000005032b4                __kernel_ram_size = (__kernel_ram_end - __kernel_ram_start)

/DISCARD/
 *(SORT_BY_ALIGNMENT(.irq_info*))
 *(SORT_BY_ALIGNMENT(.intList*))
 *(SORT_BY_ALIGNMENT(.note.GNU-stack))

.stab
 *(SORT_BY_ALIGNMENT(.stab))

.stabstr
 *(SORT_BY_ALIGNMENT(.stabstr))

.stab.excl
 *(SORT_BY_ALIGNMENT(.stab.excl))

.stab.exclstr
 *(SORT_BY_ALIGNMENT(.stab.exclstr))

.stab.index
 *(SORT_BY_ALIGNMENT(.stab.index))

.stab.indexstr
 *(SORT_BY_ALIGNMENT(.stab.indexstr))

.gnu.build.attributes
 *(SORT_BY_ALIGNMENT(.gnu.build.attributes) SORT_BY_ALIGNMENT(.gnu.build.attributes.*))

.comment        0x0000000000000000       0x2e
 *(SORT_BY_ALIGNMENT(.comment))
 .comment       0x0000000000000000       0x2e zephyr/CMakeFiles/zephyr_final.dir/isr_tables.c.obj
                                         0x2f (size before relaxing)
 .comment       0x000000000000002e       0x2f zephyr/CMakeFiles/zephyr_final.dir/dev_handles.c.obj
 .comment       0x000000000000002e       0x2f zephyr/CMakeFiles/offsets.dir/./arch/riscv/core/offsets/offsets.c.obj
 .comment       0x000000000000002e       0x2f app/libapp.a(main.c.obj)
 .comment       0x000000000000002e       0x2f app/libapp.a(matrix.c.obj)
 .comment       0x000000000000002e       0x2f app/libapp.a(multiply.c.obj)
 .comment       0x000000000000002e       0x2f zephyr/libzephyr.a(printk.c.obj)
 .comment       0x000000000000002e       0x2f zephyr/libzephyr.a(thread_entry.c.obj)
 .comment       0x000000000000002e       0x2f zephyr/libzephyr.a(heap.c.obj)
 .comment       0x000000000000002e       0x2f zephyr/libzephyr.a(cbprintf_complete.c.obj)
 .comment       0x000000000000002e       0x2f zephyr/libzephyr.a(configs.c.obj)
 .comment       0x000000000000002e       0x2f zephyr/libzephyr.a(irq.c.obj)
 .comment       0x000000000000002e       0x2f zephyr/libzephyr.a(soc.c.obj)
 .comment       0x000000000000002e       0x2f zephyr/arch/arch/riscv/core/libarch__riscv__core.a(cpu_idle.c.obj)
 .comment       0x000000000000002e       0x2f zephyr/arch/arch/riscv/core/libarch__riscv__core.a(fatal.c.obj)
 .comment       0x000000000000002e       0x2f zephyr/arch/arch/riscv/core/libarch__riscv__core.a(irq_manage.c.obj)
 .comment       0x000000000000002e       0x2f zephyr/arch/arch/riscv/core/libarch__riscv__core.a(prep_c.c.obj)
 .comment       0x000000000000002e       0x2f zephyr/arch/arch/riscv/core/libarch__riscv__core.a(thread.c.obj)
 .comment       0x000000000000002e       0x2f zephyr/lib/libc/newlib/liblib__libc__newlib.a(libc-hooks.c.obj)
 .comment       0x000000000000002e       0x2f zephyr/subsys/random/libsubsys__random.a(rand32_timer.c.obj)
 .comment       0x000000000000002e       0x2f zephyr/drivers/interrupt_controller/libdrivers__interrupt_controller.a(intc_swerv_pic.c.obj)
 .comment       0x000000000000002e       0x2f zephyr/drivers/console/libdrivers__console.a(uart_console.c.obj)
 .comment       0x000000000000002e       0x2f zephyr/drivers/gpio/libdrivers__gpio.a(gpio_mmio32.c.obj)
 .comment       0x000000000000002e       0x2f zephyr/drivers/gpio/libdrivers__gpio.a(gpio_veerwolf.c.obj)
 .comment       0x000000000000002e       0x2f zephyr/drivers/serial/libdrivers__serial.a(uart_ns16550.c.obj)
 .comment       0x000000000000002e       0x2f zephyr/drivers/timer/libdrivers__timer.a(sys_clock_init.c.obj)
 .comment       0x000000000000002e       0x2f zephyr/drivers/timer/libdrivers__timer.a(riscv_machine_timer.c.obj)
 .comment       0x000000000000002e       0x2f zephyr/kernel/libkernel.a(device.c.obj)
 .comment       0x000000000000002e       0x2f zephyr/kernel/libkernel.a(errno.c.obj)
 .comment       0x000000000000002e       0x2f zephyr/kernel/libkernel.a(fatal.c.obj)
 .comment       0x000000000000002e       0x2f zephyr/kernel/libkernel.a(init.c.obj)
 .comment       0x000000000000002e       0x2f zephyr/kernel/libkernel.a(thread.c.obj)
 .comment       0x000000000000002e       0x2f zephyr/kernel/libkernel.a(idle.c.obj)
 .comment       0x000000000000002e       0x2f zephyr/kernel/libkernel.a(msg_q.c.obj)
 .comment       0x000000000000002e       0x2f zephyr/kernel/libkernel.a(mutex.c.obj)
 .comment       0x000000000000002e       0x2f zephyr/kernel/libkernel.a(sem.c.obj)
 .comment       0x000000000000002e       0x2f zephyr/kernel/libkernel.a(sched.c.obj)
 .comment       0x000000000000002e       0x2f zephyr/kernel/libkernel.a(timeout.c.obj)
 .comment       0x000000000000002e       0x2f zephyr/kernel/libkernel.a(atomic_c.c.obj)
 .comment       0x000000000000002e       0x2f zephyr/kernel/libkernel.a(mempool.c.obj)
 .comment       0x000000000000002e       0x2f zephyr/kernel/libkernel.a(banner.c.obj)
 .comment       0x000000000000002e       0x2f zephyr/kernel/libkernel.a(kheap.c.obj)

.debug
 *(SORT_BY_ALIGNMENT(.debug))

.line
 *(SORT_BY_ALIGNMENT(.line))

.debug_srcinfo
 *(SORT_BY_ALIGNMENT(.debug_srcinfo))

.debug_sfnames
 *(SORT_BY_ALIGNMENT(.debug_sfnames))

.debug_aranges  0x0000000000000000      0xe10
 *(SORT_BY_ALIGNMENT(.debug_aranges))
 .debug_aranges
                0x0000000000000000       0x28 zephyr/libzephyr.a(soc_irq.S.obj)
 .debug_aranges
                0x0000000000000028       0x20 zephyr/libzephyr.a(vector.S.obj)
 .debug_aranges
                0x0000000000000048       0x20 zephyr/arch/arch/riscv/core/libarch__riscv__core.a(isr.S.obj)